
Optional file libmchp_peripheral.a not found

Optional file libmchp_peripheral_32MX470F512L.a not found
Archive member included because of file (symbol)

c:/program files (x86)/microchip/xc32/v2.30/bin/bin/../../lib/gcc/pic32mx/4.8.3/../../../../pic32mx/lib\libpic32.a(memcpy.o)
                              build/pic32mx_sk/production/_ext/161854096/queue.o (memcpy)
c:/program files (x86)/microchip/xc32/v2.30/bin/bin/../../lib/gcc/pic32mx/4.8.3/../../../../pic32mx/lib\libpic32.a(memset.o)
                              build/pic32mx_sk/production/_ext/161854096/tasks.o (memset)
c:/program files (x86)/microchip/xc32/v2.30/bin/bin/../../lib/gcc/pic32mx/4.8.3/../../../../pic32mx/lib\libpic32.a(default-bootstrap-exception-handler.o)
                              C:\Users\shiro019\AppData\Local\Temp\ccACpJlB.o (_bootstrap_exception_handler)
c:/program files (x86)/microchip/xc32/v2.30/bin/bin/../../lib/gcc/pic32mx/4.8.3/../../../../pic32mx/lib\libpic32.a(default-on-reset.o)
                              C:\Users\shiro019\AppData\Local\Temp\ccACpJlB.o (_on_reset)
c:/program files (x86)/microchip/xc32/v2.30/bin/bin/../../lib/gcc/pic32mx/4.8.3/../../../../pic32mx/lib\libpic32.a(default-on-bootstrap.o)
                              C:\Users\shiro019\AppData\Local\Temp\ccACpJlB.o (_on_bootstrap)
c:/program files (x86)/microchip/xc32/v2.30/bin/bin/../../lib/gcc/pic32mx/4.8.3/../../../../pic32mx/lib\libpic32.a(default-nmi-handler.o)
                              C:\Users\shiro019\AppData\Local\Temp\ccACpJlB.o (_nmi_handler)
c:/program files (x86)/microchip/xc32/v2.30/bin/bin/../../lib/gcc/pic32mx/4.8.3/../../../../pic32mx/lib\libpic32.a(xc32_uart.o)
                              build/pic32mx_sk/production/_ext/1360937237/app1.o (__XC_UART)
c:/program files (x86)/microchip/xc32/v2.30/bin/bin/../../lib/gcc/pic32mx/4.8.3/../../../../pic32mx/lib\libpic32.a(pic32_data_init.o)
                              C:\Users\shiro019\AppData\Local\Temp\ccACpJlB.o (__pic32_data_init)
c:/program files (x86)/microchip/xc32/v2.30/bin/bin/../../lib/gcc/pic32mx/4.8.3/../../../../pic32mx/lib\libpic32.a(general-exception.o)
                              C:\Users\shiro019\AppData\Local\Temp\ccACpJlB.o (_general_exception_context)
c:/program files (x86)/microchip/xc32/v2.30/bin/bin/../../lib/gcc/pic32mx/4.8.3/../../../../pic32mx/lib\libpic32.a(vector0.o)
                              C:\Users\shiro019\AppData\Local\Temp\ccc9jgTH.o (__vector_dispatch_0)
c:/program files (x86)/microchip/xc32/v2.30/bin/bin/../../lib/gcc/pic32mx/4.8.3/../../../../pic32mx/lib\libpic32.a(vector2.o)
                              C:\Users\shiro019\AppData\Local\Temp\ccc9jgTH.o (__vector_dispatch_2)
c:/program files (x86)/microchip/xc32/v2.30/bin/bin/../../lib/gcc/pic32mx/4.8.3/../../../../pic32mx/lib\libpic32.a(vector3.o)
                              C:\Users\shiro019\AppData\Local\Temp\ccc9jgTH.o (__vector_dispatch_3)
c:/program files (x86)/microchip/xc32/v2.30/bin/bin/../../lib/gcc/pic32mx/4.8.3/../../../../pic32mx/lib\libpic32.a(vector5.o)
                              C:\Users\shiro019\AppData\Local\Temp\ccc9jgTH.o (__vector_dispatch_5)
c:/program files (x86)/microchip/xc32/v2.30/bin/bin/../../lib/gcc/pic32mx/4.8.3/../../../../pic32mx/lib\libpic32.a(vector6.o)
                              C:\Users\shiro019\AppData\Local\Temp\ccc9jgTH.o (__vector_dispatch_6)
c:/program files (x86)/microchip/xc32/v2.30/bin/bin/../../lib/gcc/pic32mx/4.8.3/../../../../pic32mx/lib\libpic32.a(vector7.o)
                              C:\Users\shiro019\AppData\Local\Temp\ccc9jgTH.o (__vector_dispatch_7)
c:/program files (x86)/microchip/xc32/v2.30/bin/bin/../../lib/gcc/pic32mx/4.8.3/../../../../pic32mx/lib\libpic32.a(vector8.o)
                              C:\Users\shiro019\AppData\Local\Temp\ccc9jgTH.o (__vector_dispatch_8)
c:/program files (x86)/microchip/xc32/v2.30/bin/bin/../../lib/gcc/pic32mx/4.8.3/../../../../pic32mx/lib\libpic32.a(vector9.o)
                              C:\Users\shiro019\AppData\Local\Temp\ccc9jgTH.o (__vector_dispatch_9)
c:/program files (x86)/microchip/xc32/v2.30/bin/bin/../../lib/gcc/pic32mx/4.8.3/../../../../pic32mx/lib\libpic32.a(vector10.o)
                              C:\Users\shiro019\AppData\Local\Temp\ccc9jgTH.o (__vector_dispatch_10)
c:/program files (x86)/microchip/xc32/v2.30/bin/bin/../../lib/gcc/pic32mx/4.8.3/../../../../pic32mx/lib\libpic32.a(vector11.o)
                              C:\Users\shiro019\AppData\Local\Temp\ccc9jgTH.o (__vector_dispatch_11)
c:/program files (x86)/microchip/xc32/v2.30/bin/bin/../../lib/gcc/pic32mx/4.8.3/../../../../pic32mx/lib\libpic32.a(vector12.o)
                              C:\Users\shiro019\AppData\Local\Temp\ccc9jgTH.o (__vector_dispatch_12)
c:/program files (x86)/microchip/xc32/v2.30/bin/bin/../../lib/gcc/pic32mx/4.8.3/../../../../pic32mx/lib\libpic32.a(vector13.o)
                              C:\Users\shiro019\AppData\Local\Temp\ccc9jgTH.o (__vector_dispatch_13)
[...]
Memory Configuration

Name             Origin             Length             Attributes
kseg0_program_mem 0x9d000000         0x00080000         xr
kseg0_boot_mem   0x9fc00490         0x00000970
exception_mem    0x9fc01000         0x00001000
kseg1_boot_mem   0xbfc00000         0x00000490
debug_exec_mem   0xbfc02000         0x00000ff0
config3          0xbfc02ff0         0x00000004
config2          0xbfc02ff4         0x00000004
config1          0xbfc02ff8         0x00000004
config0          0xbfc02ffc         0x00000004
kseg1_data_mem   0xa0000000         0x00020000         w !x
sfrs             0xbf800000         0x00100000
configsfrs       0xbfc02ff0         0x00000010
*default*        0x00000000         0xffffffff

Linker script and memory map

LOAD c:/program files (x86)/microchip/xc32/v2.30/bin/bin/../../lib/gcc/pic32mx/4.8.3/../../../../pic32mx/lib\debug-exception-return.o
LOAD build/pic32mx_sk/production/_ext/1764187882/bsp.o
LOAD build/pic32mx_sk/production/_ext/1458591747/sys_clk_pic32mx.o
LOAD build/pic32mx_sk/production/_ext/374885412/sys_devcon.o
LOAD build/pic32mx_sk/production/_ext/374885412/sys_devcon_pic32mx.o
LOAD build/pic32mx_sk/production/_ext/1255054701/sys_ports_static.o
LOAD build/pic32mx_sk/production/_ext/351744058/system_init.o
LOAD build/pic32mx_sk/production/_ext/351744058/system_interrupt.o
LOAD build/pic32mx_sk/production/_ext/351744058/system_exceptions.o
LOAD build/pic32mx_sk/production/_ext/351744058/system_tasks.o
LOAD build/pic32mx_sk/production/_ext/351744058/system_interrupt_a.o
LOAD build/pic32mx_sk/production/_ext/351744058/rtos_hooks.o
LOAD build/pic32mx_sk/production/_ext/1360937237/app.o
LOAD build/pic32mx_sk/production/_ext/1360937237/app1.o
LOAD build/pic32mx_sk/production/_ext/1360937237/app2.o
LOAD build/pic32mx_sk/production/_ext/1360937237/app3.o
LOAD build/pic32mx_sk/production/_ext/1360937237/main.o
LOAD build/pic32mx_sk/production/_ext/2067596619/osal_freertos.o
LOAD build/pic32mx_sk/production/_ext/711155467/sys_int_pic32.o
LOAD build/pic32mx_sk/production/_ext/427228813/heap_1.o
LOAD build/pic32mx_sk/production/_ext/789006650/port.o
LOAD build/pic32mx_sk/production/_ext/789006650/port_asm.o
LOAD build/pic32mx_sk/production/_ext/161854096/croutine.o
LOAD build/pic32mx_sk/production/_ext/161854096/list.o
LOAD build/pic32mx_sk/production/_ext/161854096/queue.o
LOAD build/pic32mx_sk/production/_ext/161854096/tasks.o
LOAD build/pic32mx_sk/production/_ext/161854096/timers.o
LOAD build/pic32mx_sk/production/_ext/161854096/event_groups.o
LOAD build/pic32mx_sk/production/_ext/161854096/stream_buffer.o
LOAD ..\..\..\..\..\..\bin\framework\peripheral\PIC32MX795F512L_peripherals.a
                0x00000001                __MPLAB_BUILD = 0x1
                0x00000000                _min_heap_size = 0x0
LOAD C:\Users\shiro019\AppData\Local\Temp\ccACpJlB.o
LOAD C:\Users\shiro019\AppData\Local\Temp\ccHExQ1x.o
LOAD C:\Users\shiro019\AppData\Local\Temp\ccc9jgTH.o
LOAD c:/program files (x86)/microchip/xc32/v2.30/bin/bin/../../lib/gcc/pic32mx/4.8.3/../../../../pic32mx/lib\pic32_software_reset.o
                0x00000400                PROVIDE (_min_stack_size, 0x400)
START GROUP
LOAD c:/program files (x86)/microchip/xc32/v2.30/bin/bin/../../lib/gcc/pic32mx/4.8.3/../../../../pic32mx/lib/./proc/32MX470F512L\processor.o
END GROUP
START GROUP
LOAD libmchp_peripheral.a
END GROUP
START GROUP
LOAD libmchp_peripheral_32MX470F512L.a
END GROUP
                0x00000001                PROVIDE (_vector_spacing, 0x1)
                0x9fc01000                PROVIDE (_ebase_address, 0x9fc01000)
                0xbfc00000                _RESET_ADDR = 0xbfc00000
                0xbfc00380                _BEV_EXCPT_ADDR = 0xbfc00380
                0xbfc00480                _DBG_EXCPT_ADDR = 0xbfc00480
                0xbfc02000                _DBG_CODE_ADDR = 0xbfc02000
                0x00000ff0                _DBG_CODE_SIZE = 0xff0
                0x9fc01180                _GEN_EXCPT_ADDR = (_ebase_address + 0x180)

.config_BFC02FF0
                0xbfc02ff0        0x4
 *(.config_BFC02FF0)
 .config_BFC02FF0
                0xbfc02ff0        0x4 build/pic32mx_sk/production/_ext/351744058/system_init.o

.config_BFC02FF4
                0xbfc02ff4        0x4
 *(.config_BFC02FF4)
 .config_BFC02FF4
                0xbfc02ff4        0x4 build/pic32mx_sk/production/_ext/351744058/system_init.o

.config_BFC02FF8
                0xbfc02ff8        0x4
 *(.config_BFC02FF8)
 .config_BFC02FF8
                0xbfc02ff8        0x4 build/pic32mx_sk/production/_ext/351744058/system_init.o

.config_BFC02FFC
                0xbfc02ffc        0x4
 *(.config_BFC02FFC)
 .config_BFC02FFC
                0xbfc02ffc        0x4 build/pic32mx_sk/production/_ext/351744058/system_init.o
                0xbfc02000                PROVIDE (_DBG_CODE_ADDR, 0xbfc02000)
                0x00000ff0                PROVIDE (_DBG_CODE_SIZE, 0xff0)

.reset          0xbfc00000      0x19c
 *(.reset)
 .reset         0xbfc00000        0x8 C:\Users\shiro019\AppData\Local\Temp\ccACpJlB.o
                0xbfc00000                _reset
 *(.reset.startup)
 .reset.startup
                0xbfc00008      0x194 C:\Users\shiro019\AppData\Local\Temp\ccACpJlB.o
                0xbfc00008                _startup

.bev_excpt      0xbfc00380       0x10
 *(.bev_handler)
 .bev_handler   0xbfc00380       0x10 C:\Users\shiro019\AppData\Local\Temp\ccACpJlB.o

.dbg_excpt      0xbfc00480        0x0
                0xbfc00480                . = (. + DEFINED (_DEBUGGER)?0x8:0x0)

.dbg_code       0xbfc02000        0x0
                0xbfc02000                . = (. + DEFINED (_DEBUGGER)?_DBG_CODE_SIZE:0x0)

.app_excpt      0x9fc01180       0x10
 *(.gen_handler)
 .gen_handler   0x9fc01180       0x10 C:\Users\shiro019\AppData\Local\Temp\ccACpJlB.o

.vector_0       0x9fc01200        0x8
 *(.vector_0)
 .vector_0      0x9fc01200        0x8 c:/program files (x86)/microchip/xc32/v2.30/bin/bin/../../lib/gcc/pic32mx/4.8.3/../../../../pic32mx/lib\libpic32.a(vector0.o)
                0x9fc01200                __vector_dispatch_0
                0x00000001                ASSERT (((_vector_spacing == 0x0) || (SIZEOF (.vector_0) <= (_vector_spacing << 0x5))), function at exception vector 0 too large)

.vector_1       0x9fc01220        0x8
 *(.vector_1)
 .vector_1      0x9fc01220        0x8 build/pic32mx_sk/production/_ext/789006650/port.o
                0x9fc01220                __vector_dispatch_1
                0x00000001                ASSERT (((_vector_spacing == 0x0) || (SIZEOF (.vector_1) <= (_vector_spacing << 0x5))), function at exception vector 1 too large)

.vector_2       0x9fc01240        0x8
 *(.vector_2)
 .vector_2      0x9fc01240        0x8 c:/program files (x86)/microchip/xc32/v2.30/bin/bin/../../lib/gcc/pic32mx/4.8.3/../../../../pic32mx/lib\libpic32.a(vector2.o)
                0x9fc01240                __vector_dispatch_2
                0x00000001                ASSERT (((_vector_spacing == 0x0) || (SIZEOF (.vector_2) <= (_vector_spacing << 0x5))), function at exception vector 2 too large)

.vector_3       0x9fc01260        0x8
 *(.vector_3)
 .vector_3      0x9fc01260        0x8 c:/program files (x86)/microchip/xc32/v2.30/bin/bin/../../lib/gcc/pic32mx/4.8.3/../../../../pic32mx/lib\libpic32.a(vector3.o)
                0x9fc01260                __vector_dispatch_3
                0x00000001                ASSERT (((_vector_spacing == 0x0) || (SIZEOF (.vector_3) <= (_vector_spacing << 0x5))), function at exception vector 3 too large)

.vector_4       0x9fc01280        0x8
 *(.vector_4)
 .vector_4      0x9fc01280        0x8 build/pic32mx_sk/production/_ext/789006650/port.o
                0x9fc01280                __vector_dispatch_4
                0x00000001                ASSERT (((_vector_spacing == 0x0) || (SIZEOF (.vector_4) <= (_vector_spacing << 0x5))), function at exception vector 4 too large)

.vector_5       0x9fc012a0        0x8
 *(.vector_5)
 .vector_5      0x9fc012a0        0x8 c:/program files (x86)/microchip/xc32/v2.30/bin/bin/../../lib/gcc/pic32mx/4.8.3/../../../../pic32mx/lib\libpic32.a(vector5.o)
                0x9fc012a0                __vector_dispatch_5
                0x00000001                ASSERT (((_vector_spacing == 0x0) || (SIZEOF (.vector_5) <= (_vector_spacing << 0x5))), function at exception vector 5 too large)

.vector_6       0x9fc012c0        0x8
 *(.vector_6)
 .vector_6      0x9fc012c0        0x8 c:/program files (x86)/microchip/xc32/v2.30/bin/bin/../../lib/gcc/pic32mx/4.8.3/../../../../pic32mx/lib\libpic32.a(vector6.o)
                0x9fc012c0                __vector_dispatch_6
                0x00000001                ASSERT (((_vector_spacing == 0x0) || (SIZEOF (.vector_6) <= (_vector_spacing << 0x5))), function at exception vector 6 too large)

.vector_7       0x9fc012e0        0x8
 *(.vector_7)
 .vector_7      0x9fc012e0        0x8 c:/program files (x86)/microchip/xc32/v2.30/bin/bin/../../lib/gcc/pic32mx/4.8.3/../../../../pic32mx/lib\libpic32.a(vector7.o)
                0x9fc012e0                __vector_dispatch_7
                0x00000001                ASSERT (((_vector_spacing == 0x0) || (SIZEOF (.vector_7) <= (_vector_spacing << 0x5))), function at exception vector 7 too large)

.vector_8       0x9fc01300        0x8
 *(.vector_8)
 .vector_8      0x9fc01300        0x8 c:/program files (x86)/microchip/xc32/v2.30/bin/bin/../../lib/gcc/pic32mx/4.8.3/../../../../pic32mx/lib\libpic32.a(vector8.o)
                0x9fc01300                __vector_dispatch_8
                0x00000001                ASSERT (((_vector_spacing == 0x0) || (SIZEOF (.vector_8) <= (_vector_spacing << 0x5))), function at exception vector 8 too large)

.vector_9       0x9fc01320        0x8
 *(.vector_9)
 .vector_9      0x9fc01320        0x8 c:/program files (x86)/microchip/xc32/v2.30/bin/bin/../../lib/gcc/pic32mx/4.8.3/../../../../pic32mx/lib\libpic32.a(vector9.o)
                0x9fc01320                __vector_dispatch_9
                0x00000001                ASSERT (((_vector_spacing == 0x0) || (SIZEOF (.vector_9) <= (_vector_spacing << 0x5))), function at exception vector 9 too large)

.vector_10      0x9fc01340        0x8
 *(.vector_10)
 .vector_10     0x9fc01340        0x8 c:/program files (x86)/microchip/xc32/v2.30/bin/bin/../../lib/gcc/pic32mx/4.8.3/../../../../pic32mx/lib\libpic32.a(vector10.o)
                0x9fc01340                __vector_dispatch_10
                0x00000001                ASSERT (((_vector_spacing == 0x0) || (SIZEOF (.vector_10) <= (_vector_spacing << 0x5))), function at exception vector 10 too large)

.vector_11      0x9fc01360        0x8
 *(.vector_11)
 .vector_11     0x9fc01360        0x8 c:/program files (x86)/microchip/xc32/v2.30/bin/bin/../../lib/gcc/pic32mx/4.8.3/../../../../pic32mx/lib\libpic32.a(vector11.o)
                0x9fc01360                __vector_dispatch_11
                0x00000001                ASSERT (((_vector_spacing == 0x0) || (SIZEOF (.vector_11) <= (_vector_spacing << 0x5))), function at exception vector 11 too large)

.vector_12      0x9fc01380        0x8
 *(.vector_12)
 .vector_12     0x9fc01380        0x8 c:/program files (x86)/microchip/xc32/v2.30/bin/bin/../../lib/gcc/pic32mx/4.8.3/../../../../pic32mx/lib\libpic32.a(vector12.o)
                0x9fc01380                __vector_dispatch_12
                0x00000001                ASSERT (((_vector_spacing == 0x0) || (SIZEOF (.vector_12) <= (_vector_spacing << 0x5))), function at exception vector 12 too large)

.vector_13      0x9fc013a0        0x8
 *(.vector_13)
 .vector_13     0x9fc013a0        0x8 c:/program files (x86)/microchip/xc32/v2.30/bin/bin/../../lib/gcc/pic32mx/4.8.3/../../../../pic32mx/lib\libpic32.a(vector13.o)
                0x9fc013a0                __vector_dispatch_13
                0x00000001                ASSERT (((_vector_spacing == 0x0) || (SIZEOF (.vector_13) <= (_vector_spacing << 0x5))), function at exception vector 13 too large)

.vector_14      0x9fc013c0        0x8
 *(.vector_14)
 .vector_14     0x9fc013c0        0x8 c:/program files (x86)/microchip/xc32/v2.30/bin/bin/../../lib/gcc/pic32mx/4.8.3/../../../../pic32mx/lib\libpic32.a(vector14.o)
                0x9fc013c0                __vector_dispatch_14
                0x00000001                ASSERT (((_vector_spacing == 0x0) || (SIZEOF (.vector_14) <= (_vector_spacing << 0x5))), function at exception vector 14 too large)

.vector_15      0x9fc013e0        0x8
 *(.vector_15)
 .vector_15     0x9fc013e0        0x8 c:/program files (x86)/microchip/xc32/v2.30/bin/bin/../../lib/gcc/pic32mx/4.8.3/../../../../pic32mx/lib\libpic32.a(vector15.o)
                0x9fc013e0                __vector_dispatch_15
                0x00000001                ASSERT (((_vector_spacing == 0x0) || (SIZEOF (.vector_15) <= (_vector_spacing << 0x5))), function at exception vector 15 too large)

.vector_16      0x9fc01400        0x8
 *(.vector_16)
 .vector_16     0x9fc01400        0x8 c:/program files (x86)/microchip/xc32/v2.30/bin/bin/../../lib/gcc/pic32mx/4.8.3/../../../../pic32mx/lib\libpic32.a(vector16.o)
                0x9fc01400                __vector_dispatch_16
                0x00000001                ASSERT (((_vector_spacing == 0x0) || (SIZEOF (.vector_16) <= (_vector_spacing << 0x5))), function at exception vector 16 too large)

.vector_17      0x9fc01420        0x8
 *(.vector_17)
 .vector_17     0x9fc01420        0x8 c:/program files (x86)/microchip/xc32/v2.30/bin/bin/../../lib/gcc/pic32mx/4.8.3/../../../../pic32mx/lib\libpic32.a(vector17.o)
                0x9fc01420                __vector_dispatch_17
                0x00000001                ASSERT (((_vector_spacing == 0x0) || (SIZEOF (.vector_17) <= (_vector_spacing << 0x5))), function at exception vector 17 too large)

.vector_18      0x9fc01440        0x8
 *(.vector_18)
 .vector_18     0x9fc01440        0x8 c:/program files (x86)/microchip/xc32/v2.30/bin/bin/../../lib/gcc/pic32mx/4.8.3/../../../../pic32mx/lib\libpic32.a(vector18.o)
                0x9fc01440                __vector_dispatch_18
                0x00000001                ASSERT (((_vector_spacing == 0x0) || (SIZEOF (.vector_18) <= (_vector_spacing << 0x5))), function at exception vector 18 too large)

.vector_19      0x9fc01460        0x8
 *(.vector_19)
 .vector_19     0x9fc01460        0x8 c:/program files (x86)/microchip/xc32/v2.30/bin/bin/../../lib/gcc/pic32mx/4.8.3/../../../../pic32mx/lib\libpic32.a(vector19.o)
                0x9fc01460                __vector_dispatch_19
                0x00000001                ASSERT (((_vector_spacing == 0x0) || (SIZEOF (.vector_19) <= (_vector_spacing << 0x5))), function at exception vector 19 too large)

.vector_20      0x9fc01480        0x8
 *(.vector_20)
 .vector_20     0x9fc01480        0x8 c:/program files (x86)/microchip/xc32/v2.30/bin/bin/../../lib/gcc/pic32mx/4.8.3/../../../../pic32mx/lib\libpic32.a(vector20.o)
                0x9fc01480                __vector_dispatch_20
                0x00000001                ASSERT (((_vector_spacing == 0x0) || (SIZEOF (.vector_20) <= (_vector_spacing << 0x5))), function at exception vector 20 too large)

.vector_21      0x9fc014a0        0x8
 *(.vector_21)
 .vector_21     0x9fc014a0        0x8 c:/program files (x86)/microchip/xc32/v2.30/bin/bin/../../lib/gcc/pic32mx/4.8.3/../../../../pic32mx/lib\libpic32.a(vector21.o)
                0x9fc014a0                __vector_dispatch_21
                0x00000001                ASSERT (((_vector_spacing == 0x0) || (SIZEOF (.vector_21) <= (_vector_spacing << 0x5))), function at exception vector 21 too large)

.vector_22      0x9fc014c0        0x8
 *(.vector_22)
 .vector_22     0x9fc014c0        0x8 c:/program files (x86)/microchip/xc32/v2.30/bin/bin/../../lib/gcc/pic32mx/4.8.3/../../../../pic32mx/lib\libpic32.a(vector22.o)
                0x9fc014c0                __vector_dispatch_22
                0x00000001                ASSERT (((_vector_spacing == 0x0) || (SIZEOF (.vector_22) <= (_vector_spacing << 0x5))), function at exception vector 22 too large)

.vector_23      0x9fc014e0        0x8
 *(.vector_23)
 .vector_23     0x9fc014e0        0x8 c:/program files (x86)/microchip/xc32/v2.30/bin/bin/../../lib/gcc/pic32mx/4.8.3/../../../../pic32mx/lib\libpic32.a(vector23.o)
                0x9fc014e0                __vector_dispatch_23
                0x00000001                ASSERT (((_vector_spacing == 0x0) || (SIZEOF (.vector_23) <= (_vector_spacing << 0x5))), function at exception vector 23 too large)

.vector_24      0x9fc01500        0x8
 *(.vector_24)
 .vector_24     0x9fc01500        0x8 c:/program files (x86)/microchip/xc32/v2.30/bin/bin/../../lib/gcc/pic32mx/4.8.3/../../../../pic32mx/lib\libpic32.a(vector24.o)
                0x9fc01500                __vector_dispatch_24
                0x00000001                ASSERT (((_vector_spacing == 0x0) || (SIZEOF (.vector_24) <= (_vector_spacing << 0x5))), function at exception vector 24 too large)

.vector_25      0x9fc01520        0x8
 *(.vector_25)
 .vector_25     0x9fc01520        0x8 c:/program files (x86)/microchip/xc32/v2.30/bin/bin/../../lib/gcc/pic32mx/4.8.3/../../../../pic32mx/lib\libpic32.a(vector25.o)
                0x9fc01520                __vector_dispatch_25
                0x00000001                ASSERT (((_vector_spacing == 0x0) || (SIZEOF (.vector_25) <= (_vector_spacing << 0x5))), function at exception vector 25 too large)

.vector_26      0x9fc01540        0x8
 *(.vector_26)
 .vector_26     0x9fc01540        0x8 c:/program files (x86)/microchip/xc32/v2.30/bin/bin/../../lib/gcc/pic32mx/4.8.3/../../../../pic32mx/lib\libpic32.a(vector26.o)
                0x9fc01540                __vector_dispatch_26
                0x00000001                ASSERT (((_vector_spacing == 0x0) || (SIZEOF (.vector_26) <= (_vector_spacing << 0x5))), function at exception vector 26 too large)

.vector_27      0x9fc01560        0x8
 *(.vector_27)
 .vector_27     0x9fc01560        0x8 c:/program files (x86)/microchip/xc32/v2.30/bin/bin/../../lib/gcc/pic32mx/4.8.3/../../../../pic32mx/lib\libpic32.a(vector27.o)
                0x9fc01560                __vector_dispatch_27
                0x00000001                ASSERT (((_vector_spacing == 0x0) || (SIZEOF (.vector_27) <= (_vector_spacing << 0x5))), function at exception vector 27 too large)

.vector_28      0x9fc01580        0x8
 *(.vector_28)
 .vector_28     0x9fc01580        0x8 c:/program files (x86)/microchip/xc32/v2.30/bin/bin/../../lib/gcc/pic32mx/4.8.3/../../../../pic32mx/lib\libpic32.a(vector28.o)
                0x9fc01580                __vector_dispatch_28
                0x00000001                ASSERT (((_vector_spacing == 0x0) || (SIZEOF (.vector_28) <= (_vector_spacing << 0x5))), function at exception vector 28 too large)

.vector_29      0x9fc015a0        0x8
 *(.vector_29)
 .vector_29     0x9fc015a0        0x8 c:/program files (x86)/microchip/xc32/v2.30/bin/bin/../../lib/gcc/pic32mx/4.8.3/../../../../pic32mx/lib\libpic32.a(vector29.o)
                0x9fc015a0                __vector_dispatch_29
                0x00000001                ASSERT (((_vector_spacing == 0x0) || (SIZEOF (.vector_29) <= (_vector_spacing << 0x5))), function at exception vector 29 too large)

.vector_30      0x9fc015c0        0x8
 *(.vector_30)
 .vector_30     0x9fc015c0        0x8 c:/program files (x86)/microchip/xc32/v2.30/bin/bin/../../lib/gcc/pic32mx/4.8.3/../../../../pic32mx/lib\libpic32.a(vector30.o)
                0x9fc015c0                __vector_dispatch_30
                0x00000001                ASSERT (((_vector_spacing == 0x0) || (SIZEOF (.vector_30) <= (_vector_spacing << 0x5))), function at exception vector 30 too large)

.vector_31      0x9fc015e0        0x8
 *(.vector_31)
 .vector_31     0x9fc015e0        0x8 c:/program files (x86)/microchip/xc32/v2.30/bin/bin/../../lib/gcc/pic32mx/4.8.3/../../../../pic32mx/lib\libpic32.a(vector31.o)
                0x9fc015e0                __vector_dispatch_31
                0x00000001                ASSERT (((_vector_spacing == 0x0) || (SIZEOF (.vector_31) <= (_vector_spacing << 0x5))), function at exception vector 31 too large)

.vector_32      0x9fc01600        0x8
 *(.vector_32)
 .vector_32     0x9fc01600        0x8 c:/program files (x86)/microchip/xc32/v2.30/bin/bin/../../lib/gcc/pic32mx/4.8.3/../../../../pic32mx/lib\libpic32.a(vector32.o)
                0x9fc01600                __vector_dispatch_32
                0x00000001                ASSERT (((_vector_spacing == 0x0) || (SIZEOF (.vector_32) <= (_vector_spacing << 0x5))), function at exception vector 32 too large)

.vector_33      0x9fc01620        0x8
 *(.vector_33)
 .vector_33     0x9fc01620        0x8 c:/program files (x86)/microchip/xc32/v2.30/bin/bin/../../lib/gcc/pic32mx/4.8.3/../../../../pic32mx/lib\libpic32.a(vector33.o)
                0x9fc01620                __vector_dispatch_33
                0x00000001                ASSERT (((_vector_spacing == 0x0) || (SIZEOF (.vector_33) <= (_vector_spacing << 0x5))), function at exception vector 33 too large)

.vector_34      0x9fc01640        0x8
 *(.vector_34)
 .vector_34     0x9fc01640        0x8 c:/program files (x86)/microchip/xc32/v2.30/bin/bin/../../lib/gcc/pic32mx/4.8.3/../../../../pic32mx/lib\libpic32.a(vector34.o)
                0x9fc01640                __vector_dispatch_34
                0x00000001                ASSERT (((_vector_spacing == 0x0) || (SIZEOF (.vector_34) <= (_vector_spacing << 0x5))), function at exception vector 34 too large)

.vector_35      0x9fc01660        0x8
 *(.vector_35)
 .vector_35     0x9fc01660        0x8 c:/program files (x86)/microchip/xc32/v2.30/bin/bin/../../lib/gcc/pic32mx/4.8.3/../../../../pic32mx/lib\libpic32.a(vector35.o)
                0x9fc01660                __vector_dispatch_35
                0x00000001                ASSERT (((_vector_spacing == 0x0) || (SIZEOF (.vector_35) <= (_vector_spacing << 0x5))), function at exception vector 35 too large)

.vector_36      0x9fc01680        0x8
 *(.vector_36)
 .vector_36     0x9fc01680        0x8 c:/program files (x86)/microchip/xc32/v2.30/bin/bin/../../lib/gcc/pic32mx/4.8.3/../../../../pic32mx/lib\libpic32.a(vector36.o)
                0x9fc01680                __vector_dispatch_36
                0x00000001                ASSERT (((_vector_spacing == 0x0) || (SIZEOF (.vector_36) <= (_vector_spacing << 0x5))), function at exception vector 36 too large)

.vector_37      0x9fc016a0        0x8
 *(.vector_37)
 .vector_37     0x9fc016a0        0x8 c:/program files (x86)/microchip/xc32/v2.30/bin/bin/../../lib/gcc/pic32mx/4.8.3/../../../../pic32mx/lib\libpic32.a(vector37.o)
                0x9fc016a0                __vector_dispatch_37
                0x00000001                ASSERT (((_vector_spacing == 0x0) || (SIZEOF (.vector_37) <= (_vector_spacing << 0x5))), function at exception vector 37 too large)

.vector_38      0x9fc016c0        0x8
 *(.vector_38)
 .vector_38     0x9fc016c0        0x8 c:/program files (x86)/microchip/xc32/v2.30/bin/bin/../../lib/gcc/pic32mx/4.8.3/../../../../pic32mx/lib\libpic32.a(vector38.o)
                0x9fc016c0                __vector_dispatch_38
                0x00000001                ASSERT (((_vector_spacing == 0x0) || (SIZEOF (.vector_38) <= (_vector_spacing << 0x5))), function at exception vector 38 too large)

.vector_39      0x9fc016e0        0x8
 *(.vector_39)
 .vector_39     0x9fc016e0        0x8 c:/program files (x86)/microchip/xc32/v2.30/bin/bin/../../lib/gcc/pic32mx/4.8.3/../../../../pic32mx/lib\libpic32.a(vector39.o)
                0x9fc016e0                __vector_dispatch_39
                0x00000001                ASSERT (((_vector_spacing == 0x0) || (SIZEOF (.vector_39) <= (_vector_spacing << 0x5))), function at exception vector 39 too large)

.vector_40      0x9fc01700        0x8
 *(.vector_40)
 .vector_40     0x9fc01700        0x8 c:/program files (x86)/microchip/xc32/v2.30/bin/bin/../../lib/gcc/pic32mx/4.8.3/../../../../pic32mx/lib\libpic32.a(vector40.o)
                0x9fc01700                __vector_dispatch_40
                0x00000001                ASSERT (((_vector_spacing == 0x0) || (SIZEOF (.vector_40) <= (_vector_spacing << 0x5))), function at exception vector 40 too large)

.vector_41      0x9fc01720        0x8
 *(.vector_41)
 .vector_41     0x9fc01720        0x8 c:/program files (x86)/microchip/xc32/v2.30/bin/bin/../../lib/gcc/pic32mx/4.8.3/../../../../pic32mx/lib\libpic32.a(vector41.o)
                0x9fc01720                __vector_dispatch_41
                0x00000001                ASSERT (((_vector_spacing == 0x0) || (SIZEOF (.vector_41) <= (_vector_spacing << 0x5))), function at exception vector 41 too large)

.vector_42      0x9fc01740        0x8
 *(.vector_42)
 .vector_42     0x9fc01740        0x8 c:/program files (x86)/microchip/xc32/v2.30/bin/bin/../../lib/gcc/pic32mx/4.8.3/../../../../pic32mx/lib\libpic32.a(vector42.o)
                0x9fc01740                __vector_dispatch_42
                0x00000001                ASSERT (((_vector_spacing == 0x0) || (SIZEOF (.vector_42) <= (_vector_spacing << 0x5))), function at exception vector 42 too large)

.vector_43      0x9fc01760        0x8
 *(.vector_43)
 .vector_43     0x9fc01760        0x8 c:/program files (x86)/microchip/xc32/v2.30/bin/bin/../../lib/gcc/pic32mx/4.8.3/../../../../pic32mx/lib\libpic32.a(vector43.o)
                0x9fc01760                __vector_dispatch_43
                0x00000001                ASSERT (((_vector_spacing == 0x0) || (SIZEOF (.vector_43) <= (_vector_spacing << 0x5))), function at exception vector 43 too large)

.vector_44      0x9fc01780        0x8
 *(.vector_44)
 .vector_44     0x9fc01780        0x8 c:/program files (x86)/microchip/xc32/v2.30/bin/bin/../../lib/gcc/pic32mx/4.8.3/../../../../pic32mx/lib\libpic32.a(vector44.o)
                0x9fc01780                __vector_dispatch_44
                0x00000001                ASSERT (((_vector_spacing == 0x0) || (SIZEOF (.vector_44) <= (_vector_spacing << 0x5))), function at exception vector 44 too large)

.vector_45      0x9fc017a0        0x8
 *(.vector_45)
 .vector_45     0x9fc017a0        0x8 c:/program files (x86)/microchip/xc32/v2.30/bin/bin/../../lib/gcc/pic32mx/4.8.3/../../../../pic32mx/lib\libpic32.a(vector45.o)
                0x9fc017a0                __vector_dispatch_45
                0x00000001                ASSERT (((_vector_spacing == 0x0) || (SIZEOF (.vector_45) <= (_vector_spacing << 0x5))), function at exception vector 45 too large)

.vector_46      0x9fc017c0        0x0
 *(.vector_46)
                0x00000001                ASSERT (((_vector_spacing == 0x0) || (SIZEOF (.vector_46) <= (_vector_spacing << 0x5))), function at exception vector 46 too large)

.vector_47      0x9fc017e0        0x0
 *(.vector_47)
                0x00000001                ASSERT (((_vector_spacing == 0x0) || (SIZEOF (.vector_47) <= (_vector_spacing << 0x5))), function at exception vector 47 too large)

.vector_48      0x9fc01800        0x0
 *(.vector_48)
                0x00000001                ASSERT (((_vector_spacing == 0x0) || (SIZEOF (.vector_48) <= (_vector_spacing << 0x5))), function at exception vector 48 too large)

.vector_49      0x9fc01820        0x0
 *(.vector_49)
                0x00000001                ASSERT (((_vector_spacing == 0x0) || (SIZEOF (.vector_49) <= (_vector_spacing << 0x5))), function at exception vector 49 too large)

.vector_50      0x9fc01840        0x0
 *(.vector_50)
                0x00000001                ASSERT (((_vector_spacing == 0x0) || (SIZEOF (.vector_50) <= (_vector_spacing << 0x5))), function at exception vector 50 too large)

.vector_51      0x9fc01860        0x0
 *(.vector_51)
                0x00000001                ASSERT (((_vector_spacing == 0x0) || (SIZEOF (.vector_51) <= (_vector_spacing << 0x5))), function at exception vector 51 too large)

.vector_52      0x9fc01880        0x0
 *(.vector_52)
                0x00000001                ASSERT (((_vector_spacing == 0x0) || (SIZEOF (.vector_52) <= (_vector_spacing << 0x5))), function at exception vector 52 too large)

.vector_53      0x9fc018a0        0x0
 *(.vector_53)
                0x00000001                ASSERT (((_vector_spacing == 0x0) || (SIZEOF (.vector_53) <= (_vector_spacing << 0x5))), function at exception vector 53 too large)

.vector_54      0x9fc018c0        0x0
 *(.vector_54)
                0x00000001                ASSERT (((_vector_spacing == 0x0) || (SIZEOF (.vector_54) <= (_vector_spacing << 0x5))), function at exception vector 54 too large)

.vector_55      0x9fc018e0        0x0
 *(.vector_55)
                0x00000001                ASSERT (((_vector_spacing == 0x0) || (SIZEOF (.vector_55) <= (_vector_spacing << 0x5))), function at exception vector 55 too large)

.vector_56      0x9fc01900        0x0
 *(.vector_56)
                0x00000001                ASSERT (((_vector_spacing == 0x0) || (SIZEOF (.vector_56) <= (_vector_spacing << 0x5))), function at exception vector 56 too large)

.vector_57      0x9fc01920        0x0
 *(.vector_57)
                0x00000001                ASSERT (((_vector_spacing == 0x0) || (SIZEOF (.vector_57) <= (_vector_spacing << 0x5))), function at exception vector 57 too large)

.vector_58      0x9fc01940        0x0
 *(.vector_58)
                0x00000001                ASSERT (((_vector_spacing == 0x0) || (SIZEOF (.vector_58) <= (_vector_spacing << 0x5))), function at exception vector 58 too large)

.vector_59      0x9fc01960        0x0
 *(.vector_59)
                0x00000001                ASSERT (((_vector_spacing == 0x0) || (SIZEOF (.vector_59) <= (_vector_spacing << 0x5))), function at exception vector 59 too large)

.vector_60      0x9fc01980        0x0
 *(.vector_60)
                0x00000001                ASSERT (((_vector_spacing == 0x0) || (SIZEOF (.vector_60) <= (_vector_spacing << 0x5))), function at exception vector 60 too large)

.vector_61      0x9fc019a0        0x0
 *(.vector_61)
                0x00000001                ASSERT (((_vector_spacing == 0x0) || (SIZEOF (.vector_61) <= (_vector_spacing << 0x5))), function at exception vector 61 too large)

.vector_62      0x9fc019c0        0x0
 *(.vector_62)
                0x00000001                ASSERT (((_vector_spacing == 0x0) || (SIZEOF (.vector_62) <= (_vector_spacing << 0x5))), function at exception vector 62 too large)

.vector_63      0x9fc019e0        0x0
 *(.vector_63)
                0x00000001                ASSERT (((_vector_spacing == 0x0) || (SIZEOF (.vector_63) <= (_vector_spacing << 0x5))), function at exception vector 63 too large)

.startup
 *(.startup)

.text           0x9d000000        0x0
 *(.stub .gnu.linkonce.t.*)
 *(.text.*personality*)
 *(.mips16.fn.*)
 *(.mips16.call.*)
 *(.gnu.warning)
                0x9d000000                . = ALIGN (0x4)

.init           0x9d000000        0x0
 *crti.o(.init)
 *crtbegin.o(.init)
 *(EXCLUDE_FILE(*crtn.o *crtend?.o *crtend.o) .init)
 *crtend.o(.init)
 *crtn.o(.init)
                0x9d000000                . = ALIGN (0x4)

.fini           0x9d000000        0x0
 *(.fini)
                0x9d000000                . = ALIGN (0x4)

.preinit_array  0x9d000000        0x0
                0x9d000000                PROVIDE (__preinit_array_start, .)
 *(.preinit_array)
                0x9d000000                PROVIDE (__preinit_array_end, .)
                0x9d000000                . = ALIGN (0x4)

.init_array     0x9d000000        0x0
                0x9d000000                PROVIDE (__init_array_start, .)
 *(SORT(.init_array.*))
 *(.init_array)
                0x9d000000                PROVIDE (__init_array_end, .)
                0x9d000000                . = ALIGN (0x4)

.fini_array     0x9d000000        0x0
                0x9d000000                PROVIDE (__fini_array_start, .)
 *(SORT(.fini_array.*))
 *(.fini_array)
                0x9d000000                PROVIDE (__fini_array_end, .)
                0x9d000000                . = ALIGN (0x4)

.ctors          0x9d000000        0x0
 *crtbegin.o(.ctors)
 *crtbegin?.o(.ctors)
 *(EXCLUDE_FILE(*crtend?.o *crtend.o) .ctors)
 *(SORT(.ctors.*))
 *(.ctors)
                0x9d000000                . = ALIGN (0x4)

.dtors          0x9d000000        0x0
 *crtbegin.o(.dtors)
 *crtbegin?.o(.dtors)
 *(EXCLUDE_FILE(*crtend?.o *crtend.o) .dtors)
 *(SORT(.dtors.*))
 *(.dtors)
                0x9d000000                . = ALIGN (0x4)

.rodata         0x9d000000        0x0
 *(.gnu.linkonce.r.*)
 *(.rodata1)
                0x9d000000                . = ALIGN (0x4)

.sdata2         0x9fc00490        0x0
 *(.sdata2 .sdata2.* .gnu.linkonce.s2.*)
                0x9fc00490                . = ALIGN (0x4)

.sbss2          0x9fc00490        0x0
 *(.sbss2 .sbss2.* .gnu.linkonce.sb2.*)
                0x9fc00490                . = ALIGN (0x4)

.eh_frame_hdr
 *(.eh_frame_hdr)
                0x9fc00490                . = ALIGN (0x4)

.eh_frame
 *(.eh_frame)
                0x9fc00490                . = ALIGN (0x4)

.gcc_except_table
 *(.gcc_except_table .gcc_except_table.*)
                0x9fc00490                . = ALIGN (0x4)

.dbg_data       0xa0000000        0x0
                0xa0000000                . = (. + DEFINED (_DEBUGGER)?0x200:0x0)

.jcr            0xa0000000        0x0
 *(.jcr)
                0xa0000000                . = ALIGN (0x4)

.eh_frame
 *(.eh_frame)
                0xa0000000                . = ALIGN (0x4)

.gcc_except_table
 *(.gcc_except_table .gcc_except_table.*)
                0xa0000000                . = ALIGN (0x4)

.persist        0xa0000000        0x0
                0xa0000000                _persist_begin = .
 *(.persist .persist.*)
 *(.pbss .pbss.*)
                0xa0000000                . = ALIGN (0x4)
                0xa0000000                _persist_end = .

.data           0xa0000000        0x0
 *(.gnu.linkonce.d.*)
 *(.data1)
                0xa0000000                . = ALIGN (0x4)
                0xa0000000                . = .
                0xa0007ff0                _gp = (ALIGN (0x10) + 0x7ff0)

.got            0xa0000000        0x0
 *(.got.plt)
 *(.got)
                0xa0000000                . = ALIGN (0x4)

.sdata          0xa0000000        0xc
                0xa0000000                _sdata_begin = .
 *(.sdata .sdata.* .gnu.linkonce.s.*)
 .sdata         0xa0000000        0x1 build/pic32mx_sk/production/_ext/1360937237/app.o
                0xa0000000                ulValueToSend1
 *fill*         0xa0000001        0x3 
 .sdata         0xa0000004        0x4 build/pic32mx_sk/production/_ext/789006650/port.o
                0xa0000004                uxInterruptNesting
 .sdata         0xa0000008        0x4 c:/program files (x86)/microchip/xc32/v2.30/bin/bin/../../lib/gcc/pic32mx/4.8.3/../../../../pic32mx/lib\libpic32.a(xc32_uart.o)
                0xa0000008                __XC_UART
                0xa000000c                . = ALIGN (0x4)
                0xa000000c                _sdata_end = .

.lit8
 *(.lit8)

.lit4
 *(.lit4)
                0xa000000c                . = ALIGN (0x4)
                0xa000000c                _data_end = .
                0xa000000c                _bss_begin = .

.sbss           0xa000000c       0x70
                0xa000000c                _sbss_begin = .
 *(.dynsbss)
 *(.sbss .sbss.* .gnu.linkonce.sb.*)
 .sbss          0xa000000c        0xc build/pic32mx_sk/production/_ext/351744058/system_exceptions.o
 .sbss          0xa0000018        0x4 build/pic32mx_sk/production/_ext/1360937237/app.o
                0xa0000018                xQueue
 .sbss          0xa000001c        0x8 build/pic32mx_sk/production/_ext/427228813/heap_1.o
 .sbss          0xa0000024        0x4 build/pic32mx_sk/production/_ext/789006650/port.o
                0xa0000024                uxSavedTaskStackPointer
 .sbss          0xa0000028       0x3c build/pic32mx_sk/production/_ext/161854096/tasks.o
                0xa0000060                pxCurrentTCB
 *(.scommon)
 .scommon       0xa0000064        0x8 build/pic32mx_sk/production/_ext/374885412/sys_devcon.o
                0xa0000064                sysDevconObj
 .scommon       0xa000006c        0x0 build/pic32mx_sk/production/_ext/351744058/system_init.o
                0xa000006c                sysObj
 .scommon       0xa000006c        0x4 build/pic32mx_sk/production/_ext/1360937237/app.o
                0xa000006c                appData
 .scommon       0xa0000070        0x4 build/pic32mx_sk/production/_ext/1360937237/app1.o
                0xa0000070                app1Data
 .scommon       0xa0000074        0x4 build/pic32mx_sk/production/_ext/1360937237/app2.o
                0xa0000074                app2Data
 .scommon       0xa0000078        0x4 build/pic32mx_sk/production/_ext/1360937237/app3.o
                0xa0000078                app3Data
                0xa000007c                _sbss_end = .
                0xa000007c                . = ALIGN (0x4)

.bss            0xa000007c        0x0
 *(.dynbss)
 *(COMMON)
                0xa000007c                . = ALIGN ((. != 0x0)?0x4:0x1)
                0xa000007c                . = ALIGN (0x4)
                0xa000007c                _end = .
                0xa000007c                _bss_end = .
                0x00020000                _bmxdudba_address = 0x20000
                0x00020000                _bmxdupba_address = 0x20000

/DISCARD/
 *(.pdr)
 *(.rel.dyn)
 *(.note.GNU-stack)
 *(.note.GNU-stack)
 *(.gnu_debuglink)
 *(.gnu.lto_*)
 *(.discard)

.gptab.sdata
 *(.gptab.data)
 *(.gptab.sdata)

.gptab.sbss
 *(.gptab.bss)
 *(.gptab.sbss)

.mdebug.abi32   0xa000007c        0x0
 *(.mdebug.abi32)
 .mdebug.abi32  0xa000007c        0x0 build/pic32mx_sk/production/_ext/1764187882/bsp.o
 .mdebug.abi32  0xa000007c        0x0 build/pic32mx_sk/production/_ext/1458591747/sys_clk_pic32mx.o
 .mdebug.abi32  0xa000007c        0x0 build/pic32mx_sk/production/_ext/374885412/sys_devcon.o
 .mdebug.abi32  0xa000007c        0x0 build/pic32mx_sk/production/_ext/374885412/sys_devcon_pic32mx.o
 .mdebug.abi32  0xa000007c        0x0 build/pic32mx_sk/production/_ext/1255054701/sys_ports_static.o
 .mdebug.abi32  0xa000007c        0x0 build/pic32mx_sk/production/_ext/351744058/system_init.o
 .mdebug.abi32  0xa000007c        0x0 build/pic32mx_sk/production/_ext/351744058/system_interrupt.o
 .mdebug.abi32  0xa000007c        0x0 build/pic32mx_sk/production/_ext/351744058/system_exceptions.o
 .mdebug.abi32  0xa000007c        0x0 build/pic32mx_sk/production/_ext/351744058/system_tasks.o
 .mdebug.abi32  0xa000007c        0x0 build/pic32mx_sk/production/_ext/351744058/rtos_hooks.o
 .mdebug.abi32  0xa000007c        0x0 build/pic32mx_sk/production/_ext/1360937237/app.o
 .mdebug.abi32  0xa000007c        0x0 build/pic32mx_sk/production/_ext/1360937237/app1.o
 .mdebug.abi32  0xa000007c        0x0 build/pic32mx_sk/production/_ext/1360937237/app2.o
 .mdebug.abi32  0xa000007c        0x0 build/pic32mx_sk/production/_ext/1360937237/app3.o
 .mdebug.abi32  0xa000007c        0x0 build/pic32mx_sk/production/_ext/1360937237/main.o
 .mdebug.abi32  0xa000007c        0x0 build/pic32mx_sk/production/_ext/2067596619/osal_freertos.o
 .mdebug.abi32  0xa000007c        0x0 build/pic32mx_sk/production/_ext/711155467/sys_int_pic32.o
 .mdebug.abi32  0xa000007c        0x0 build/pic32mx_sk/production/_ext/427228813/heap_1.o
 .mdebug.abi32  0xa000007c        0x0 build/pic32mx_sk/production/_ext/789006650/port.o
 .mdebug.abi32  0xa000007c        0x0 build/pic32mx_sk/production/_ext/161854096/croutine.o
 .mdebug.abi32  0xa000007c        0x0 build/pic32mx_sk/production/_ext/161854096/list.o
 .mdebug.abi32  0xa000007c        0x0 build/pic32mx_sk/production/_ext/161854096/queue.o
 .mdebug.abi32  0xa000007c        0x0 build/pic32mx_sk/production/_ext/161854096/tasks.o
 .mdebug.abi32  0xa000007c        0x0 build/pic32mx_sk/production/_ext/161854096/timers.o
 .mdebug.abi32  0xa000007c        0x0 build/pic32mx_sk/production/_ext/161854096/event_groups.o
 .mdebug.abi32  0xa000007c        0x0 build/pic32mx_sk/production/_ext/161854096/stream_buffer.o
 .mdebug.abi32  0xa000007c        0x0 c:/program files (x86)/microchip/xc32/v2.30/bin/bin/../../lib/gcc/pic32mx/4.8.3/../../../../pic32mx/lib\libpic32.a(default-bootstrap-exception-handler.o)
 .mdebug.abi32  0xa000007c        0x0 c:/program files (x86)/microchip/xc32/v2.30/bin/bin/../../lib/gcc/pic32mx/4.8.3/../../../../pic32mx/lib\libpic32.a(default-on-reset.o)
 .mdebug.abi32  0xa000007c        0x0 c:/program files (x86)/microchip/xc32/v2.30/bin/bin/../../lib/gcc/pic32mx/4.8.3/../../../../pic32mx/lib\libpic32.a(default-on-bootstrap.o)
 .mdebug.abi32  0xa000007c        0x0 c:/program files (x86)/microchip/xc32/v2.30/bin/bin/../../lib/gcc/pic32mx/4.8.3/../../../../pic32mx/lib\libpic32.a(xc32_uart.o)
 .mdebug.abi32  0xa000007c        0x0 c:/program files (x86)/microchip/xc32/v2.30/bin/bin/../../lib/gcc/pic32mx/4.8.3/../../../../pic32mx/lib\libpic32.a(defaultinterrupt.o)
 .mdebug.abi32  0xa000007c        0x0 c:/program files (x86)/microchip/xc32/v2.30/bin/bin/../../lib/gcc/pic32mx/4.8.3/../../../../pic32mx/lib\libc.a(putchar.o)
 .mdebug.abi32  0xa000007c        0x0 c:/program files (x86)/microchip/xc32/v2.30/bin/bin/../../lib/gcc/pic32mx/4.8.3/../../../../pic32mx/lib\libc.a(printf_s.eo)
 .mdebug.abi32  0xa000007c        0x0 c:/program files (x86)/microchip/xc32/v2.30/bin/bin/../../lib/gcc/pic32mx/4.8.3/../../../../pic32mx/lib\libc.a(_iob.o)
 .mdebug.abi32  0xa000007c        0x0 c:/program files (x86)/microchip/xc32/v2.30/bin/bin/../../lib/gcc/pic32mx/4.8.3/../../../../pic32mx/lib\libc.a(_fputc_simple.o)
 .mdebug.abi32  0xa000007c        0x0 c:/program files (x86)/microchip/xc32/v2.30/bin/bin/../../lib/gcc/pic32mx/4.8.3/../../../../pic32mx/lib\libc.a(doprnt_s.eo)
 .mdebug.abi32  0xa000007c        0x0 c:/program files (x86)/microchip/xc32/v2.30/bin/bin/../../lib/gcc/pic32mx/4.8.3/../../../../pic32mx/lib\libc.a(_flsbuf_simple.o)
 .mdebug.abi32  0xa000007c        0x0 c:/program files (x86)/microchip/xc32/v2.30/bin/bin/../../lib/gcc/pic32mx/4.8.3/../../../../pic32mx/lib\libc.a(ctype.o)
 .mdebug.abi32  0xa000007c        0x0 c:/program files (x86)/microchip/xc32/v2.30/bin/bin/../../lib/gcc/pic32mx/4.8.3\libgcc.a(_udivdi3.o)
 .mdebug.abi32  0xa000007c        0x0 c:/program files (x86)/microchip/xc32/v2.30/bin/bin/../../lib/gcc/pic32mx/4.8.3\libgcc.a(_umoddi3.o)
 .mdebug.abi32  0xa000007c        0x0 c:/program files (x86)/microchip/xc32/v2.30/bin/bin/../../lib/gcc/pic32mx/4.8.3/../../../../pic32mx/lib\libpic32.a(write.o)
 .mdebug.abi32  0xa000007c        0x0 c:/program files (x86)/microchip/xc32/v2.30/bin/bin/../../lib/gcc/pic32mx/4.8.3/../../../../pic32mx/lib\libpic32.a(_mon_putc.o)

.mdebug.abiN32
 *(.mdebug.abiN32)

.mdebug.abi64
 *(.mdebug.abi64)

.mdebug.abiO64
 *(.mdebug.abiO64)

.mdebug.eabi32
 *(.mdebug.eabi32)

.mdebug.eabi64
 *(.mdebug.eabi64)

.gcc_compiled_long32
 *(.gcc_compiled_long32)

.gcc_compiled_long64
 *(.gcc_compiled_long64)

.stab
 *(.stab)

.stabstr
 *(.stabstr)

.stab.excl
 *(.stab.excl)

.stab.exclstr
 *(.stab.exclstr)

.stab.index
 *(.stab.index)

.stab.indexstr
 *(.stab.indexstr)

.comment        0x00000000       0xa2
 *(.comment)
 .comment       0x00000000       0x3c build/pic32mx_sk/production/_ext/1764187882/bsp.o
                                 0x3d (size before relaxing)
 .comment       0x00000000       0x3d build/pic32mx_sk/production/_ext/1458591747/sys_clk_pic32mx.o
 .comment       0x00000000       0x3d build/pic32mx_sk/production/_ext/374885412/sys_devcon.o
 .comment       0x00000000       0x3d build/pic32mx_sk/production/_ext/374885412/sys_devcon_pic32mx.o
 .comment       0x00000000       0x3d build/pic32mx_sk/production/_ext/1255054701/sys_ports_static.o
 .comment       0x00000000       0x3d build/pic32mx_sk/production/_ext/351744058/system_init.o
 .comment       0x00000000       0x3d build/pic32mx_sk/production/_ext/351744058/system_interrupt.o
 .comment       0x00000000       0x3d build/pic32mx_sk/production/_ext/351744058/system_exceptions.o
 .comment       0x00000000       0x3d build/pic32mx_sk/production/_ext/351744058/system_tasks.o
 .comment       0x00000000       0x3d build/pic32mx_sk/production/_ext/351744058/rtos_hooks.o
 .comment       0x00000000       0x3d build/pic32mx_sk/production/_ext/1360937237/app.o
 .comment       0x00000000       0x3d build/pic32mx_sk/production/_ext/1360937237/app1.o
 .comment       0x00000000       0x3d build/pic32mx_sk/production/_ext/1360937237/app2.o
 .comment       0x00000000       0x3d build/pic32mx_sk/production/_ext/1360937237/app3.o
 .comment       0x00000000       0x3d build/pic32mx_sk/production/_ext/1360937237/main.o
 .comment       0x00000000       0x3d build/pic32mx_sk/production/_ext/2067596619/osal_freertos.o
 .comment       0x00000000       0x3d build/pic32mx_sk/production/_ext/711155467/sys_int_pic32.o
 .comment       0x00000000       0x3d build/pic32mx_sk/production/_ext/427228813/heap_1.o
 .comment       0x00000000       0x3d build/pic32mx_sk/production/_ext/789006650/port.o
 .comment       0x00000000       0x3d build/pic32mx_sk/production/_ext/161854096/croutine.o
 .comment       0x00000000       0x3d build/pic32mx_sk/production/_ext/161854096/list.o
 .comment       0x00000000       0x3d build/pic32mx_sk/production/_ext/161854096/queue.o
 .comment       0x00000000       0x3d build/pic32mx_sk/production/_ext/161854096/tasks.o
 .comment       0x00000000       0x3d build/pic32mx_sk/production/_ext/161854096/timers.o
 .comment       0x00000000       0x3d build/pic32mx_sk/production/_ext/161854096/event_groups.o
 .comment       0x00000000       0x3d build/pic32mx_sk/production/_ext/161854096/stream_buffer.o
 .comment       0x0000003c       0x18 c:/program files (x86)/microchip/xc32/v2.30/bin/bin/../../lib/gcc/pic32mx/4.8.3/../../../../pic32mx/lib\libpic32.a(memset.o)
                                 0x19 (size before relaxing)
 .comment       0x00000000       0x3d c:/program files (x86)/microchip/xc32/v2.30/bin/bin/../../lib/gcc/pic32mx/4.8.3/../../../../pic32mx/lib\libpic32.a(default-bootstrap-exception-handler.o)
 .comment       0x00000000       0x3d c:/program files (x86)/microchip/xc32/v2.30/bin/bin/../../lib/gcc/pic32mx/4.8.3/../../../../pic32mx/lib\libpic32.a(default-on-reset.o)
 .comment       0x00000000       0x3d c:/program files (x86)/microchip/xc32/v2.30/bin/bin/../../lib/gcc/pic32mx/4.8.3/../../../../pic32mx/lib\libpic32.a(default-on-bootstrap.o)
 .comment       0x00000000       0x3d c:/program files (x86)/microchip/xc32/v2.30/bin/bin/../../lib/gcc/pic32mx/4.8.3/../../../../pic32mx/lib\libpic32.a(xc32_uart.o)
 .comment       0x00000000       0x3d c:/program files (x86)/microchip/xc32/v2.30/bin/bin/../../lib/gcc/pic32mx/4.8.3/../../../../pic32mx/lib\libpic32.a(defaultinterrupt.o)
 .comment       0x00000000       0x3d c:/program files (x86)/microchip/xc32/v2.30/bin/bin/../../lib/gcc/pic32mx/4.8.3/../../../../pic32mx/lib\libc.a(putchar.o)
 .comment       0x00000000       0x3d c:/program files (x86)/microchip/xc32/v2.30/bin/bin/../../lib/gcc/pic32mx/4.8.3/../../../../pic32mx/lib\libc.a(printf_s.eo)
 .comment       0x00000000       0x3d c:/program files (x86)/microchip/xc32/v2.30/bin/bin/../../lib/gcc/pic32mx/4.8.3/../../../../pic32mx/lib\libc.a(_iob.o)
 .comment       0x00000000       0x3d c:/program files (x86)/microchip/xc32/v2.30/bin/bin/../../lib/gcc/pic32mx/4.8.3/../../../../pic32mx/lib\libc.a(_fputc_simple.o)
 .comment       0x00000000       0x3d c:/program files (x86)/microchip/xc32/v2.30/bin/bin/../../lib/gcc/pic32mx/4.8.3/../../../../pic32mx/lib\libc.a(doprnt_s.eo)
 .comment       0x00000000       0x3d c:/program files (x86)/microchip/xc32/v2.30/bin/bin/../../lib/gcc/pic32mx/4.8.3/../../../../pic32mx/lib\libc.a(_flsbuf_simple.o)
 .comment       0x00000054       0x4e c:/program files (x86)/microchip/xc32/v2.30/bin/bin/../../lib/gcc/pic32mx/4.8.3/../../../../pic32mx/lib\libc.a(ctype.o)
                                 0x8b (size before relaxing)
 .comment       0x00000000       0x3d c:/program files (x86)/microchip/xc32/v2.30/bin/bin/../../lib/gcc/pic32mx/4.8.3\libgcc.a(_udivdi3.o)
 .comment       0x00000000       0x3d c:/program files (x86)/microchip/xc32/v2.30/bin/bin/../../lib/gcc/pic32mx/4.8.3\libgcc.a(_umoddi3.o)
 .comment       0x00000000       0x3d c:/program files (x86)/microchip/xc32/v2.30/bin/bin/../../lib/gcc/pic32mx/4.8.3/../../../../pic32mx/lib\libpic32.a(write.o)
 .comment       0x00000000       0x3d c:/program files (x86)/microchip/xc32/v2.30/bin/bin/../../lib/gcc/pic32mx/4.8.3/../../../../pic32mx/lib\libpic32.a(_mon_putc.o)

.debug
 *(.debug)

.line
 *(.line)

.debug_srcinfo
 *(.debug_srcinfo)

.debug_sfnames
 *(.debug_sfnames)

.debug_aranges  0x00000000      0xb58
 *(.debug_aranges)
 .debug_aranges
                0x00000000       0x68 build/pic32mx_sk/production/_ext/1764187882/bsp.o
 .debug_aranges
                0x00000068       0x50 build/pic32mx_sk/production/_ext/1458591747/sys_clk_pic32mx.o
 .debug_aranges
                0x000000b8       0x78 build/pic32mx_sk/production/_ext/374885412/sys_devcon.o
 .debug_aranges
                0x00000130       0x20 build/pic32mx_sk/production/_ext/374885412/sys_devcon_pic32mx.o
 .debug_aranges
                0x00000150      0x148 build/pic32mx_sk/production/_ext/1255054701/sys_ports_static.o
 .debug_aranges
                0x00000298       0x20 build/pic32mx_sk/production/_ext/351744058/system_init.o
 .debug_aranges
                0x000002b8       0x18 build/pic32mx_sk/production/_ext/351744058/system_interrupt.o
 .debug_aranges
                0x000002d0       0x20 build/pic32mx_sk/production/_ext/351744058/system_exceptions.o
 .debug_aranges
                0x000002f0       0x48 build/pic32mx_sk/production/_ext/351744058/system_tasks.o
 .debug_aranges
                0x00000338       0x40 build/pic32mx_sk/production/_ext/351744058/rtos_hooks.o
 .debug_aranges
                0x00000378       0x28 build/pic32mx_sk/production/_ext/1360937237/app.o
 .debug_aranges
                0x000003a0       0x50 build/pic32mx_sk/production/_ext/1360937237/app1.o
 .debug_aranges
                0x000003f0       0x28 build/pic32mx_sk/production/_ext/1360937237/app2.o
 .debug_aranges
                0x00000418       0x28 build/pic32mx_sk/production/_ext/1360937237/app3.o
 .debug_aranges
                0x00000440       0x20 build/pic32mx_sk/production/_ext/1360937237/main.o
 .debug_aranges
                0x00000460       0x88 build/pic32mx_sk/production/_ext/2067596619/osal_freertos.o
 .debug_aranges
                0x000004e8       0x48 build/pic32mx_sk/production/_ext/711155467/sys_int_pic32.o
 .debug_aranges
                0x00000530       0x38 build/pic32mx_sk/production/_ext/427228813/heap_1.o
 .debug_aranges
                0x00000568       0x58 build/pic32mx_sk/production/_ext/789006650/port.o
 .debug_aranges
                0x000005c0       0x20 build/pic32mx_sk/production/_ext/789006650/port_asm.o
 .debug_aranges
                0x000005e0       0x18 build/pic32mx_sk/production/_ext/161854096/croutine.o
 .debug_aranges
                0x000005f8       0x40 build/pic32mx_sk/production/_ext/161854096/list.o
 .debug_aranges
                0x00000638       0xc8 build/pic32mx_sk/production/_ext/161854096/queue.o
 .debug_aranges
                0x00000700      0x188 build/pic32mx_sk/production/_ext/161854096/tasks.o
 .debug_aranges
                0x00000888       0x18 build/pic32mx_sk/production/_ext/161854096/timers.o
 .debug_aranges
                0x000008a0       0x60 build/pic32mx_sk/production/_ext/161854096/event_groups.o
 .debug_aranges
                0x00000900       0xb8 build/pic32mx_sk/production/_ext/161854096/stream_buffer.o
 .debug_aranges
                0x000009b8       0x20 c:/program files (x86)/microchip/xc32/v2.30/bin/bin/../../lib/gcc/pic32mx/4.8.3/../../../../pic32mx/lib\libpic32.a(default-bootstrap-exception-handler.o)
 .debug_aranges
                0x000009d8       0x20 c:/program files (x86)/microchip/xc32/v2.30/bin/bin/../../lib/gcc/pic32mx/4.8.3/../../../../pic32mx/lib\libpic32.a(default-on-reset.o)
 .debug_aranges
                0x000009f8       0x20 c:/program files (x86)/microchip/xc32/v2.30/bin/bin/../../lib/gcc/pic32mx/4.8.3/../../../../pic32mx/lib\libpic32.a(default-on-bootstrap.o)
 .debug_aranges
                0x00000a18       0x20 c:/program files (x86)/microchip/xc32/v2.30/bin/bin/../../lib/gcc/pic32mx/4.8.3/../../../../pic32mx/lib\libpic32.a(defaultinterrupt.o)
 .debug_aranges
                0x00000a38       0x20 c:/program files (x86)/microchip/xc32/v2.30/bin/bin/../../lib/gcc/pic32mx/4.8.3/../../../../pic32mx/lib\libc.a(putchar.o)
 .debug_aranges
                0x00000a58       0x20 c:/program files (x86)/microchip/xc32/v2.30/bin/bin/../../lib/gcc/pic32mx/4.8.3/../../../../pic32mx/lib\libc.a(printf_s.eo)
 .debug_aranges
                0x00000a78       0x20 c:/program files (x86)/microchip/xc32/v2.30/bin/bin/../../lib/gcc/pic32mx/4.8.3/../../../../pic32mx/lib\libc.a(_fputc_simple.o)
 .debug_aranges
                0x00000a98       0x20 c:/program files (x86)/microchip/xc32/v2.30/bin/bin/../../lib/gcc/pic32mx/4.8.3/../../../../pic32mx/lib\libc.a(doprnt_s.eo)
 .debug_aranges
                0x00000ab8       0x20 c:/program files (x86)/microchip/xc32/v2.30/bin/bin/../../lib/gcc/pic32mx/4.8.3/../../../../pic32mx/lib\libc.a(_flsbuf_simple.o)
 .debug_aranges
                0x00000ad8       0x20 c:/program files (x86)/microchip/xc32/v2.30/bin/bin/../../lib/gcc/pic32mx/4.8.3\libgcc.a(_udivdi3.o)
 .debug_aranges
                0x00000af8       0x20 c:/program files (x86)/microchip/xc32/v2.30/bin/bin/../../lib/gcc/pic32mx/4.8.3\libgcc.a(_umoddi3.o)
 .debug_aranges
                0x00000b18       0x20 c:/program files (x86)/microchip/xc32/v2.30/bin/bin/../../lib/gcc/pic32mx/4.8.3/../../../../pic32mx/lib\libpic32.a(write.o)
 .debug_aranges
                0x00000b38       0x20 c:/program files (x86)/microchip/xc32/v2.30/bin/bin/../../lib/gcc/pic32mx/4.8.3/../../../../pic32mx/lib\libpic32.a(_mon_putc.o)

.debug_pubnames
 *(.debug_pubnames)

.debug_info     0x00000000    0x1e7d0
 *(.debug_info .gnu.linkonce.wi.*)
 .debug_info    0x00000000     0x12e3 build/pic32mx_sk/production/_ext/1764187882/bsp.o
 .debug_info    0x000012e3     0x170d build/pic32mx_sk/production/_ext/1458591747/sys_clk_pic32mx.o
 .debug_info    0x000029f0     0x19e9 build/pic32mx_sk/production/_ext/374885412/sys_devcon.o
 .debug_info    0x000043d9     0x1b05 build/pic32mx_sk/production/_ext/374885412/sys_devcon_pic32mx.o
 .debug_info    0x00005ede     0x458f build/pic32mx_sk/production/_ext/1255054701/sys_ports_static.o
 .debug_info    0x0000a46d     0x10e8 build/pic32mx_sk/production/_ext/351744058/system_init.o
 .debug_info    0x0000b555      0xb4e build/pic32mx_sk/production/_ext/351744058/system_interrupt.o
 .debug_info    0x0000c0a3      0xbfe build/pic32mx_sk/production/_ext/351744058/system_exceptions.o
 .debug_info    0x0000cca1      0xede build/pic32mx_sk/production/_ext/351744058/system_tasks.o
 .debug_info    0x0000db7f      0x367 build/pic32mx_sk/production/_ext/351744058/rtos_hooks.o
 .debug_info    0x0000dee6      0xd84 build/pic32mx_sk/production/_ext/1360937237/app.o
 .debug_info    0x0000ec6a     0x1424 build/pic32mx_sk/production/_ext/1360937237/app1.o
 .debug_info    0x0001008e      0xd2d build/pic32mx_sk/production/_ext/1360937237/app2.o
 .debug_info    0x00010dbb      0xc4a build/pic32mx_sk/production/_ext/1360937237/app3.o
 .debug_info    0x00011a05      0x1c7 build/pic32mx_sk/production/_ext/1360937237/main.o
 .debug_info    0x00011bcc      0xa42 build/pic32mx_sk/production/_ext/2067596619/osal_freertos.o
 .debug_info    0x0001260e     0x1481 build/pic32mx_sk/production/_ext/711155467/sys_int_pic32.o
 .debug_info    0x00013a8f      0x3db build/pic32mx_sk/production/_ext/427228813/heap_1.o
 .debug_info    0x00013e6a      0xed5 build/pic32mx_sk/production/_ext/789006650/port.o
 .debug_info    0x00014d3f       0xe0 build/pic32mx_sk/production/_ext/789006650/port_asm.o
 .debug_info    0x00014e1f      0x192 build/pic32mx_sk/production/_ext/161854096/croutine.o
 .debug_info    0x00014fb1      0x495 build/pic32mx_sk/production/_ext/161854096/list.o
 .debug_info    0x00015446     0x21bd build/pic32mx_sk/production/_ext/161854096/queue.o
 .debug_info    0x00017603     0x2ef5 build/pic32mx_sk/production/_ext/161854096/tasks.o
 .debug_info    0x0001a4f8      0x190 build/pic32mx_sk/production/_ext/161854096/timers.o
 .debug_info    0x0001a688      0xee0 build/pic32mx_sk/production/_ext/161854096/event_groups.o
 .debug_info    0x0001b568     0x1ab4 build/pic32mx_sk/production/_ext/161854096/stream_buffer.o
 .debug_info    0x0001d01c       0xf4 c:/program files (x86)/microchip/xc32/v2.30/bin/bin/../../lib/gcc/pic32mx/4.8.3/../../../../pic32mx/lib\libpic32.a(default-bootstrap-exception-handler.o)
 .debug_info    0x0001d110       0xcd c:/program files (x86)/microchip/xc32/v2.30/bin/bin/../../lib/gcc/pic32mx/4.8.3/../../../../pic32mx/lib\libpic32.a(default-on-reset.o)
 .debug_info    0x0001d1dd       0xd5 c:/program files (x86)/microchip/xc32/v2.30/bin/bin/../../lib/gcc/pic32mx/4.8.3/../../../../pic32mx/lib\libpic32.a(default-on-bootstrap.o)
 .debug_info    0x0001d2b2       0xe7 c:/program files (x86)/microchip/xc32/v2.30/bin/bin/../../lib/gcc/pic32mx/4.8.3/../../../../pic32mx/lib\libpic32.a(defaultinterrupt.o)
 .debug_info    0x0001d399       0xc6 c:/program files (x86)/microchip/xc32/v2.30/bin/bin/../../lib/gcc/pic32mx/4.8.3/../../../../pic32mx/lib\libc.a(putchar.o)
 .debug_info    0x0001d45f       0xc7 c:/program files (x86)/microchip/xc32/v2.30/bin/bin/../../lib/gcc/pic32mx/4.8.3/../../../../pic32mx/lib\libc.a(printf_s.eo)
 .debug_info    0x0001d526       0xc2 c:/program files (x86)/microchip/xc32/v2.30/bin/bin/../../lib/gcc/pic32mx/4.8.3/../../../../pic32mx/lib\libc.a(_fputc_simple.o)
 .debug_info    0x0001d5e8       0xca c:/program files (x86)/microchip/xc32/v2.30/bin/bin/../../lib/gcc/pic32mx/4.8.3/../../../../pic32mx/lib\libc.a(doprnt_s.eo)
 .debug_info    0x0001d6b2       0xc5 c:/program files (x86)/microchip/xc32/v2.30/bin/bin/../../lib/gcc/pic32mx/4.8.3/../../../../pic32mx/lib\libc.a(_flsbuf_simple.o)
 .debug_info    0x0001d777      0x74b c:/program files (x86)/microchip/xc32/v2.30/bin/bin/../../lib/gcc/pic32mx/4.8.3\libgcc.a(_udivdi3.o)
 .debug_info    0x0001dec2      0x788 c:/program files (x86)/microchip/xc32/v2.30/bin/bin/../../lib/gcc/pic32mx/4.8.3\libgcc.a(_umoddi3.o)
 .debug_info    0x0001e64a       0xbf c:/program files (x86)/microchip/xc32/v2.30/bin/bin/../../lib/gcc/pic32mx/4.8.3/../../../../pic32mx/lib\libpic32.a(write.o)
 .debug_info    0x0001e709       0xc7 c:/program files (x86)/microchip/xc32/v2.30/bin/bin/../../lib/gcc/pic32mx/4.8.3/../../../../pic32mx/lib\libpic32.a(_mon_putc.o)

.debug_abbrev   0x00000000     0x32da
 *(.debug_abbrev)
 .debug_abbrev  0x00000000      0x28a build/pic32mx_sk/production/_ext/1764187882/bsp.o
 .debug_abbrev  0x0000028a      0x26b build/pic32mx_sk/production/_ext/1458591747/sys_clk_pic32mx.o
 .debug_abbrev  0x000004f5      0x288 build/pic32mx_sk/production/_ext/374885412/sys_devcon.o
 .debug_abbrev  0x0000077d      0x20f build/pic32mx_sk/production/_ext/374885412/sys_devcon_pic32mx.o
 .debug_abbrev  0x0000098c      0x2a2 build/pic32mx_sk/production/_ext/1255054701/sys_ports_static.o
 .debug_abbrev  0x00000c2e      0x1c9 build/pic32mx_sk/production/_ext/351744058/system_init.o
 .debug_abbrev  0x00000df7       0x97 build/pic32mx_sk/production/_ext/351744058/system_interrupt.o
 .debug_abbrev  0x00000e8e       0xe6 build/pic32mx_sk/production/_ext/351744058/system_exceptions.o
 .debug_abbrev  0x00000f74      0x16f build/pic32mx_sk/production/_ext/351744058/system_tasks.o
 .debug_abbrev  0x000010e3       0xdf build/pic32mx_sk/production/_ext/351744058/rtos_hooks.o
 .debug_abbrev  0x000011c2      0x169 build/pic32mx_sk/production/_ext/1360937237/app.o
 .debug_abbrev  0x0000132b      0x219 build/pic32mx_sk/production/_ext/1360937237/app1.o
 .debug_abbrev  0x00001544      0x193 build/pic32mx_sk/production/_ext/1360937237/app2.o
 .debug_abbrev  0x000016d7      0x141 build/pic32mx_sk/production/_ext/1360937237/app3.o
 .debug_abbrev  0x00001818       0x93 build/pic32mx_sk/production/_ext/1360937237/main.o
 .debug_abbrev  0x000018ab      0x1fe build/pic32mx_sk/production/_ext/2067596619/osal_freertos.o
 .debug_abbrev  0x00001aa9      0x237 build/pic32mx_sk/production/_ext/711155467/sys_int_pic32.o
 .debug_abbrev  0x00001ce0      0x166 build/pic32mx_sk/production/_ext/427228813/heap_1.o
 .debug_abbrev  0x00001e46      0x2e3 build/pic32mx_sk/production/_ext/789006650/port.o
 .debug_abbrev  0x00002129       0x14 build/pic32mx_sk/production/_ext/789006650/port_asm.o
 .debug_abbrev  0x0000213d       0x1b build/pic32mx_sk/production/_ext/161854096/croutine.o
 .debug_abbrev  0x00002158       0xf8 build/pic32mx_sk/production/_ext/161854096/list.o
 .debug_abbrev  0x00002250      0x33b build/pic32mx_sk/production/_ext/161854096/queue.o
 .debug_abbrev  0x0000258b      0x3c3 build/pic32mx_sk/production/_ext/161854096/tasks.o
 .debug_abbrev  0x0000294e       0x1b build/pic32mx_sk/production/_ext/161854096/timers.o
 .debug_abbrev  0x00002969      0x27d build/pic32mx_sk/production/_ext/161854096/event_groups.o
 .debug_abbrev  0x00002be6      0x2bd build/pic32mx_sk/production/_ext/161854096/stream_buffer.o
 .debug_abbrev  0x00002ea3       0x28 c:/program files (x86)/microchip/xc32/v2.30/bin/bin/../../lib/gcc/pic32mx/4.8.3/../../../../pic32mx/lib\libpic32.a(default-bootstrap-exception-handler.o)
 .debug_abbrev  0x00002ecb       0x28 c:/program files (x86)/microchip/xc32/v2.30/bin/bin/../../lib/gcc/pic32mx/4.8.3/../../../../pic32mx/lib\libpic32.a(default-on-reset.o)
 .debug_abbrev  0x00002ef3       0x28 c:/program files (x86)/microchip/xc32/v2.30/bin/bin/../../lib/gcc/pic32mx/4.8.3/../../../../pic32mx/lib\libpic32.a(default-on-bootstrap.o)
 .debug_abbrev  0x00002f1b       0x28 c:/program files (x86)/microchip/xc32/v2.30/bin/bin/../../lib/gcc/pic32mx/4.8.3/../../../../pic32mx/lib\libpic32.a(defaultinterrupt.o)
 .debug_abbrev  0x00002f43       0x28 c:/program files (x86)/microchip/xc32/v2.30/bin/bin/../../lib/gcc/pic32mx/4.8.3/../../../../pic32mx/lib\libc.a(putchar.o)
 .debug_abbrev  0x00002f6b       0x28 c:/program files (x86)/microchip/xc32/v2.30/bin/bin/../../lib/gcc/pic32mx/4.8.3/../../../../pic32mx/lib\libc.a(printf_s.eo)
 .debug_abbrev  0x00002f93       0x28 c:/program files (x86)/microchip/xc32/v2.30/bin/bin/../../lib/gcc/pic32mx/4.8.3/../../../../pic32mx/lib\libc.a(_fputc_simple.o)
 .debug_abbrev  0x00002fbb       0x28 c:/program files (x86)/microchip/xc32/v2.30/bin/bin/../../lib/gcc/pic32mx/4.8.3/../../../../pic32mx/lib\libc.a(doprnt_s.eo)
 .debug_abbrev  0x00002fe3       0x28 c:/program files (x86)/microchip/xc32/v2.30/bin/bin/../../lib/gcc/pic32mx/4.8.3/../../../../pic32mx/lib\libc.a(_flsbuf_simple.o)
 .debug_abbrev  0x0000300b      0x138 c:/program files (x86)/microchip/xc32/v2.30/bin/bin/../../lib/gcc/pic32mx/4.8.3\libgcc.a(_udivdi3.o)
 .debug_abbrev  0x00003143      0x147 c:/program files (x86)/microchip/xc32/v2.30/bin/bin/../../lib/gcc/pic32mx/4.8.3\libgcc.a(_umoddi3.o)
 .debug_abbrev  0x0000328a       0x28 c:/program files (x86)/microchip/xc32/v2.30/bin/bin/../../lib/gcc/pic32mx/4.8.3/../../../../pic32mx/lib\libpic32.a(write.o)
 .debug_abbrev  0x000032b2       0x28 c:/program files (x86)/microchip/xc32/v2.30/bin/bin/../../lib/gcc/pic32mx/4.8.3/../../../../pic32mx/lib\libpic32.a(_mon_putc.o)

.debug_line     0x00000000     0x6703
 *(.debug_line)
 .debug_line    0x00000000      0x408 build/pic32mx_sk/production/_ext/1764187882/bsp.o
 .debug_line    0x00000408      0x4b8 build/pic32mx_sk/production/_ext/1458591747/sys_clk_pic32mx.o
 .debug_line    0x000008c0      0x742 build/pic32mx_sk/production/_ext/374885412/sys_devcon.o
 .debug_line    0x00001002      0x55b build/pic32mx_sk/production/_ext/374885412/sys_devcon_pic32mx.o
 .debug_line    0x0000155d      0x948 build/pic32mx_sk/production/_ext/1255054701/sys_ports_static.o
 .debug_line    0x00001ea5      0x494 build/pic32mx_sk/production/_ext/351744058/system_init.o
 .debug_line    0x00002339       0xdc build/pic32mx_sk/production/_ext/351744058/system_interrupt.o
 .debug_line    0x00002415      0x174 build/pic32mx_sk/production/_ext/351744058/system_exceptions.o
 .debug_line    0x00002589      0x337 build/pic32mx_sk/production/_ext/351744058/system_tasks.o
 .debug_line    0x000028c0      0x221 build/pic32mx_sk/production/_ext/351744058/rtos_hooks.o
 .debug_line    0x00002ae1      0x24f build/pic32mx_sk/production/_ext/1360937237/app.o
 .debug_line    0x00002d30      0x44b build/pic32mx_sk/production/_ext/1360937237/app1.o
 .debug_line    0x0000317b      0x2ca build/pic32mx_sk/production/_ext/1360937237/app2.o
 .debug_line    0x00003445      0x1e3 build/pic32mx_sk/production/_ext/1360937237/app3.o
 .debug_line    0x00003628       0xe5 build/pic32mx_sk/production/_ext/1360937237/main.o
 .debug_line    0x0000370d      0x332 build/pic32mx_sk/production/_ext/2067596619/osal_freertos.o
 .debug_line    0x00003a3f      0x339 build/pic32mx_sk/production/_ext/711155467/sys_int_pic32.o
 .debug_line    0x00003d78      0x2d9 build/pic32mx_sk/production/_ext/427228813/heap_1.o
 .debug_line    0x00004051      0x300 build/pic32mx_sk/production/_ext/789006650/port.o
 .debug_line    0x00004351      0x107 build/pic32mx_sk/production/_ext/789006650/port_asm.o
 .debug_line    0x00004458       0x1d build/pic32mx_sk/production/_ext/161854096/croutine.o
 .debug_line    0x00004475      0x217 build/pic32mx_sk/production/_ext/161854096/list.o
 .debug_line    0x0000468c      0x642 build/pic32mx_sk/production/_ext/161854096/queue.o
 .debug_line    0x00004cce      0x908 build/pic32mx_sk/production/_ext/161854096/tasks.o
 .debug_line    0x000055d6       0x1d build/pic32mx_sk/production/_ext/161854096/timers.o
 .debug_line    0x000055f3      0x3f7 build/pic32mx_sk/production/_ext/161854096/event_groups.o
 .debug_line    0x000059ea      0x51a build/pic32mx_sk/production/_ext/161854096/stream_buffer.o
 .debug_line    0x00005f04       0xa6 c:/program files (x86)/microchip/xc32/v2.30/bin/bin/../../lib/gcc/pic32mx/4.8.3/../../../../pic32mx/lib\libpic32.a(default-bootstrap-exception-handler.o)
 .debug_line    0x00005faa       0x93 c:/program files (x86)/microchip/xc32/v2.30/bin/bin/../../lib/gcc/pic32mx/4.8.3/../../../../pic32mx/lib\libpic32.a(default-on-reset.o)
 .debug_line    0x0000603d       0x97 c:/program files (x86)/microchip/xc32/v2.30/bin/bin/../../lib/gcc/pic32mx/4.8.3/../../../../pic32mx/lib\libpic32.a(default-on-bootstrap.o)
 .debug_line    0x000060d4        0x0 c:/program files (x86)/microchip/xc32/v2.30/bin/bin/../../lib/gcc/pic32mx/4.8.3/../../../../pic32mx/lib\libpic32.a(xc32_uart.o)
 .debug_line    0x000060d4       0xa5 c:/program files (x86)/microchip/xc32/v2.30/bin/bin/../../lib/gcc/pic32mx/4.8.3/../../../../pic32mx/lib\libpic32.a(defaultinterrupt.o)
 .debug_line    0x00006179       0x7f c:/program files (x86)/microchip/xc32/v2.30/bin/bin/../../lib/gcc/pic32mx/4.8.3/../../../../pic32mx/lib\libc.a(putchar.o)
 .debug_line    0x000061f8       0x7e c:/program files (x86)/microchip/xc32/v2.30/bin/bin/../../lib/gcc/pic32mx/4.8.3/../../../../pic32mx/lib\libc.a(printf_s.eo)
 .debug_line    0x00006276        0x0 c:/program files (x86)/microchip/xc32/v2.30/bin/bin/../../lib/gcc/pic32mx/4.8.3/../../../../pic32mx/lib\libc.a(_iob.o)
 .debug_line    0x00006276       0x7d c:/program files (x86)/microchip/xc32/v2.30/bin/bin/../../lib/gcc/pic32mx/4.8.3/../../../../pic32mx/lib\libc.a(_fputc_simple.o)
 .debug_line    0x000062f3       0x7e c:/program files (x86)/microchip/xc32/v2.30/bin/bin/../../lib/gcc/pic32mx/4.8.3/../../../../pic32mx/lib\libc.a(doprnt_s.eo)
 .debug_line    0x00006371       0x7e c:/program files (x86)/microchip/xc32/v2.30/bin/bin/../../lib/gcc/pic32mx/4.8.3/../../../../pic32mx/lib\libc.a(_flsbuf_simple.o)
 .debug_line    0x000063ef        0x0 c:/program files (x86)/microchip/xc32/v2.30/bin/bin/../../lib/gcc/pic32mx/4.8.3/../../../../pic32mx/lib\libc.a(ctype.o)
 .debug_line    0x000063ef       0xf7 c:/program files (x86)/microchip/xc32/v2.30/bin/bin/../../lib/gcc/pic32mx/4.8.3\libgcc.a(_udivdi3.o)
 .debug_line    0x000064e6      0x109 c:/program files (x86)/microchip/xc32/v2.30/bin/bin/../../lib/gcc/pic32mx/4.8.3\libgcc.a(_umoddi3.o)
 .debug_line    0x000065ef       0x88 c:/program files (x86)/microchip/xc32/v2.30/bin/bin/../../lib/gcc/pic32mx/4.8.3/../../../../pic32mx/lib\libpic32.a(write.o)
 .debug_line    0x00006677       0x8c c:/program files (x86)/microchip/xc32/v2.30/bin/bin/../../lib/gcc/pic32mx/4.8.3/../../../../pic32mx/lib\libpic32.a(_mon_putc.o)

.debug_frame    0x00000000     0x1a08
 *(.debug_frame)
 .debug_frame   0x00000000       0xbc build/pic32mx_sk/production/_ext/1764187882/bsp.o
 .debug_frame   0x000000bc       0xa4 build/pic32mx_sk/production/_ext/1458591747/sys_clk_pic32mx.o
 .debug_frame   0x00000160       0xf4 build/pic32mx_sk/production/_ext/374885412/sys_devcon.o
 .debug_frame   0x00000254       0x2c build/pic32mx_sk/production/_ext/374885412/sys_devcon_pic32mx.o
 .debug_frame   0x00000280      0x270 build/pic32mx_sk/production/_ext/1255054701/sys_ports_static.o
 .debug_frame   0x000004f0       0x2c build/pic32mx_sk/production/_ext/351744058/system_init.o
 .debug_frame   0x0000051c       0x28 build/pic32mx_sk/production/_ext/351744058/system_exceptions.o
 .debug_frame   0x00000544       0xa4 build/pic32mx_sk/production/_ext/351744058/system_tasks.o
 .debug_frame   0x000005e8       0x7c build/pic32mx_sk/production/_ext/351744058/rtos_hooks.o
 .debug_frame   0x00000664       0x48 build/pic32mx_sk/production/_ext/1360937237/app.o
 .debug_frame   0x000006ac       0xa4 build/pic32mx_sk/production/_ext/1360937237/app1.o
 .debug_frame   0x00000750       0x3c build/pic32mx_sk/production/_ext/1360937237/app2.o
 .debug_frame   0x0000078c       0x3c build/pic32mx_sk/production/_ext/1360937237/app3.o
 .debug_frame   0x000007c8       0x28 build/pic32mx_sk/production/_ext/1360937237/main.o
 .debug_frame   0x000007f0      0x180 build/pic32mx_sk/production/_ext/2067596619/osal_freertos.o
 .debug_frame   0x00000970       0xa0 build/pic32mx_sk/production/_ext/711155467/sys_int_pic32.o
 .debug_frame   0x00000a10       0x6c build/pic32mx_sk/production/_ext/427228813/heap_1.o
 .debug_frame   0x00000a7c       0xdc build/pic32mx_sk/production/_ext/789006650/port.o
 .debug_frame   0x00000b58       0x60 build/pic32mx_sk/production/_ext/161854096/list.o
 .debug_frame   0x00000bb8      0x2f0 build/pic32mx_sk/production/_ext/161854096/queue.o
 .debug_frame   0x00000ea8      0x53c build/pic32mx_sk/production/_ext/161854096/tasks.o
 .debug_frame   0x000013e4      0x13c build/pic32mx_sk/production/_ext/161854096/event_groups.o
 .debug_frame   0x00001520      0x2a8 build/pic32mx_sk/production/_ext/161854096/stream_buffer.o
 .debug_frame   0x000017c8       0x2c c:/program files (x86)/microchip/xc32/v2.30/bin/bin/../../lib/gcc/pic32mx/4.8.3/../../../../pic32mx/lib\libpic32.a(default-bootstrap-exception-handler.o)
 .debug_frame   0x000017f4       0x20 c:/program files (x86)/microchip/xc32/v2.30/bin/bin/../../lib/gcc/pic32mx/4.8.3/../../../../pic32mx/lib\libpic32.a(default-on-reset.o)
 .debug_frame   0x00001814       0x20 c:/program files (x86)/microchip/xc32/v2.30/bin/bin/../../lib/gcc/pic32mx/4.8.3/../../../../pic32mx/lib\libpic32.a(default-on-bootstrap.o)
 .debug_frame   0x00001834       0x20 c:/program files (x86)/microchip/xc32/v2.30/bin/bin/../../lib/gcc/pic32mx/4.8.3/../../../../pic32mx/lib\libpic32.a(defaultinterrupt.o)
 .debug_frame   0x00001854       0x2c c:/program files (x86)/microchip/xc32/v2.30/bin/bin/../../lib/gcc/pic32mx/4.8.3/../../../../pic32mx/lib\libc.a(putchar.o)
 .debug_frame   0x00001880       0x2c c:/program files (x86)/microchip/xc32/v2.30/bin/bin/../../lib/gcc/pic32mx/4.8.3/../../../../pic32mx/lib\libc.a(printf_s.eo)
 .debug_frame   0x000018ac       0x30 c:/program files (x86)/microchip/xc32/v2.30/bin/bin/../../lib/gcc/pic32mx/4.8.3/../../../../pic32mx/lib\libc.a(_fputc_simple.o)
 .debug_frame   0x000018dc       0x48 c:/program files (x86)/microchip/xc32/v2.30/bin/bin/../../lib/gcc/pic32mx/4.8.3/../../../../pic32mx/lib\libc.a(doprnt_s.eo)
 .debug_frame   0x00001924       0x38 c:/program files (x86)/microchip/xc32/v2.30/bin/bin/../../lib/gcc/pic32mx/4.8.3/../../../../pic32mx/lib\libc.a(_flsbuf_simple.o)
 .debug_frame   0x0000195c       0x20 c:/program files (x86)/microchip/xc32/v2.30/bin/bin/../../lib/gcc/pic32mx/4.8.3\libgcc.a(_udivdi3.o)
 .debug_frame   0x0000197c       0x20 c:/program files (x86)/microchip/xc32/v2.30/bin/bin/../../lib/gcc/pic32mx/4.8.3\libgcc.a(_umoddi3.o)
 .debug_frame   0x0000199c       0x38 c:/program files (x86)/microchip/xc32/v2.30/bin/bin/../../lib/gcc/pic32mx/4.8.3/../../../../pic32mx/lib\libpic32.a(write.o)
 .debug_frame   0x000019d4       0x34 c:/program files (x86)/microchip/xc32/v2.30/bin/bin/../../lib/gcc/pic32mx/4.8.3/../../../../pic32mx/lib\libpic32.a(_mon_putc.o)

.debug_str      0x00000000      0x6ec
 *(.debug_str)
 .debug_str     0x00000000       0x15 build/pic32mx_sk/production/_ext/1764187882/bsp.o
 .debug_str     0x00000015       0x39 build/pic32mx_sk/production/_ext/1458591747/sys_clk_pic32mx.o
 .debug_str     0x0000004e       0x16 build/pic32mx_sk/production/_ext/374885412/sys_devcon.o
 .debug_str     0x00000064        0x6 build/pic32mx_sk/production/_ext/374885412/sys_devcon_pic32mx.o
 .debug_str     0x0000006a       0x98 build/pic32mx_sk/production/_ext/1255054701/sys_ports_static.o
 .debug_str     0x00000102        0x0 build/pic32mx_sk/production/_ext/351744058/system_init.o
 .debug_str     0x00000102        0x0 build/pic32mx_sk/production/_ext/351744058/system_interrupt.o
 .debug_str     0x00000102        0x0 build/pic32mx_sk/production/_ext/351744058/system_exceptions.o
 .debug_str     0x00000102        0x0 build/pic32mx_sk/production/_ext/351744058/system_tasks.o
 .debug_str     0x00000102        0x9 build/pic32mx_sk/production/_ext/351744058/rtos_hooks.o
 .debug_str     0x0000010b        0x0 build/pic32mx_sk/production/_ext/1360937237/app.o
 .debug_str     0x0000010b        0x0 build/pic32mx_sk/production/_ext/1360937237/app1.o
 .debug_str     0x0000010b        0x0 build/pic32mx_sk/production/_ext/1360937237/app2.o
 .debug_str     0x0000010b        0x0 build/pic32mx_sk/production/_ext/1360937237/app3.o
 .debug_str     0x0000010b        0x0 build/pic32mx_sk/production/_ext/1360937237/main.o
 .debug_str     0x0000010b       0x40 build/pic32mx_sk/production/_ext/2067596619/osal_freertos.o
 .debug_str     0x0000014b       0x1d build/pic32mx_sk/production/_ext/711155467/sys_int_pic32.o
 .debug_str     0x00000168       0x1d build/pic32mx_sk/production/_ext/427228813/heap_1.o
 .debug_str     0x00000185       0x37 build/pic32mx_sk/production/_ext/789006650/port.o
 .debug_str     0x000001bc        0x0 build/pic32mx_sk/production/_ext/161854096/croutine.o
 .debug_str     0x000001bc       0x2b build/pic32mx_sk/production/_ext/161854096/list.o
 .debug_str     0x000001e7      0x131 build/pic32mx_sk/production/_ext/161854096/queue.o
 .debug_str     0x00000318      0x1b1 build/pic32mx_sk/production/_ext/161854096/tasks.o
 .debug_str     0x000004c9        0x0 build/pic32mx_sk/production/_ext/161854096/timers.o
 .debug_str     0x000004c9       0xe6 build/pic32mx_sk/production/_ext/161854096/event_groups.o
 .debug_str     0x000005af      0x13d build/pic32mx_sk/production/_ext/161854096/stream_buffer.o
 .debug_str     0x000006ec        0x0 c:/program files (x86)/microchip/xc32/v2.30/bin/bin/../../lib/gcc/pic32mx/4.8.3/../../../../pic32mx/lib\libpic32.a(default-bootstrap-exception-handler.o)
 .debug_str     0x000006ec        0x0 c:/program files (x86)/microchip/xc32/v2.30/bin/bin/../../lib/gcc/pic32mx/4.8.3/../../../../pic32mx/lib\libpic32.a(default-on-reset.o)
 .debug_str     0x000006ec        0x0 c:/program files (x86)/microchip/xc32/v2.30/bin/bin/../../lib/gcc/pic32mx/4.8.3/../../../../pic32mx/lib\libpic32.a(default-on-bootstrap.o)
 .debug_str     0x000006ec        0x0 c:/program files (x86)/microchip/xc32/v2.30/bin/bin/../../lib/gcc/pic32mx/4.8.3/../../../../pic32mx/lib\libpic32.a(xc32_uart.o)
 .debug_str     0x000006ec        0x0 c:/program files (x86)/microchip/xc32/v2.30/bin/bin/../../lib/gcc/pic32mx/4.8.3/../../../../pic32mx/lib\libpic32.a(defaultinterrupt.o)
 .debug_str     0x000006ec        0x0 c:/program files (x86)/microchip/xc32/v2.30/bin/bin/../../lib/gcc/pic32mx/4.8.3/../../../../pic32mx/lib\libc.a(putchar.o)
 .debug_str     0x000006ec        0x0 c:/program files (x86)/microchip/xc32/v2.30/bin/bin/../../lib/gcc/pic32mx/4.8.3/../../../../pic32mx/lib\libc.a(printf_s.eo)
 .debug_str     0x000006ec        0x0 c:/program files (x86)/microchip/xc32/v2.30/bin/bin/../../lib/gcc/pic32mx/4.8.3/../../../../pic32mx/lib\libc.a(_iob.o)
 .debug_str     0x000006ec        0x0 c:/program files (x86)/microchip/xc32/v2.30/bin/bin/../../lib/gcc/pic32mx/4.8.3/../../../../pic32mx/lib\libc.a(_fputc_simple.o)
 .debug_str     0x000006ec        0x0 c:/program files (x86)/microchip/xc32/v2.30/bin/bin/../../lib/gcc/pic32mx/4.8.3/../../../../pic32mx/lib\libc.a(doprnt_s.eo)
 .debug_str     0x000006ec        0x0 c:/program files (x86)/microchip/xc32/v2.30/bin/bin/../../lib/gcc/pic32mx/4.8.3/../../../../pic32mx/lib\libc.a(_flsbuf_simple.o)
 .debug_str     0x000006ec        0x0 c:/program files (x86)/microchip/xc32/v2.30/bin/bin/../../lib/gcc/pic32mx/4.8.3/../../../../pic32mx/lib\libc.a(ctype.o)
 .debug_str     0x000006ec        0x0 c:/program files (x86)/microchip/xc32/v2.30/bin/bin/../../lib/gcc/pic32mx/4.8.3\libgcc.a(_udivdi3.o)
 .debug_str     0x000006ec        0x0 c:/program files (x86)/microchip/xc32/v2.30/bin/bin/../../lib/gcc/pic32mx/4.8.3\libgcc.a(_umoddi3.o)
 .debug_str     0x000006ec        0x0 c:/program files (x86)/microchip/xc32/v2.30/bin/bin/../../lib/gcc/pic32mx/4.8.3/../../../../pic32mx/lib\libpic32.a(write.o)
 .debug_str     0x000006ec        0x0 c:/program files (x86)/microchip/xc32/v2.30/bin/bin/../../lib/gcc/pic32mx/4.8.3/../../../../pic32mx/lib\libpic32.a(_mon_putc.o)

.debug_loc      0x00000000     0x6e53
 *(.debug_loc)
 .debug_loc     0x00000000      0x3bb build/pic32mx_sk/production/_ext/1764187882/bsp.o
 .debug_loc     0x000003bb       0x49 build/pic32mx_sk/production/_ext/1458591747/sys_clk_pic32mx.o
 .debug_loc     0x00000404       0xf0 build/pic32mx_sk/production/_ext/374885412/sys_devcon.o
 .debug_loc     0x000004f4       0xda build/pic32mx_sk/production/_ext/374885412/sys_devcon_pic32mx.o
 .debug_loc     0x000005ce      0x8a5 build/pic32mx_sk/production/_ext/1255054701/sys_ports_static.o
 .debug_loc     0x00000e73       0x21 build/pic32mx_sk/production/_ext/351744058/system_init.o
 .debug_loc     0x00000e94       0x7e build/pic32mx_sk/production/_ext/351744058/rtos_hooks.o
 .debug_loc     0x00000f12       0x5b build/pic32mx_sk/production/_ext/1360937237/app1.o
 .debug_loc     0x00000f6d      0x416 build/pic32mx_sk/production/_ext/2067596619/osal_freertos.o
 .debug_loc     0x00001383       0x7c build/pic32mx_sk/production/_ext/711155467/sys_int_pic32.o
 .debug_loc     0x000013ff       0x6a build/pic32mx_sk/production/_ext/427228813/heap_1.o
 .debug_loc     0x00001469       0xee build/pic32mx_sk/production/_ext/789006650/port.o
 .debug_loc     0x00001557       0x44 build/pic32mx_sk/production/_ext/161854096/list.o
 .debug_loc     0x0000159b     0x1241 build/pic32mx_sk/production/_ext/161854096/queue.o
 .debug_loc     0x000027dc     0x1673 build/pic32mx_sk/production/_ext/161854096/tasks.o
 .debug_loc     0x00003e4f      0x95e build/pic32mx_sk/production/_ext/161854096/event_groups.o
 .debug_loc     0x000047ad     0x117b build/pic32mx_sk/production/_ext/161854096/stream_buffer.o
 .debug_loc     0x00005928       0x2c c:/program files (x86)/microchip/xc32/v2.30/bin/bin/../../lib/gcc/pic32mx/4.8.3/../../../../pic32mx/lib\libpic32.a(default-bootstrap-exception-handler.o)
 .debug_loc     0x00005954      0xa6a c:/program files (x86)/microchip/xc32/v2.30/bin/bin/../../lib/gcc/pic32mx/4.8.3\libgcc.a(_udivdi3.o)
 .debug_loc     0x000063be      0xa3d c:/program files (x86)/microchip/xc32/v2.30/bin/bin/../../lib/gcc/pic32mx/4.8.3\libgcc.a(_umoddi3.o)
 .debug_loc     0x00006dfb       0x38 c:/program files (x86)/microchip/xc32/v2.30/bin/bin/../../lib/gcc/pic32mx/4.8.3/../../../../pic32mx/lib\libpic32.a(write.o)
 .debug_loc     0x00006e33       0x20 c:/program files (x86)/microchip/xc32/v2.30/bin/bin/../../lib/gcc/pic32mx/4.8.3/../../../../pic32mx/lib\libpic32.a(_mon_putc.o)

.debug_macinfo
 *(.debug_macinfo)

.debug_weaknames
 *(.debug_weaknames)

.debug_funcnames
 *(.debug_funcnames)

.debug_typenames
 *(.debug_typenames)

.debug_varnames
 *(.debug_varnames)

.debug_pubtypes
 *(.debug_pubtypes)

.debug_ranges   0x00000000      0xc08
 *(.debug_ranges)
 .debug_ranges  0x00000000      0x100 build/pic32mx_sk/production/_ext/1764187882/bsp.o
 .debug_ranges  0x00000100       0x40 build/pic32mx_sk/production/_ext/1458591747/sys_clk_pic32mx.o
 .debug_ranges  0x00000140       0x68 build/pic32mx_sk/production/_ext/374885412/sys_devcon.o
 .debug_ranges  0x000001a8       0x10 build/pic32mx_sk/production/_ext/374885412/sys_devcon_pic32mx.o
 .debug_ranges  0x000001b8      0x160 build/pic32mx_sk/production/_ext/1255054701/sys_ports_static.o
 .debug_ranges  0x00000318       0x10 build/pic32mx_sk/production/_ext/351744058/system_init.o
 .debug_ranges  0x00000328       0x10 build/pic32mx_sk/production/_ext/351744058/system_exceptions.o
 .debug_ranges  0x00000338       0x38 build/pic32mx_sk/production/_ext/351744058/system_tasks.o
 .debug_ranges  0x00000370       0x30 build/pic32mx_sk/production/_ext/351744058/rtos_hooks.o
 .debug_ranges  0x000003a0       0x18 build/pic32mx_sk/production/_ext/1360937237/app.o
 .debug_ranges  0x000003b8       0x40 build/pic32mx_sk/production/_ext/1360937237/app1.o
 .debug_ranges  0x000003f8       0x18 build/pic32mx_sk/production/_ext/1360937237/app2.o
 .debug_ranges  0x00000410       0x18 build/pic32mx_sk/production/_ext/1360937237/app3.o
 .debug_ranges  0x00000428       0x10 build/pic32mx_sk/production/_ext/1360937237/main.o
 .debug_ranges  0x00000438       0x78 build/pic32mx_sk/production/_ext/2067596619/osal_freertos.o
 .debug_ranges  0x000004b0       0x50 build/pic32mx_sk/production/_ext/711155467/sys_int_pic32.o
 .debug_ranges  0x00000500       0x28 build/pic32mx_sk/production/_ext/427228813/heap_1.o
 .debug_ranges  0x00000528       0x48 build/pic32mx_sk/production/_ext/789006650/port.o
 .debug_ranges  0x00000570       0x30 build/pic32mx_sk/production/_ext/161854096/list.o
 .debug_ranges  0x000005a0      0x130 build/pic32mx_sk/production/_ext/161854096/queue.o
 .debug_ranges  0x000006d0      0x1d8 build/pic32mx_sk/production/_ext/161854096/tasks.o
 .debug_ranges  0x000008a8       0x98 build/pic32mx_sk/production/_ext/161854096/event_groups.o
 .debug_ranges  0x00000940       0xa8 build/pic32mx_sk/production/_ext/161854096/stream_buffer.o
 .debug_ranges  0x000009e8       0x10 c:/program files (x86)/microchip/xc32/v2.30/bin/bin/../../lib/gcc/pic32mx/4.8.3/../../../../pic32mx/lib\libpic32.a(default-bootstrap-exception-handler.o)
 .debug_ranges  0x000009f8       0x10 c:/program files (x86)/microchip/xc32/v2.30/bin/bin/../../lib/gcc/pic32mx/4.8.3/../../../../pic32mx/lib\libpic32.a(default-on-reset.o)
 .debug_ranges  0x00000a08       0x10 c:/program files (x86)/microchip/xc32/v2.30/bin/bin/../../lib/gcc/pic32mx/4.8.3/../../../../pic32mx/lib\libpic32.a(default-on-bootstrap.o)
 .debug_ranges  0x00000a18       0x10 c:/program files (x86)/microchip/xc32/v2.30/bin/bin/../../lib/gcc/pic32mx/4.8.3/../../../../pic32mx/lib\libpic32.a(defaultinterrupt.o)
 .debug_ranges  0x00000a28       0x10 c:/program files (x86)/microchip/xc32/v2.30/bin/bin/../../lib/gcc/pic32mx/4.8.3/../../../../pic32mx/lib\libc.a(putchar.o)
 .debug_ranges  0x00000a38       0x10 c:/program files (x86)/microchip/xc32/v2.30/bin/bin/../../lib/gcc/pic32mx/4.8.3/../../../../pic32mx/lib\libc.a(printf_s.eo)
 .debug_ranges  0x00000a48       0x10 c:/program files (x86)/microchip/xc32/v2.30/bin/bin/../../lib/gcc/pic32mx/4.8.3/../../../../pic32mx/lib\libc.a(_fputc_simple.o)
 .debug_ranges  0x00000a58       0x10 c:/program files (x86)/microchip/xc32/v2.30/bin/bin/../../lib/gcc/pic32mx/4.8.3/../../../../pic32mx/lib\libc.a(doprnt_s.eo)
 .debug_ranges  0x00000a68       0x10 c:/program files (x86)/microchip/xc32/v2.30/bin/bin/../../lib/gcc/pic32mx/4.8.3/../../../../pic32mx/lib\libc.a(_flsbuf_simple.o)
 .debug_ranges  0x00000a78       0x98 c:/program files (x86)/microchip/xc32/v2.30/bin/bin/../../lib/gcc/pic32mx/4.8.3\libgcc.a(_udivdi3.o)
 .debug_ranges  0x00000b10       0xd8 c:/program files (x86)/microchip/xc32/v2.30/bin/bin/../../lib/gcc/pic32mx/4.8.3\libgcc.a(_umoddi3.o)
 .debug_ranges  0x00000be8       0x10 c:/program files (x86)/microchip/xc32/v2.30/bin/bin/../../lib/gcc/pic32mx/4.8.3/../../../../pic32mx/lib\libpic32.a(write.o)
 .debug_ranges  0x00000bf8       0x10 c:/program files (x86)/microchip/xc32/v2.30/bin/bin/../../lib/gcc/pic32mx/4.8.3/../../../../pic32mx/lib\libpic32.a(_mon_putc.o)

.gnu.attributes
                0x00000000       0x10
 *(.gnu.attributes)
 .gnu.attributes
                0x00000000       0x10 build/pic32mx_sk/production/_ext/1764187882/bsp.o
 .gnu.attributes
                0x00000010       0x10 build/pic32mx_sk/production/_ext/1458591747/sys_clk_pic32mx.o
 .gnu.attributes
                0x00000020       0x10 build/pic32mx_sk/production/_ext/374885412/sys_devcon.o
 .gnu.attributes
                0x00000030       0x10 build/pic32mx_sk/production/_ext/374885412/sys_devcon_pic32mx.o
 .gnu.attributes
                0x00000040       0x10 build/pic32mx_sk/production/_ext/1255054701/sys_ports_static.o
 .gnu.attributes
                0x00000050       0x10 build/pic32mx_sk/production/_ext/351744058/system_init.o
 .gnu.attributes
                0x00000060       0x10 build/pic32mx_sk/production/_ext/351744058/system_interrupt.o
 .gnu.attributes
                0x00000070       0x10 build/pic32mx_sk/production/_ext/351744058/system_exceptions.o
 .gnu.attributes
                0x00000080       0x10 build/pic32mx_sk/production/_ext/351744058/system_tasks.o
 .gnu.attributes
                0x00000090       0x10 build/pic32mx_sk/production/_ext/351744058/rtos_hooks.o
 .gnu.attributes
                0x000000a0       0x10 build/pic32mx_sk/production/_ext/1360937237/app.o
 .gnu.attributes
                0x000000b0       0x10 build/pic32mx_sk/production/_ext/1360937237/app1.o
 .gnu.attributes
                0x000000c0       0x10 build/pic32mx_sk/production/_ext/1360937237/app2.o
 .gnu.attributes
                0x000000d0       0x10 build/pic32mx_sk/production/_ext/1360937237/app3.o
 .gnu.attributes
                0x000000e0       0x10 build/pic32mx_sk/production/_ext/1360937237/main.o
 .gnu.attributes
                0x000000f0       0x10 build/pic32mx_sk/production/_ext/2067596619/osal_freertos.o
 .gnu.attributes
                0x00000100       0x10 build/pic32mx_sk/production/_ext/711155467/sys_int_pic32.o
 .gnu.attributes
                0x00000110       0x10 build/pic32mx_sk/production/_ext/427228813/heap_1.o
 .gnu.attributes
                0x00000120       0x10 build/pic32mx_sk/production/_ext/789006650/port.o
 .gnu.attributes
                0x00000130       0x10 build/pic32mx_sk/production/_ext/161854096/croutine.o
 .gnu.attributes
                0x00000140       0x10 build/pic32mx_sk/production/_ext/161854096/list.o
 .gnu.attributes
                0x00000150       0x10 build/pic32mx_sk/production/_ext/161854096/queue.o
 .gnu.attributes
                0x00000160       0x10 build/pic32mx_sk/production/_ext/161854096/tasks.o
 .gnu.attributes
                0x00000170       0x10 build/pic32mx_sk/production/_ext/161854096/timers.o
 .gnu.attributes
                0x00000180       0x10 build/pic32mx_sk/production/_ext/161854096/event_groups.o
 .gnu.attributes
                0x00000190       0x10 build/pic32mx_sk/production/_ext/161854096/stream_buffer.o
 .gnu.attributes
                0x000001a0       0x10 c:/program files (x86)/microchip/xc32/v2.30/bin/bin/../../lib/gcc/pic32mx/4.8.3/../../../../pic32mx/lib\libpic32.a(default-bootstrap-exception-handler.o)
 .gnu.attributes
                0x000001b0       0x10 c:/program files (x86)/microchip/xc32/v2.30/bin/bin/../../lib/gcc/pic32mx/4.8.3/../../../../pic32mx/lib\libpic32.a(default-on-reset.o)
 .gnu.attributes
                0x000001c0       0x10 c:/program files (x86)/microchip/xc32/v2.30/bin/bin/../../lib/gcc/pic32mx/4.8.3/../../../../pic32mx/lib\libpic32.a(default-on-bootstrap.o)
 .gnu.attributes
                0x000001d0       0x10 c:/program files (x86)/microchip/xc32/v2.30/bin/bin/../../lib/gcc/pic32mx/4.8.3/../../../../pic32mx/lib\libpic32.a(xc32_uart.o)
 .gnu.attributes
                0x000001e0       0x10 c:/program files (x86)/microchip/xc32/v2.30/bin/bin/../../lib/gcc/pic32mx/4.8.3/../../../../pic32mx/lib\libpic32.a(defaultinterrupt.o)
 .gnu.attributes
                0x000001f0       0x10 c:/program files (x86)/microchip/xc32/v2.30/bin/bin/../../lib/gcc/pic32mx/4.8.3/../../../../pic32mx/lib\libc.a(putchar.o)
 .gnu.attributes
                0x00000200       0x10 c:/program files (x86)/microchip/xc32/v2.30/bin/bin/../../lib/gcc/pic32mx/4.8.3/../../../../pic32mx/lib\libc.a(printf_s.eo)
 .gnu.attributes
                0x00000210       0x10 c:/program files (x86)/microchip/xc32/v2.30/bin/bin/../../lib/gcc/pic32mx/4.8.3/../../../../pic32mx/lib\libc.a(_iob.o)
 .gnu.attributes
                0x00000220       0x10 c:/program files (x86)/microchip/xc32/v2.30/bin/bin/../../lib/gcc/pic32mx/4.8.3/../../../../pic32mx/lib\libc.a(_fputc_simple.o)
 .gnu.attributes
                0x00000230       0x10 c:/program files (x86)/microchip/xc32/v2.30/bin/bin/../../lib/gcc/pic32mx/4.8.3/../../../../pic32mx/lib\libc.a(doprnt_s.eo)
 .gnu.attributes
                0x00000240       0x10 c:/program files (x86)/microchip/xc32/v2.30/bin/bin/../../lib/gcc/pic32mx/4.8.3/../../../../pic32mx/lib\libc.a(_flsbuf_simple.o)
 .gnu.attributes
                0x00000250       0x10 c:/program files (x86)/microchip/xc32/v2.30/bin/bin/../../lib/gcc/pic32mx/4.8.3/../../../../pic32mx/lib\libc.a(ctype.o)
 .gnu.attributes
                0x00000260       0x10 c:/program files (x86)/microchip/xc32/v2.30/bin/bin/../../lib/gcc/pic32mx/4.8.3\libgcc.a(_udivdi3.o)
 .gnu.attributes
                0x00000270       0x10 c:/program files (x86)/microchip/xc32/v2.30/bin/bin/../../lib/gcc/pic32mx/4.8.3\libgcc.a(_umoddi3.o)
 .gnu.attributes
                0x00000280       0x10 c:/program files (x86)/microchip/xc32/v2.30/bin/bin/../../lib/gcc/pic32mx/4.8.3/../../../../pic32mx/lib\libpic32.a(write.o)
 .gnu.attributes
                0x00000290       0x10 c:/program files (x86)/microchip/xc32/v2.30/bin/bin/../../lib/gcc/pic32mx/4.8.3/../../../../pic32mx/lib\libpic32.a(_mon_putc.o)
LOAD c:/program files (x86)/microchip/xc32/v2.30/bin/bin/../../lib/gcc/pic32mx/4.8.3\libgcc.a
START GROUP
LOAD c:/program files (x86)/microchip/xc32/v2.30/bin/bin/../../lib/gcc/pic32mx/4.8.3/../../../../pic32mx/lib\libpic32.a
LOAD c:/program files (x86)/microchip/xc32/v2.30/bin/bin/../../lib/gcc/pic32mx/4.8.3/../../../../pic32mx/lib\libdebug.a
LOAD c:/program files (x86)/microchip/xc32/v2.30/bin/bin/../../lib/gcc/pic32mx/4.8.3/../../../../pic32mx/lib\libpic32.a
LOAD c:/program files (x86)/microchip/xc32/v2.30/bin/bin/../../lib/gcc/pic32mx/4.8.3/../../../../pic32mx/lib\libc.a
LOAD c:/program files (x86)/microchip/xc32/v2.30/bin/bin/../../lib/gcc/pic32mx/4.8.3/../../../../pic32mx/lib\libc.a
LOAD c:/program files (x86)/microchip/xc32/v2.30/bin/bin/../../lib/gcc/pic32mx/4.8.3/../../../../pic32mx/lib\libm.a
LOAD c:/program files (x86)/microchip/xc32/v2.30/bin/bin/../../lib/gcc/pic32mx/4.8.3/../../../../pic32mx/lib\libe.a
LOAD c:/program files (x86)/microchip/xc32/v2.30/bin/bin/../../lib/gcc/pic32mx/4.8.3/../../../../pic32mx/lib\libdsp.a
LOAD c:/program files (x86)/microchip/xc32/v2.30/bin/bin/../../lib/gcc/pic32mx/4.8.3\libgcc.a
LOAD c:/program files (x86)/microchip/xc32/v2.30/bin/bin/../../lib/gcc/pic32mx/4.8.3/../../../../pic32mx/lib\libpic32.a
END GROUP
LOAD c:/program files (x86)/microchip/xc32/v2.30/bin/bin/../../lib/gcc/pic32mx/4.8.3\libgcc.a
OUTPUT(dist/pic32mx_sk/production/basic_freertos.X.production.elf elf32-tradlittlemips)
LOAD stack
LOAD data_init

.reginfo        0x00000000       0x18
 .reginfo       0x00000000       0x18 c:/program files (x86)/microchip/xc32/v2.30/bin/bin/../../lib/gcc/pic32mx/4.8.3/../../../../pic32mx/lib\debug-exception-return.o

.stack          0xa00077c0      0x400
 .stack         0xa00077c0      0x400 stack

.bss            0xa000007c     0x6d60
 .bss           0xa000007c     0x6d60 build/pic32mx_sk/production/_ext/427228813/heap_1.o

.bss            0xa0006de0      0x8dc
 .bss           0xa0006de0      0x800 build/pic32mx_sk/production/_ext/789006650/port.o
                0xa0006de0                xISRStack
 .bss           0xa00075e0       0xdc build/pic32mx_sk/production/_ext/161854096/tasks.o

.data           0xa00076bc       0xa4
 .data          0xa00076bc       0xa4 c:/program files (x86)/microchip/xc32/v2.30/bin/bin/../../lib/gcc/pic32mx/4.8.3/../../../../pic32mx/lib\libc.a(_iob.o)
                0xa00076bc                _Files
                0xa00076c0                _iob

.bss            0xa0007760       0x44
 .bss           0xa0007760       0x44 c:/program files (x86)/microchip/xc32/v2.30/bin/bin/../../lib/gcc/pic32mx/4.8.3/../../../../pic32mx/lib\libc.a(_iob.o)
                0xa0007760                _sobuf
                0xa0007780                _sibuf
                0xa00077a0                _outdone

._debug_exception
                0xbfc00480       0x2c
 ._debug_exception
                0xbfc00480       0x2c c:/program files (x86)/microchip/xc32/v2.30/bin/bin/../../lib/gcc/pic32mx/4.8.3/../../../../pic32mx/lib\debug-exception-return.o
                0xbfc00480                __DbgExecReturn

.text._vfprintf_s
                0x9d000000      0x860
 .text._vfprintf_s
                0x9d000000      0x860 c:/program files (x86)/microchip/xc32/v2.30/bin/bin/../../lib/gcc/pic32mx/4.8.3/../../../../pic32mx/lib\libc.a(doprnt_s.eo)
                0x9d000000                _vfprintf_0
                0x9d000000                _vfprintf_s

.text           0x9d000860      0x8bc
 .text          0x9d000860      0x464 c:/program files (x86)/microchip/xc32/v2.30/bin/bin/../../lib/gcc/pic32mx/4.8.3\libgcc.a(_umoddi3.o)
                0x9d000860                __umoddi3
 .text          0x9d000cc4      0x458 c:/program files (x86)/microchip/xc32/v2.30/bin/bin/../../lib/gcc/pic32mx/4.8.3\libgcc.a(_udivdi3.o)
                0x9d000cc4                __udivdi3
