
Optional file libmchp_peripheral.a not found

Optional file libmchp_peripheral_32MX795F512L.a not found
Archive member included because of file (symbol)

c:/program files (x86)/microchip/xc32/v2.30/bin/bin/../../lib/gcc/pic32mx/4.8.3\libgcc.a(floatunsisf.o)
                              build/default/production/_ext/375438040/lodepng.o (__floatunsisf)
c:/program files (x86)/microchip/xc32/v2.30/bin/bin/../../lib/gcc/pic32mx/4.8.3/../../../../pic32mx/lib\libpic32.a(memcpy.o)
                              build/default/production/_ext/375438040/lodepng.o (memcpy)
c:/program files (x86)/microchip/xc32/v2.30/bin/bin/../../lib/gcc/pic32mx/4.8.3/../../../../pic32mx/lib\libpic32.a(memset.o)
                              build/default/production/_ext/375438040/lodepng.o (memset)
c:/program files (x86)/microchip/xc32/v2.30/bin/bin/../../lib/gcc/pic32mx/4.8.3/../../../../pic32mx/lib\libpic32.a(strcmp.o)
                              build/default/production/_ext/375438040/lodepng.o (strcmp)
c:/program files (x86)/microchip/xc32/v2.30/bin/bin/../../lib/gcc/pic32mx/4.8.3/../../../../pic32mx/lib\libpic32.a(strcpy.o)
                              build/default/production/_ext/347121368/drv_gfx_ssd1926.o (strcpy)
c:/program files (x86)/microchip/xc32/v2.30/bin/bin/../../lib/gcc/pic32mx/4.8.3/../../../../pic32mx/lib\libpic32.a(strlen.o)
                              build/default/production/_ext/375438040/lodepng.o (strlen)
c:/program files (x86)/microchip/xc32/v2.30/bin/bin/../../lib/gcc/pic32mx/4.8.3/../../../../pic32mx/lib\libpic32.a(default-bootstrap-exception-handler.o)
                              C:\Users\shiro019\AppData\Local\Temp\ccmfM1BL.o (_bootstrap_exception_handler)
c:/program files (x86)/microchip/xc32/v2.30/bin/bin/../../lib/gcc/pic32mx/4.8.3/../../../../pic32mx/lib\libpic32.a(default-on-reset.o)
                              C:\Users\shiro019\AppData\Local\Temp\ccmfM1BL.o (_on_reset)
c:/program files (x86)/microchip/xc32/v2.30/bin/bin/../../lib/gcc/pic32mx/4.8.3/../../../../pic32mx/lib\libpic32.a(default-on-bootstrap.o)
                              C:\Users\shiro019\AppData\Local\Temp\ccmfM1BL.o (_on_bootstrap)
c:/program files (x86)/microchip/xc32/v2.30/bin/bin/../../lib/gcc/pic32mx/4.8.3/../../../../pic32mx/lib\libpic32.a(default-nmi-handler.o)
                              C:\Users\shiro019\AppData\Local\Temp\ccmfM1BL.o (_nmi_handler)
c:/program files (x86)/microchip/xc32/v2.30/bin/bin/../../lib/gcc/pic32mx/4.8.3/../../../../pic32mx/lib\libpic32.a(pic32_data_init.o)
                              C:\Users\shiro019\AppData\Local\Temp\ccmfM1BL.o (__pic32_data_init)
c:/program files (x86)/microchip/xc32/v2.30/bin/bin/../../lib/gcc/pic32mx/4.8.3/../../../../pic32mx/lib\libpic32.a(general-exception.o)
                              C:\Users\shiro019\AppData\Local\Temp\ccmfM1BL.o (_general_exception_context)
c:/program files (x86)/microchip/xc32/v2.30/bin/bin/../../lib/gcc/pic32mx/4.8.3/../../../../pic32mx/lib\libpic32.a(vector0.o)
                              C:\Users\shiro019\AppData\Local\Temp\ccNL4lWP.o (__vector_dispatch_0)
c:/program files (x86)/microchip/xc32/v2.30/bin/bin/../../lib/gcc/pic32mx/4.8.3/../../../../pic32mx/lib\libpic32.a(vector1.o)
                              C:\Users\shiro019\AppData\Local\Temp\ccNL4lWP.o (__vector_dispatch_1)
c:/program files (x86)/microchip/xc32/v2.30/bin/bin/../../lib/gcc/pic32mx/4.8.3/../../../../pic32mx/lib\libpic32.a(vector2.o)
                              C:\Users\shiro019\AppData\Local\Temp\ccNL4lWP.o (__vector_dispatch_2)
c:/program files (x86)/microchip/xc32/v2.30/bin/bin/../../lib/gcc/pic32mx/4.8.3/../../../../pic32mx/lib\libpic32.a(vector3.o)
                              C:\Users\shiro019\AppData\Local\Temp\ccNL4lWP.o (__vector_dispatch_3)
c:/program files (x86)/microchip/xc32/v2.30/bin/bin/../../lib/gcc/pic32mx/4.8.3/../../../../pic32mx/lib\libpic32.a(vector4.o)
                              C:\Users\shiro019\AppData\Local\Temp\ccNL4lWP.o (__vector_dispatch_4)
c:/program files (x86)/microchip/xc32/v2.30/bin/bin/../../lib/gcc/pic32mx/4.8.3/../../../../pic32mx/lib\libpic32.a(vector5.o)
                              C:\Users\shiro019\AppData\Local\Temp\ccNL4lWP.o (__vector_dispatch_5)
c:/program files (x86)/microchip/xc32/v2.30/bin/bin/../../lib/gcc/pic32mx/4.8.3/../../../../pic32mx/lib\libpic32.a(vector6.o)
                              C:\Users\shiro019\AppData\Local\Temp\ccNL4lWP.o (__vector_dispatch_6)
c:/program files (x86)/microchip/xc32/v2.30/bin/bin/../../lib/gcc/pic32mx/4.8.3/../../../../pic32mx/lib\libpic32.a(vector7.o)
                              C:\Users\shiro019\AppData\Local\Temp\ccNL4lWP.o (__vector_dispatch_7)
c:/program files (x86)/microchip/xc32/v2.30/bin/bin/../../lib/gcc/pic32mx/4.8.3/../../../../pic32mx/lib\libpic32.a(vector8.o)
                              C:\Users\shiro019\AppData\Local\Temp\ccNL4lWP.o (__vector_dispatch_8)
[...]
Memory Configuration

Name             Origin             Length             Attributes
kseg0_program_mem 0x9d000000         0x00080000         xr
kseg0_boot_mem   0x9fc00490         0x00000970
exception_mem    0x9fc01000         0x00001000
kseg1_boot_mem   0xbfc00000         0x00000490
debug_exec_mem   0xbfc02000         0x00000ff0
config3          0xbfc02ff0         0x00000004
config2          0xbfc02ff4         0x00000004
config1          0xbfc02ff8         0x00000004
config0          0xbfc02ffc         0x00000004
kseg1_data_mem   0xa0000000         0x00020000         w !x
sfrs             0xbf800000         0x00100000
configsfrs       0xbfc02ff0         0x00000010
*default*        0x00000000         0xffffffff

Linker script and memory map

LOAD c:/program files (x86)/microchip/xc32/v2.30/bin/bin/../../lib/gcc/pic32mx/4.8.3/../../../../pic32mx/lib\debug-exception-return.o
LOAD build/default/production/_ext/1360937237/app.o
LOAD build/default/production/_ext/1360937237/main.o
LOAD build/default/production/_ext/948868075/jidctint.o
LOAD build/default/production/_ext/1613075154/gfxu_image_jpg_common.o
LOAD build/default/production/_ext/1613075154/gfxu_image_jpg_internal.o
LOAD build/default/production/_ext/1613075154/gfxu_image_jpg_external.o
LOAD build/default/production/_ext/1613075154/gfxu_image_png_external.o
LOAD build/default/production/_ext/1613075154/gfxu_image_png_internal.o
LOAD build/default/production/_ext/375438040/lodepng.o
LOAD build/default/production/_ext/1613075154/gfxu_image.o
LOAD build/default/production/_ext/1613075154/gfxu_image_raw_external.o
LOAD build/default/production/_ext/1613075154/gfxu_image_raw_internal.o
LOAD build/default/production/_ext/1613075154/gfxu_image_rle_external.o
LOAD build/default/production/_ext/1613075154/gfxu_image_rle_internal.o
LOAD build/default/production/_ext/1613075154/gfxu_image_utils.o
LOAD build/default/production/_ext/1613075154/gfxu_palette.o
LOAD build/default/production/_ext/1613075154/gfxu_string.o
LOAD build/default/production/_ext/1613075154/gfxu_string_external.o
LOAD build/default/production/_ext/1613075154/gfxu_stringbuffer_external.o
LOAD build/default/production/_ext/1613075154/gfxu_string_internal.o
LOAD build/default/production/_ext/1613075154/gfxu_string_query.o
LOAD build/default/production/_ext/1613075154/gfxu_string_utils.o
LOAD build/default/production/_ext/2934027/libaria.o
LOAD build/default/production/_ext/2934027/libaria_array.o
LOAD build/default/production/_ext/2934027/libaria_context.o
LOAD build/default/production/_ext/2934027/libaria_context_paint.o
LOAD build/default/production/_ext/2934027/libaria_draw.o
LOAD build/default/production/_ext/2934027/libaria_editwidget.o
LOAD build/default/production/_ext/2934027/libaria_event.o
LOAD build/default/production/_ext/2934027/libaria_input.o
LOAD build/default/production/_ext/2934027/libaria_layer.o
LOAD build/default/production/_ext/2934027/libaria_list.o
LOAD build/default/production/_ext/2934027/libaria_rectarray.o
LOAD build/default/production/_ext/2934027/libaria_scheme.o
LOAD build/default/production/_ext/2934027/libaria_screen.o
LOAD build/default/production/_ext/2934027/libaria_string.o
LOAD build/default/production/_ext/2934027/libaria_utils.o
LOAD build/default/production/_ext/2934027/libaria_widget.o
LOAD build/default/production/_ext/2934027/libaria_widget_skin_classic.o
LOAD build/default/production/_ext/2934027/libaria_widget_skin_classic_common.o
LOAD build/default/production/_ext/2934027/libaria_widget_arc.o
LOAD build/default/production/_ext/2934027/libaria_widget_arc_skin_classic.o
LOAD build/default/production/_ext/2934027/libaria_widget_bar_graph.o
LOAD build/default/production/_ext/2934027/libaria_widget_bar_graph_skin_classic.o
LOAD build/default/production/_ext/2934027/libaria_widget_button.o
LOAD build/default/production/_ext/2934027/libaria_widget_button_skin_classic.o
LOAD build/default/production/_ext/2934027/libaria_widget_checkbox.o
LOAD build/default/production/_ext/2934027/libaria_widget_checkbox_skin_classic.o
LOAD build/default/production/_ext/2934027/libaria_widget_circle.o
LOAD build/default/production/_ext/2934027/libaria_widget_circle_skin_classic.o
LOAD build/default/production/_ext/2934027/libaria_widget_circular_gauge.o
LOAD build/default/production/_ext/2934027/libaria_widget_circular_gauge_skin_classic.o
LOAD build/default/production/_ext/2934027/libaria_widget_circular_slider.o
LOAD build/default/production/_ext/2934027/libaria_widget_circular_slider_skin_classic.o
LOAD build/default/production/_ext/2934027/libaria_widget_drawsurface.o
LOAD build/default/production/_ext/2934027/libaria_widget_drawsurface_skin_classic.o
LOAD build/default/production/_ext/2934027/libaria_widget_gradient.o
LOAD build/default/production/_ext/2934027/libaria_widget_gradient_skin_classic.o
LOAD build/default/production/_ext/2934027/libaria_widget_groupbox.o
LOAD build/default/production/_ext/2934027/libaria_widget_groupbox_skin_classic.o
LOAD build/default/production/_ext/2934027/libaria_widget_image.o
LOAD build/default/production/_ext/2934027/libaria_widget_image_skin_classic.o
LOAD build/default/production/_ext/2934027/libaria_widget_imageplus.o
LOAD build/default/production/_ext/2934027/libaria_widget_imageplus_skin_classic.o
LOAD build/default/production/_ext/2934027/libaria_widget_imagesequence.o
LOAD build/default/production/_ext/2934027/libaria_widget_imagesequence_skin_classic.o
LOAD build/default/production/_ext/2934027/libaria_widget_keypad.o
LOAD build/default/production/_ext/2934027/libaria_widget_keypad_skin_classic.o
LOAD build/default/production/_ext/2934027/libaria_widget_label.o
LOAD build/default/production/_ext/2934027/libaria_widget_label_skin_classic.o
LOAD build/default/production/_ext/2934027/libaria_widget_line.o
LOAD build/default/production/_ext/2934027/libaria_widget_line_skin_classic.o
LOAD build/default/production/_ext/2934027/libaria_widget_line_graph.o
LOAD build/default/production/_ext/2934027/libaria_widget_line_graph_skin_classic.o
LOAD build/default/production/_ext/2934027/libaria_widget_list.o
LOAD build/default/production/_ext/2934027/libaria_widget_list_skin_classic.o
LOAD build/default/production/_ext/2934027/libaria_widget_listwheel.o
LOAD build/default/production/_ext/2934027/libaria_widget_listwheel_skin_classic.o
LOAD build/default/production/_ext/2934027/libaria_widget_pie_chart.o
LOAD build/default/production/_ext/2934027/libaria_widget_pie_chart_skin_classic.o
LOAD build/default/production/_ext/2934027/libaria_widget_progressbar.o
LOAD build/default/production/_ext/2934027/libaria_widget_progressbar_skin_classic.o
LOAD build/default/production/_ext/2934027/libaria_widget_radial_menu.o
LOAD build/default/production/_ext/2934027/libaria_widget_radial_menu_skin_classic.o
LOAD build/default/production/_ext/2934027/libaria_widget_radiobutton.o
LOAD build/default/production/_ext/2934027/libaria_widget_radiobutton_skin_classic.o
LOAD build/default/production/_ext/2934027/libaria_radiobutton_group.o
LOAD build/default/production/_ext/2934027/libaria_widget_rectangle.o
LOAD build/default/production/_ext/2934027/libaria_widget_rectangle_skin_classic.o
LOAD build/default/production/_ext/2934027/libaria_widget_scrollbar.o
LOAD build/default/production/_ext/2934027/libaria_widget_scrollbar_skin_classic.o
LOAD build/default/production/_ext/2934027/libaria_widget_slider.o
LOAD build/default/production/_ext/2934027/libaria_widget_slider_skin_classic.o
LOAD build/default/production/_ext/2934027/libaria_widget_textfield.o
LOAD build/default/production/_ext/2934027/libaria_widget_textfield_skin_classic.o
LOAD build/default/production/_ext/2934027/libaria_widget_touchtest.o
LOAD build/default/production/_ext/2934027/libaria_widget_touchtest_skin_classic.o
LOAD build/default/production/_ext/2934027/libaria_widget_window.o
LOAD build/default/production/_ext/2934027/libaria_widget_window_skin_classic.o
LOAD build/default/production/_ext/199325712/gfx.o
LOAD build/default/production/_ext/199325712/gfx_color.o
LOAD build/default/production/_ext/199325712/gfx_context.o
LOAD build/default/production/_ext/199325712/gfx_default_impl.o
LOAD build/default/production/_ext/199325712/gfx_display.o
LOAD build/default/production/_ext/199325712/gfx_driver_interface.o
LOAD build/default/production/_ext/199325712/gfx_get.o
LOAD build/default/production/_ext/199325712/gfx_interface.o
LOAD build/default/production/_ext/199325712/gfx_layer.o
LOAD build/default/production/_ext/199325712/gfx_pixel_buffer.o
LOAD build/default/production/_ext/199325712/gfx_processor_interface.o
LOAD build/default/production/_ext/199325712/gfx_rect.o
LOAD build/default/production/_ext/199325712/gfx_util.o
LOAD build/default/production/_ext/199325712/gfx_set.o
LOAD build/default/production/_ext/199325712/gfx_color_blend.o
LOAD build/default/production/_ext/199325712/gfx_color_convert.o
LOAD build/default/production/_ext/199325712/gfx_color_lerp.o
LOAD build/default/production/_ext/199325712/gfx_color_value.o
LOAD build/default/production/_ext/199325712/gfx_draw_arc.o
LOAD build/default/production/_ext/199325712/gfx_draw_blit.o
LOAD build/default/production/_ext/199325712/gfx_draw_circle.o
LOAD build/default/production/_ext/199325712/gfx_draw_ellipse.o
LOAD build/default/production/_ext/199325712/gfx_draw_line.o
LOAD build/default/production/_ext/199325712/gfx_draw_pixel.o
LOAD build/default/production/_ext/199325712/gfx_draw_rect.o
LOAD build/default/production/_ext/199325712/gfx_draw_stretchblit.o
LOAD build/default/production/_ext/199325712/gfx_math.o
LOAD build/default/production/_ext/565598950/sys_int_pic32.o
LOAD build/default/production/_ext/664138601/drv_pmp_static.o
LOAD build/default/production/_ext/347121368/drv_gfx_ssd1926.o
LOAD build/default/production/_ext/1689523328/drv_gfx_ssd1289.o
LOAD build/default/production/_ext/458109090/libaria_harmony.o
LOAD build/default/production/_ext/458109090/libaria_init.o
LOAD build/default/production/_ext/458109090/libaria_events.o
LOAD build/default/production/_ext/458109090/libaria_macros.o
LOAD build/default/production/_ext/2065038297/gfx_display_def.o
LOAD build/default/production/_ext/2065038297/gfx_driver_def.o
LOAD build/default/production/_ext/2065038297/gfx_processor_def.o
LOAD build/default/production/_ext/639803181/sys_clk_pic32mx.o
LOAD build/default/production/_ext/340578644/sys_devcon.o
LOAD build/default/production/_ext/340578644/sys_devcon_pic32mx.o
LOAD build/default/production/_ext/822048611/sys_ports_static.o
LOAD build/default/production/_ext/74298950/bsp.o
LOAD build/default/production/_ext/1688732426/system_init.o
LOAD build/default/production/_ext/1688732426/system_interrupt.o
LOAD build/default/production/_ext/1688732426/system_exceptions.o
LOAD build/default/production/_ext/1688732426/system_tasks.o
LOAD build/default/production/_ext/259038627/gfx_assets.o
LOAD ..\..\..\..\Downloads\microchip\microchip\harmony\v2_06\bin\framework\peripheral\PIC32MX795F512L_peripherals.a
                0x00000001                __MPLAB_BUILD = 0x1
                0x00019000                _min_heap_size = 0x19000
LOAD C:\Users\shiro019\AppData\Local\Temp\ccmfM1BL.o
LOAD C:\Users\shiro019\AppData\Local\Temp\ccrPVJiN.o
LOAD C:\Users\shiro019\AppData\Local\Temp\ccNL4lWP.o
LOAD c:/program files (x86)/microchip/xc32/v2.30/bin/bin/../../lib/gcc/pic32mx/4.8.3/../../../../pic32mx/lib\pic32_software_reset.o
                0x00000400                PROVIDE (_min_stack_size, 0x400)
START GROUP
LOAD c:/program files (x86)/microchip/xc32/v2.30/bin/bin/../../lib/gcc/pic32mx/4.8.3/../../../../pic32mx/lib/./proc/32MX795F512L\processor.o
END GROUP
START GROUP
LOAD libmchp_peripheral.a
END GROUP
START GROUP
LOAD libmchp_peripheral_32MX795F512L.a
END GROUP
                0x00000001                PROVIDE (_vector_spacing, 0x1)
                0x9fc01000                PROVIDE (_ebase_address, 0x9fc01000)
                0xbfc00000                _RESET_ADDR = 0xbfc00000
                0xbfc00380                _BEV_EXCPT_ADDR = 0xbfc00380
                0xbfc00480                _DBG_EXCPT_ADDR = 0xbfc00480
                0xbfc02000                _DBG_CODE_ADDR = 0xbfc02000
                0x00000ff0                _DBG_CODE_SIZE = 0xff0
                0x9fc01180                _GEN_EXCPT_ADDR = (_ebase_address + 0x180)

.config_BFC02FF0
                0xbfc02ff0        0x4
 *(.config_BFC02FF0)
 .config_BFC02FF0
                0xbfc02ff0        0x4 build/default/production/_ext/1688732426/system_init.o

.config_BFC02FF4
                0xbfc02ff4        0x4
 *(.config_BFC02FF4)
 .config_BFC02FF4
                0xbfc02ff4        0x4 build/default/production/_ext/1688732426/system_init.o

.config_BFC02FF8
                0xbfc02ff8        0x4
 *(.config_BFC02FF8)
 .config_BFC02FF8
                0xbfc02ff8        0x4 build/default/production/_ext/1688732426/system_init.o

.config_BFC02FFC
                0xbfc02ffc        0x4
 *(.config_BFC02FFC)
 .config_BFC02FFC
                0xbfc02ffc        0x4 build/default/production/_ext/1688732426/system_init.o
                0xbfc02000                PROVIDE (_DBG_CODE_ADDR, 0xbfc02000)
                0x00000ff0                PROVIDE (_DBG_CODE_SIZE, 0xff0)

.reset          0xbfc00000      0x19c
 *(.reset)
 .reset         0xbfc00000        0x8 C:\Users\shiro019\AppData\Local\Temp\ccmfM1BL.o
                0xbfc00000                _reset
 *(.reset.startup)
 .reset.startup
                0xbfc00008      0x194 C:\Users\shiro019\AppData\Local\Temp\ccmfM1BL.o
                0xbfc00008                _startup

.bev_excpt      0xbfc00380       0x10
 *(.bev_handler)
 .bev_handler   0xbfc00380       0x10 C:\Users\shiro019\AppData\Local\Temp\ccmfM1BL.o

.dbg_excpt      0xbfc00480        0x0
                0xbfc00480                . = (. + DEFINED (_DEBUGGER)?0x8:0x0)

.dbg_code       0xbfc02000        0x0
                0xbfc02000                . = (. + DEFINED (_DEBUGGER)?_DBG_CODE_SIZE:0x0)

.app_excpt      0x9fc01180       0x10
 *(.gen_handler)
 .gen_handler   0x9fc01180       0x10 C:\Users\shiro019\AppData\Local\Temp\ccmfM1BL.o

.vector_0       0x9fc01200        0x8
 *(.vector_0)
 .vector_0      0x9fc01200        0x8 c:/program files (x86)/microchip/xc32/v2.30/bin/bin/../../lib/gcc/pic32mx/4.8.3/../../../../pic32mx/lib\libpic32.a(vector0.o)
                0x9fc01200                __vector_dispatch_0
                0x00000001                ASSERT (((_vector_spacing == 0x0) || (SIZEOF (.vector_0) <= (_vector_spacing << 0x5))), function at exception vector 0 too large)

.vector_1       0x9fc01220        0x8
 *(.vector_1)
 .vector_1      0x9fc01220        0x8 c:/program files (x86)/microchip/xc32/v2.30/bin/bin/../../lib/gcc/pic32mx/4.8.3/../../../../pic32mx/lib\libpic32.a(vector1.o)
                0x9fc01220                __vector_dispatch_1
                0x00000001                ASSERT (((_vector_spacing == 0x0) || (SIZEOF (.vector_1) <= (_vector_spacing << 0x5))), function at exception vector 1 too large)

.vector_2       0x9fc01240        0x8
 *(.vector_2)
 .vector_2      0x9fc01240        0x8 c:/program files (x86)/microchip/xc32/v2.30/bin/bin/../../lib/gcc/pic32mx/4.8.3/../../../../pic32mx/lib\libpic32.a(vector2.o)
                0x9fc01240                __vector_dispatch_2
                0x00000001                ASSERT (((_vector_spacing == 0x0) || (SIZEOF (.vector_2) <= (_vector_spacing << 0x5))), function at exception vector 2 too large)

.vector_3       0x9fc01260        0x8
 *(.vector_3)
 .vector_3      0x9fc01260        0x8 c:/program files (x86)/microchip/xc32/v2.30/bin/bin/../../lib/gcc/pic32mx/4.8.3/../../../../pic32mx/lib\libpic32.a(vector3.o)
                0x9fc01260                __vector_dispatch_3
                0x00000001                ASSERT (((_vector_spacing == 0x0) || (SIZEOF (.vector_3) <= (_vector_spacing << 0x5))), function at exception vector 3 too large)

.vector_4       0x9fc01280        0x8
 *(.vector_4)
 .vector_4      0x9fc01280        0x8 c:/program files (x86)/microchip/xc32/v2.30/bin/bin/../../lib/gcc/pic32mx/4.8.3/../../../../pic32mx/lib\libpic32.a(vector4.o)
                0x9fc01280                __vector_dispatch_4
                0x00000001                ASSERT (((_vector_spacing == 0x0) || (SIZEOF (.vector_4) <= (_vector_spacing << 0x5))), function at exception vector 4 too large)

.vector_5       0x9fc012a0        0x8
 *(.vector_5)
 .vector_5      0x9fc012a0        0x8 c:/program files (x86)/microchip/xc32/v2.30/bin/bin/../../lib/gcc/pic32mx/4.8.3/../../../../pic32mx/lib\libpic32.a(vector5.o)
                0x9fc012a0                __vector_dispatch_5
                0x00000001                ASSERT (((_vector_spacing == 0x0) || (SIZEOF (.vector_5) <= (_vector_spacing << 0x5))), function at exception vector 5 too large)

.vector_6       0x9fc012c0        0x8
 *(.vector_6)
 .vector_6      0x9fc012c0        0x8 c:/program files (x86)/microchip/xc32/v2.30/bin/bin/../../lib/gcc/pic32mx/4.8.3/../../../../pic32mx/lib\libpic32.a(vector6.o)
                0x9fc012c0                __vector_dispatch_6
                0x00000001                ASSERT (((_vector_spacing == 0x0) || (SIZEOF (.vector_6) <= (_vector_spacing << 0x5))), function at exception vector 6 too large)

.vector_7       0x9fc012e0        0x8
 *(.vector_7)
 .vector_7      0x9fc012e0        0x8 c:/program files (x86)/microchip/xc32/v2.30/bin/bin/../../lib/gcc/pic32mx/4.8.3/../../../../pic32mx/lib\libpic32.a(vector7.o)
                0x9fc012e0                __vector_dispatch_7
                0x00000001                ASSERT (((_vector_spacing == 0x0) || (SIZEOF (.vector_7) <= (_vector_spacing << 0x5))), function at exception vector 7 too large)

.vector_8       0x9fc01300        0x8
 *(.vector_8)
 .vector_8      0x9fc01300        0x8 c:/program files (x86)/microchip/xc32/v2.30/bin/bin/../../lib/gcc/pic32mx/4.8.3/../../../../pic32mx/lib\libpic32.a(vector8.o)
                0x9fc01300                __vector_dispatch_8
                0x00000001                ASSERT (((_vector_spacing == 0x0) || (SIZEOF (.vector_8) <= (_vector_spacing << 0x5))), function at exception vector 8 too large)

.vector_9       0x9fc01320        0x8
 *(.vector_9)
 .vector_9      0x9fc01320        0x8 c:/program files (x86)/microchip/xc32/v2.30/bin/bin/../../lib/gcc/pic32mx/4.8.3/../../../../pic32mx/lib\libpic32.a(vector9.o)
                0x9fc01320                __vector_dispatch_9
                0x00000001                ASSERT (((_vector_spacing == 0x0) || (SIZEOF (.vector_9) <= (_vector_spacing << 0x5))), function at exception vector 9 too large)

.vector_10      0x9fc01340        0x8
 *(.vector_10)
 .vector_10     0x9fc01340        0x8 c:/program files (x86)/microchip/xc32/v2.30/bin/bin/../../lib/gcc/pic32mx/4.8.3/../../../../pic32mx/lib\libpic32.a(vector10.o)
                0x9fc01340                __vector_dispatch_10
                0x00000001                ASSERT (((_vector_spacing == 0x0) || (SIZEOF (.vector_10) <= (_vector_spacing << 0x5))), function at exception vector 10 too large)

.vector_11      0x9fc01360        0x8
 *(.vector_11)
 .vector_11     0x9fc01360        0x8 c:/program files (x86)/microchip/xc32/v2.30/bin/bin/../../lib/gcc/pic32mx/4.8.3/../../../../pic32mx/lib\libpic32.a(vector11.o)
                0x9fc01360                __vector_dispatch_11
                0x00000001                ASSERT (((_vector_spacing == 0x0) || (SIZEOF (.vector_11) <= (_vector_spacing << 0x5))), function at exception vector 11 too large)

.vector_12      0x9fc01380        0x8
 *(.vector_12)
 .vector_12     0x9fc01380        0x8 c:/program files (x86)/microchip/xc32/v2.30/bin/bin/../../lib/gcc/pic32mx/4.8.3/../../../../pic32mx/lib\libpic32.a(vector12.o)
                0x9fc01380                __vector_dispatch_12
                0x00000001                ASSERT (((_vector_spacing == 0x0) || (SIZEOF (.vector_12) <= (_vector_spacing << 0x5))), function at exception vector 12 too large)

.vector_13      0x9fc013a0        0x8
 *(.vector_13)
 .vector_13     0x9fc013a0        0x8 c:/program files (x86)/microchip/xc32/v2.30/bin/bin/../../lib/gcc/pic32mx/4.8.3/../../../../pic32mx/lib\libpic32.a(vector13.o)
                0x9fc013a0                __vector_dispatch_13
                0x00000001                ASSERT (((_vector_spacing == 0x0) || (SIZEOF (.vector_13) <= (_vector_spacing << 0x5))), function at exception vector 13 too large)

.vector_14      0x9fc013c0        0x8
 *(.vector_14)
 .vector_14     0x9fc013c0        0x8 c:/program files (x86)/microchip/xc32/v2.30/bin/bin/../../lib/gcc/pic32mx/4.8.3/../../../../pic32mx/lib\libpic32.a(vector14.o)
                0x9fc013c0                __vector_dispatch_14
                0x00000001                ASSERT (((_vector_spacing == 0x0) || (SIZEOF (.vector_14) <= (_vector_spacing << 0x5))), function at exception vector 14 too large)

.vector_15      0x9fc013e0        0x8
 *(.vector_15)
 .vector_15     0x9fc013e0        0x8 c:/program files (x86)/microchip/xc32/v2.30/bin/bin/../../lib/gcc/pic32mx/4.8.3/../../../../pic32mx/lib\libpic32.a(vector15.o)
                0x9fc013e0                __vector_dispatch_15
                0x00000001                ASSERT (((_vector_spacing == 0x0) || (SIZEOF (.vector_15) <= (_vector_spacing << 0x5))), function at exception vector 15 too large)

.vector_16      0x9fc01400        0x8
 *(.vector_16)
 .vector_16     0x9fc01400        0x8 c:/program files (x86)/microchip/xc32/v2.30/bin/bin/../../lib/gcc/pic32mx/4.8.3/../../../../pic32mx/lib\libpic32.a(vector16.o)
                0x9fc01400                __vector_dispatch_16
                0x00000001                ASSERT (((_vector_spacing == 0x0) || (SIZEOF (.vector_16) <= (_vector_spacing << 0x5))), function at exception vector 16 too large)

.vector_17      0x9fc01420        0x8
 *(.vector_17)
 .vector_17     0x9fc01420        0x8 c:/program files (x86)/microchip/xc32/v2.30/bin/bin/../../lib/gcc/pic32mx/4.8.3/../../../../pic32mx/lib\libpic32.a(vector17.o)
                0x9fc01420                __vector_dispatch_17
                0x00000001                ASSERT (((_vector_spacing == 0x0) || (SIZEOF (.vector_17) <= (_vector_spacing << 0x5))), function at exception vector 17 too large)

.vector_18      0x9fc01440        0x8
 *(.vector_18)
 .vector_18     0x9fc01440        0x8 c:/program files (x86)/microchip/xc32/v2.30/bin/bin/../../lib/gcc/pic32mx/4.8.3/../../../../pic32mx/lib\libpic32.a(vector18.o)
                0x9fc01440                __vector_dispatch_18
                0x00000001                ASSERT (((_vector_spacing == 0x0) || (SIZEOF (.vector_18) <= (_vector_spacing << 0x5))), function at exception vector 18 too large)

.vector_19      0x9fc01460        0x8
 *(.vector_19)
 .vector_19     0x9fc01460        0x8 c:/program files (x86)/microchip/xc32/v2.30/bin/bin/../../lib/gcc/pic32mx/4.8.3/../../../../pic32mx/lib\libpic32.a(vector19.o)
                0x9fc01460                __vector_dispatch_19
                0x00000001                ASSERT (((_vector_spacing == 0x0) || (SIZEOF (.vector_19) <= (_vector_spacing << 0x5))), function at exception vector 19 too large)

.vector_20      0x9fc01480        0x8
 *(.vector_20)
 .vector_20     0x9fc01480        0x8 c:/program files (x86)/microchip/xc32/v2.30/bin/bin/../../lib/gcc/pic32mx/4.8.3/../../../../pic32mx/lib\libpic32.a(vector20.o)
                0x9fc01480                __vector_dispatch_20
                0x00000001                ASSERT (((_vector_spacing == 0x0) || (SIZEOF (.vector_20) <= (_vector_spacing << 0x5))), function at exception vector 20 too large)

.vector_21      0x9fc014a0        0x8
 *(.vector_21)
 .vector_21     0x9fc014a0        0x8 c:/program files (x86)/microchip/xc32/v2.30/bin/bin/../../lib/gcc/pic32mx/4.8.3/../../../../pic32mx/lib\libpic32.a(vector21.o)
                0x9fc014a0                __vector_dispatch_21
                0x00000001                ASSERT (((_vector_spacing == 0x0) || (SIZEOF (.vector_21) <= (_vector_spacing << 0x5))), function at exception vector 21 too large)

.vector_22      0x9fc014c0        0x8
 *(.vector_22)
 .vector_22     0x9fc014c0        0x8 c:/program files (x86)/microchip/xc32/v2.30/bin/bin/../../lib/gcc/pic32mx/4.8.3/../../../../pic32mx/lib\libpic32.a(vector22.o)
                0x9fc014c0                __vector_dispatch_22
                0x00000001                ASSERT (((_vector_spacing == 0x0) || (SIZEOF (.vector_22) <= (_vector_spacing << 0x5))), function at exception vector 22 too large)

.vector_23      0x9fc014e0        0x8
 *(.vector_23)
 .vector_23     0x9fc014e0        0x8 c:/program files (x86)/microchip/xc32/v2.30/bin/bin/../../lib/gcc/pic32mx/4.8.3/../../../../pic32mx/lib\libpic32.a(vector23.o)
                0x9fc014e0                __vector_dispatch_23
                0x00000001                ASSERT (((_vector_spacing == 0x0) || (SIZEOF (.vector_23) <= (_vector_spacing << 0x5))), function at exception vector 23 too large)

.vector_24      0x9fc01500        0x8
 *(.vector_24)
 .vector_24     0x9fc01500        0x8 c:/program files (x86)/microchip/xc32/v2.30/bin/bin/../../lib/gcc/pic32mx/4.8.3/../../../../pic32mx/lib\libpic32.a(vector24.o)
                0x9fc01500                __vector_dispatch_24
                0x00000001                ASSERT (((_vector_spacing == 0x0) || (SIZEOF (.vector_24) <= (_vector_spacing << 0x5))), function at exception vector 24 too large)

.vector_25      0x9fc01520        0x8
 *(.vector_25)
 .vector_25     0x9fc01520        0x8 c:/program files (x86)/microchip/xc32/v2.30/bin/bin/../../lib/gcc/pic32mx/4.8.3/../../../../pic32mx/lib\libpic32.a(vector25.o)
                0x9fc01520                __vector_dispatch_25
                0x00000001                ASSERT (((_vector_spacing == 0x0) || (SIZEOF (.vector_25) <= (_vector_spacing << 0x5))), function at exception vector 25 too large)

.vector_26      0x9fc01540        0x8
 *(.vector_26)
 .vector_26     0x9fc01540        0x8 c:/program files (x86)/microchip/xc32/v2.30/bin/bin/../../lib/gcc/pic32mx/4.8.3/../../../../pic32mx/lib\libpic32.a(vector26.o)
                0x9fc01540                __vector_dispatch_26
                0x00000001                ASSERT (((_vector_spacing == 0x0) || (SIZEOF (.vector_26) <= (_vector_spacing << 0x5))), function at exception vector 26 too large)

.vector_27      0x9fc01560        0x8
 *(.vector_27)
 .vector_27     0x9fc01560        0x8 c:/program files (x86)/microchip/xc32/v2.30/bin/bin/../../lib/gcc/pic32mx/4.8.3/../../../../pic32mx/lib\libpic32.a(vector27.o)
                0x9fc01560                __vector_dispatch_27
                0x00000001                ASSERT (((_vector_spacing == 0x0) || (SIZEOF (.vector_27) <= (_vector_spacing << 0x5))), function at exception vector 27 too large)

.vector_28      0x9fc01580        0x8
 *(.vector_28)
 .vector_28     0x9fc01580        0x8 c:/program files (x86)/microchip/xc32/v2.30/bin/bin/../../lib/gcc/pic32mx/4.8.3/../../../../pic32mx/lib\libpic32.a(vector28.o)
                0x9fc01580                __vector_dispatch_28
                0x00000001                ASSERT (((_vector_spacing == 0x0) || (SIZEOF (.vector_28) <= (_vector_spacing << 0x5))), function at exception vector 28 too large)

.vector_29      0x9fc015a0        0x8
 *(.vector_29)
 .vector_29     0x9fc015a0        0x8 c:/program files (x86)/microchip/xc32/v2.30/bin/bin/../../lib/gcc/pic32mx/4.8.3/../../../../pic32mx/lib\libpic32.a(vector29.o)
                0x9fc015a0                __vector_dispatch_29
                0x00000001                ASSERT (((_vector_spacing == 0x0) || (SIZEOF (.vector_29) <= (_vector_spacing << 0x5))), function at exception vector 29 too large)

.vector_30      0x9fc015c0        0x8
 *(.vector_30)
 .vector_30     0x9fc015c0        0x8 c:/program files (x86)/microchip/xc32/v2.30/bin/bin/../../lib/gcc/pic32mx/4.8.3/../../../../pic32mx/lib\libpic32.a(vector30.o)
                0x9fc015c0                __vector_dispatch_30
                0x00000001                ASSERT (((_vector_spacing == 0x0) || (SIZEOF (.vector_30) <= (_vector_spacing << 0x5))), function at exception vector 30 too large)

.vector_31      0x9fc015e0        0x8
 *(.vector_31)
 .vector_31     0x9fc015e0        0x8 c:/program files (x86)/microchip/xc32/v2.30/bin/bin/../../lib/gcc/pic32mx/4.8.3/../../../../pic32mx/lib\libpic32.a(vector31.o)
                0x9fc015e0                __vector_dispatch_31
                0x00000001                ASSERT (((_vector_spacing == 0x0) || (SIZEOF (.vector_31) <= (_vector_spacing << 0x5))), function at exception vector 31 too large)

.vector_32      0x9fc01600        0x8
 *(.vector_32)
 .vector_32     0x9fc01600        0x8 c:/program files (x86)/microchip/xc32/v2.30/bin/bin/../../lib/gcc/pic32mx/4.8.3/../../../../pic32mx/lib\libpic32.a(vector32.o)
                0x9fc01600                __vector_dispatch_32
                0x00000001                ASSERT (((_vector_spacing == 0x0) || (SIZEOF (.vector_32) <= (_vector_spacing << 0x5))), function at exception vector 32 too large)

.vector_33      0x9fc01620        0x8
 *(.vector_33)
 .vector_33     0x9fc01620        0x8 c:/program files (x86)/microchip/xc32/v2.30/bin/bin/../../lib/gcc/pic32mx/4.8.3/../../../../pic32mx/lib\libpic32.a(vector33.o)
                0x9fc01620                __vector_dispatch_33
                0x00000001                ASSERT (((_vector_spacing == 0x0) || (SIZEOF (.vector_33) <= (_vector_spacing << 0x5))), function at exception vector 33 too large)

.vector_34      0x9fc01640        0x8
 *(.vector_34)
 .vector_34     0x9fc01640        0x8 c:/program files (x86)/microchip/xc32/v2.30/bin/bin/../../lib/gcc/pic32mx/4.8.3/../../../../pic32mx/lib\libpic32.a(vector34.o)
                0x9fc01640                __vector_dispatch_34
                0x00000001                ASSERT (((_vector_spacing == 0x0) || (SIZEOF (.vector_34) <= (_vector_spacing << 0x5))), function at exception vector 34 too large)

.vector_35      0x9fc01660        0x8
 *(.vector_35)
 .vector_35     0x9fc01660        0x8 c:/program files (x86)/microchip/xc32/v2.30/bin/bin/../../lib/gcc/pic32mx/4.8.3/../../../../pic32mx/lib\libpic32.a(vector35.o)
                0x9fc01660                __vector_dispatch_35
                0x00000001                ASSERT (((_vector_spacing == 0x0) || (SIZEOF (.vector_35) <= (_vector_spacing << 0x5))), function at exception vector 35 too large)

.vector_36      0x9fc01680        0x8
 *(.vector_36)
 .vector_36     0x9fc01680        0x8 c:/program files (x86)/microchip/xc32/v2.30/bin/bin/../../lib/gcc/pic32mx/4.8.3/../../../../pic32mx/lib\libpic32.a(vector36.o)
                0x9fc01680                __vector_dispatch_36
                0x00000001                ASSERT (((_vector_spacing == 0x0) || (SIZEOF (.vector_36) <= (_vector_spacing << 0x5))), function at exception vector 36 too large)

.vector_37      0x9fc016a0        0x8
 *(.vector_37)
 .vector_37     0x9fc016a0        0x8 c:/program files (x86)/microchip/xc32/v2.30/bin/bin/../../lib/gcc/pic32mx/4.8.3/../../../../pic32mx/lib\libpic32.a(vector37.o)
                0x9fc016a0                __vector_dispatch_37
                0x00000001                ASSERT (((_vector_spacing == 0x0) || (SIZEOF (.vector_37) <= (_vector_spacing << 0x5))), function at exception vector 37 too large)

.vector_38      0x9fc016c0        0x8
 *(.vector_38)
 .vector_38     0x9fc016c0        0x8 c:/program files (x86)/microchip/xc32/v2.30/bin/bin/../../lib/gcc/pic32mx/4.8.3/../../../../pic32mx/lib\libpic32.a(vector38.o)
                0x9fc016c0                __vector_dispatch_38
                0x00000001                ASSERT (((_vector_spacing == 0x0) || (SIZEOF (.vector_38) <= (_vector_spacing << 0x5))), function at exception vector 38 too large)

.vector_39      0x9fc016e0        0x8
 *(.vector_39)
 .vector_39     0x9fc016e0        0x8 c:/program files (x86)/microchip/xc32/v2.30/bin/bin/../../lib/gcc/pic32mx/4.8.3/../../../../pic32mx/lib\libpic32.a(vector39.o)
                0x9fc016e0                __vector_dispatch_39
                0x00000001                ASSERT (((_vector_spacing == 0x0) || (SIZEOF (.vector_39) <= (_vector_spacing << 0x5))), function at exception vector 39 too large)

.vector_40      0x9fc01700        0x8
 *(.vector_40)
 .vector_40     0x9fc01700        0x8 c:/program files (x86)/microchip/xc32/v2.30/bin/bin/../../lib/gcc/pic32mx/4.8.3/../../../../pic32mx/lib\libpic32.a(vector40.o)
                0x9fc01700                __vector_dispatch_40
                0x00000001                ASSERT (((_vector_spacing == 0x0) || (SIZEOF (.vector_40) <= (_vector_spacing << 0x5))), function at exception vector 40 too large)

.vector_41      0x9fc01720        0x8
 *(.vector_41)
 .vector_41     0x9fc01720        0x8 c:/program files (x86)/microchip/xc32/v2.30/bin/bin/../../lib/gcc/pic32mx/4.8.3/../../../../pic32mx/lib\libpic32.a(vector41.o)
                0x9fc01720                __vector_dispatch_41
                0x00000001                ASSERT (((_vector_spacing == 0x0) || (SIZEOF (.vector_41) <= (_vector_spacing << 0x5))), function at exception vector 41 too large)

.vector_42      0x9fc01740        0x8
 *(.vector_42)
 .vector_42     0x9fc01740        0x8 c:/program files (x86)/microchip/xc32/v2.30/bin/bin/../../lib/gcc/pic32mx/4.8.3/../../../../pic32mx/lib\libpic32.a(vector42.o)
                0x9fc01740                __vector_dispatch_42
                0x00000001                ASSERT (((_vector_spacing == 0x0) || (SIZEOF (.vector_42) <= (_vector_spacing << 0x5))), function at exception vector 42 too large)

.vector_43      0x9fc01760        0x8
 *(.vector_43)
 .vector_43     0x9fc01760        0x8 c:/program files (x86)/microchip/xc32/v2.30/bin/bin/../../lib/gcc/pic32mx/4.8.3/../../../../pic32mx/lib\libpic32.a(vector43.o)
                0x9fc01760                __vector_dispatch_43
                0x00000001                ASSERT (((_vector_spacing == 0x0) || (SIZEOF (.vector_43) <= (_vector_spacing << 0x5))), function at exception vector 43 too large)

.vector_44      0x9fc01780        0x8
 *(.vector_44)
 .vector_44     0x9fc01780        0x8 c:/program files (x86)/microchip/xc32/v2.30/bin/bin/../../lib/gcc/pic32mx/4.8.3/../../../../pic32mx/lib\libpic32.a(vector44.o)
                0x9fc01780                __vector_dispatch_44
                0x00000001                ASSERT (((_vector_spacing == 0x0) || (SIZEOF (.vector_44) <= (_vector_spacing << 0x5))), function at exception vector 44 too large)

.vector_45      0x9fc017a0        0x8
 *(.vector_45)
 .vector_45     0x9fc017a0        0x8 c:/program files (x86)/microchip/xc32/v2.30/bin/bin/../../lib/gcc/pic32mx/4.8.3/../../../../pic32mx/lib\libpic32.a(vector45.o)
                0x9fc017a0                __vector_dispatch_45
                0x00000001                ASSERT (((_vector_spacing == 0x0) || (SIZEOF (.vector_45) <= (_vector_spacing << 0x5))), function at exception vector 45 too large)

.vector_46      0x9fc017c0        0x8
 *(.vector_46)
 .vector_46     0x9fc017c0        0x8 c:/program files (x86)/microchip/xc32/v2.30/bin/bin/../../lib/gcc/pic32mx/4.8.3/../../../../pic32mx/lib\libpic32.a(vector46.o)
                0x9fc017c0                __vector_dispatch_46
                0x00000001                ASSERT (((_vector_spacing == 0x0) || (SIZEOF (.vector_46) <= (_vector_spacing << 0x5))), function at exception vector 46 too large)

.vector_47      0x9fc017e0        0x8
 *(.vector_47)
 .vector_47     0x9fc017e0        0x8 c:/program files (x86)/microchip/xc32/v2.30/bin/bin/../../lib/gcc/pic32mx/4.8.3/../../../../pic32mx/lib\libpic32.a(vector47.o)
                0x9fc017e0                __vector_dispatch_47
                0x00000001                ASSERT (((_vector_spacing == 0x0) || (SIZEOF (.vector_47) <= (_vector_spacing << 0x5))), function at exception vector 47 too large)

.vector_48      0x9fc01800        0x8
 *(.vector_48)
 .vector_48     0x9fc01800        0x8 c:/program files (x86)/microchip/xc32/v2.30/bin/bin/../../lib/gcc/pic32mx/4.8.3/../../../../pic32mx/lib\libpic32.a(vector48.o)
                0x9fc01800                __vector_dispatch_48
                0x00000001                ASSERT (((_vector_spacing == 0x0) || (SIZEOF (.vector_48) <= (_vector_spacing << 0x5))), function at exception vector 48 too large)

.vector_49      0x9fc01820        0x8
 *(.vector_49)
 .vector_49     0x9fc01820        0x8 c:/program files (x86)/microchip/xc32/v2.30/bin/bin/../../lib/gcc/pic32mx/4.8.3/../../../../pic32mx/lib\libpic32.a(vector49.o)
                0x9fc01820                __vector_dispatch_49
                0x00000001                ASSERT (((_vector_spacing == 0x0) || (SIZEOF (.vector_49) <= (_vector_spacing << 0x5))), function at exception vector 49 too large)

.vector_50      0x9fc01840        0x8
 *(.vector_50)
 .vector_50     0x9fc01840        0x8 c:/program files (x86)/microchip/xc32/v2.30/bin/bin/../../lib/gcc/pic32mx/4.8.3/../../../../pic32mx/lib\libpic32.a(vector50.o)
                0x9fc01840                __vector_dispatch_50
                0x00000001                ASSERT (((_vector_spacing == 0x0) || (SIZEOF (.vector_50) <= (_vector_spacing << 0x5))), function at exception vector 50 too large)

.vector_51      0x9fc01860        0x8
 *(.vector_51)
 .vector_51     0x9fc01860        0x8 c:/program files (x86)/microchip/xc32/v2.30/bin/bin/../../lib/gcc/pic32mx/4.8.3/../../../../pic32mx/lib\libpic32.a(vector51.o)
                0x9fc01860                __vector_dispatch_51
                0x00000001                ASSERT (((_vector_spacing == 0x0) || (SIZEOF (.vector_51) <= (_vector_spacing << 0x5))), function at exception vector 51 too large)

.vector_52      0x9fc01880        0x0
 *(.vector_52)
                0x00000001                ASSERT (((_vector_spacing == 0x0) || (SIZEOF (.vector_52) <= (_vector_spacing << 0x5))), function at exception vector 52 too large)

.vector_53      0x9fc018a0        0x0
 *(.vector_53)
                0x00000001                ASSERT (((_vector_spacing == 0x0) || (SIZEOF (.vector_53) <= (_vector_spacing << 0x5))), function at exception vector 53 too large)

.vector_54      0x9fc018c0        0x0
 *(.vector_54)
                0x00000001                ASSERT (((_vector_spacing == 0x0) || (SIZEOF (.vector_54) <= (_vector_spacing << 0x5))), function at exception vector 54 too large)

.vector_55      0x9fc018e0        0x0
 *(.vector_55)
                0x00000001                ASSERT (((_vector_spacing == 0x0) || (SIZEOF (.vector_55) <= (_vector_spacing << 0x5))), function at exception vector 55 too large)

.vector_56      0x9fc01900        0x0
 *(.vector_56)
                0x00000001                ASSERT (((_vector_spacing == 0x0) || (SIZEOF (.vector_56) <= (_vector_spacing << 0x5))), function at exception vector 56 too large)

.vector_57      0x9fc01920        0x0
 *(.vector_57)
                0x00000001                ASSERT (((_vector_spacing == 0x0) || (SIZEOF (.vector_57) <= (_vector_spacing << 0x5))), function at exception vector 57 too large)

.vector_58      0x9fc01940        0x0
 *(.vector_58)
                0x00000001                ASSERT (((_vector_spacing == 0x0) || (SIZEOF (.vector_58) <= (_vector_spacing << 0x5))), function at exception vector 58 too large)

.vector_59      0x9fc01960        0x0
 *(.vector_59)
                0x00000001                ASSERT (((_vector_spacing == 0x0) || (SIZEOF (.vector_59) <= (_vector_spacing << 0x5))), function at exception vector 59 too large)

.vector_60      0x9fc01980        0x0
 *(.vector_60)
                0x00000001                ASSERT (((_vector_spacing == 0x0) || (SIZEOF (.vector_60) <= (_vector_spacing << 0x5))), function at exception vector 60 too large)

.vector_61      0x9fc019a0        0x0
 *(.vector_61)
                0x00000001                ASSERT (((_vector_spacing == 0x0) || (SIZEOF (.vector_61) <= (_vector_spacing << 0x5))), function at exception vector 61 too large)

.vector_62      0x9fc019c0        0x0
 *(.vector_62)
                0x00000001                ASSERT (((_vector_spacing == 0x0) || (SIZEOF (.vector_62) <= (_vector_spacing << 0x5))), function at exception vector 62 too large)

.vector_63      0x9fc019e0        0x0
 *(.vector_63)
                0x00000001                ASSERT (((_vector_spacing == 0x0) || (SIZEOF (.vector_63) <= (_vector_spacing << 0x5))), function at exception vector 63 too large)

.startup
 *(.startup)

.text           0x9d000000        0x0
 *(.stub .gnu.linkonce.t.*)
 *(.text.*personality*)
 *(.mips16.fn.*)
 *(.mips16.call.*)
 *(.gnu.warning)
                0x9d000000                . = ALIGN (0x4)

.init           0x9d000000        0x0
 *crti.o(.init)
 *crtbegin.o(.init)
 *(EXCLUDE_FILE(*crtn.o *crtend?.o *crtend.o) .init)
 *crtend.o(.init)
 *crtn.o(.init)
                0x9d000000                . = ALIGN (0x4)

.fini           0x9d000000        0x0
 *(.fini)
                0x9d000000                . = ALIGN (0x4)

.preinit_array  0x9d000000        0x0
                0x9d000000                PROVIDE (__preinit_array_start, .)
 *(.preinit_array)
                0x9d000000                PROVIDE (__preinit_array_end, .)
                0x9d000000                . = ALIGN (0x4)

.init_array     0x9d000000        0x0
                0x9d000000                PROVIDE (__init_array_start, .)
 *(SORT(.init_array.*))
 *(.init_array)
                0x9d000000                PROVIDE (__init_array_end, .)
                0x9d000000                . = ALIGN (0x4)

.fini_array     0x9d000000        0x0
                0x9d000000                PROVIDE (__fini_array_start, .)
 *(SORT(.fini_array.*))
 *(.fini_array)
                0x9d000000                PROVIDE (__fini_array_end, .)
                0x9d000000                . = ALIGN (0x4)

.ctors          0x9d000000        0x0
 *crtbegin.o(.ctors)
 *crtbegin?.o(.ctors)
 *(EXCLUDE_FILE(*crtend?.o *crtend.o) .ctors)
 *(SORT(.ctors.*))
 *(.ctors)
                0x9d000000                . = ALIGN (0x4)

.dtors          0x9d000000        0x0
 *crtbegin.o(.dtors)
 *crtbegin?.o(.dtors)
 *(EXCLUDE_FILE(*crtend?.o *crtend.o) .dtors)
 *(SORT(.dtors.*))
 *(.dtors)
                0x9d000000                . = ALIGN (0x4)

.rodata         0x9d000000        0x0
 *(.gnu.linkonce.r.*)
 *(.rodata1)
                0x9d000000                . = ALIGN (0x4)

.sdata2         0x9fc00490        0x0
 *(.sdata2 .sdata2.* .gnu.linkonce.s2.*)
                0x9fc00490                . = ALIGN (0x4)

.sbss2          0x9fc00490        0x0
 *(.sbss2 .sbss2.* .gnu.linkonce.sb2.*)
                0x9fc00490                . = ALIGN (0x4)

.eh_frame_hdr
 *(.eh_frame_hdr)
                0x9fc00490                . = ALIGN (0x4)

.eh_frame
 *(.eh_frame)
                0x9fc00490                . = ALIGN (0x4)

.gcc_except_table
 *(.gcc_except_table .gcc_except_table.*)
                0x9fc00490                . = ALIGN (0x4)

.dbg_data       0xa0000000        0x0
                0xa0000000                . = (. + DEFINED (_DEBUGGER)?0x200:0x0)

.jcr            0xa0000000        0x0
 *(.jcr)
                0xa0000000                . = ALIGN (0x4)

.eh_frame
 *(.eh_frame)
                0xa0000000                . = ALIGN (0x4)

.gcc_except_table
 *(.gcc_except_table .gcc_except_table.*)
                0xa0000000                . = ALIGN (0x4)

.persist        0xa0000000        0x0
                0xa0000000                _persist_begin = .
 *(.persist .persist.*)
 *(.pbss .pbss.*)
                0xa0000000                . = ALIGN (0x4)
                0xa0000000                _persist_end = .

.data           0xa0000000        0x0
 *(.gnu.linkonce.d.*)
 *(.data1)
                0xa0000000                . = ALIGN (0x4)
                0xa0000000                . = .
                0xa0007ff0                _gp = (ALIGN (0x10) + 0x7ff0)

.got            0xa0000000        0x0
 *(.got.plt)
 *(.got)
                0xa0000000                . = ALIGN (0x4)

.sdata          0xa0000000      0x274
                0xa0000000                _sdata_begin = .
 *(.sdata .sdata.* .gnu.linkonce.s.*)
 .sdata         0xa0000000        0x4 build/default/production/_ext/375438040/lodepng.o
                0xa0000000                LODEPNG_VERSION_STRING
 .sdata         0xa0000004       0x10 build/default/production/_ext/1613075154/gfxu_string_utils.o
                0xa0000004                drawGlyphRow
                0xa000000c                getGlyphRowDataSize
 .sdata         0xa0000014        0x4 build/default/production/_ext/347121368/drv_gfx_ssd1926.o
                0xa0000014                DRIVER_NAME
 .sdata         0xa0000018        0x1 build/default/production/_ext/1689523328/drv_gfx_ssd1289.o
 *fill*         0xa0000019        0x3 
 .sdata         0xa000001c      0x254 build/default/production/_ext/259038627/gfx_assets.o
                0xa000001c                fontIndexTable_data
                0xa0000024                fontList
                0xa000002c                stringIndexTable_data
                0xa0000034                NotoSans_Regular_index_table
                0xa00000f8                NotoSans_Regular_lookup_79
                0xa0000100                NotoSans_Regular_lookup_6E_6F
                0xa0000108                NotoSans_Regular_lookup_68_69
                0xa0000110                NotoSans_Regular_lookup_61_62
                0xa0000118                NotoSans_Regular_lookup_52
                0xa000011c                NotoSans_Regular_lookup_50
                0xa0000120                NotoSans_Regular_lookup_4D
                0xa0000124                NotoSans_Regular_lookup_47
                0xa0000128                NotoSans_Regular_lookup_2E
                0xa000012c                NotoSans_Regular_lookup_20
                0xa0000130                NotoSans_Bold_index_table
                0xa0000214                NotoSans_Bold_lookup_79
                0xa000021c                NotoSans_Bold_lookup_76
                0xa0000224                NotoSans_Bold_lookup_72_73
                0xa000022c                NotoSans_Bold_lookup_68_69
                0xa0000234                NotoSans_Bold_lookup_65
                0xa000023c                NotoSans_Bold_lookup_56
                0xa0000244                NotoSans_Bold_lookup_53
                0xa000024c                NotoSans_Bold_lookup_50
                0xa0000254                NotoSans_Bold_lookup_4C_4D
                0xa000025c                NotoSans_Bold_lookup_47_48
                0xa0000264                NotoSans_Bold_lookup_41_43
                0xa000026c                NotoSans_Bold_lookup_20
 .sdata         0xa0000270        0x4 c:/program files (x86)/microchip/xc32/v2.30/bin/bin/../../lib/gcc/pic32mx/4.8.3/../../../../pic32mx/lib\libpic32.a(xc32_uart.o)
                0xa0000270                __XC_UART
                0xa0000274                . = ALIGN (0x4)
                0xa0000274                _sdata_end = .

.lit8
 *(.lit8)

.lit4
 *(.lit4)
                0xa0000274                . = ALIGN (0x4)
                0xa0000274                _data_end = .
                0xa0000274                _bss_begin = .

.sbss           0xa0000274       0x98
                0xa0000274                _sbss_begin = .
 *(.dynsbss)
 *(.sbss .sbss.* .gnu.linkonce.sb.*)
 .sbss          0xa0000274       0x30 build/default/production/_ext/1613075154/gfxu_image_jpg_common.o
 .sbss          0xa00002a4        0xc build/default/production/_ext/1613075154/gfxu_image_jpg_internal.o
 .sbss          0xa00002b0        0xc build/default/production/_ext/1613075154/gfxu_image_jpg_external.o
 .sbss          0xa00002bc        0x4 build/default/production/_ext/2934027/libaria.o
                0xa00002bc                _initialized
 .sbss          0xa00002c0        0x4 build/default/production/_ext/2934027/libaria_context.o
                0xa00002c0                _activeContext
 .sbss          0xa00002c4        0x1 build/default/production/_ext/2934027/libaria_widget_image_skin_classic.o
                0xa00002c4                startCounting
 *fill*         0xa00002c5        0x3 
 .sbss          0xa00002c8        0x4 build/default/production/_ext/199325712/gfx_context.o
                0xa00002c8                _contextActive
 .sbss          0xa00002cc        0x8 build/default/production/_ext/199325712/gfx_driver_interface.o
                0xa00002cc                GFX_DriverInterfaces
 .sbss          0xa00002d4        0x8 build/default/production/_ext/199325712/gfx_draw_ellipse.o
 .sbss          0xa00002dc        0x4 build/default/production/_ext/458109090/libaria_harmony.o
 .sbss          0xa00002e0        0xc build/default/production/_ext/1688732426/system_exceptions.o
 *(.scommon)
 .scommon       0xa00002ec        0x4 build/default/production/_ext/1360937237/app.o
                0xa00002ec                appData
 .scommon       0xa00002f0        0x4 build/default/production/_ext/458109090/libaria_harmony.o
                0xa00002f0                libariaObj
 .scommon       0xa00002f4        0xc build/default/production/_ext/458109090/libaria_init.o
                0xa00002f4                SloganButton
                0xa00002f8                LogoWidget
                0xa00002fc                TitleLabel
 .scommon       0xa0000300        0x8 build/default/production/_ext/340578644/sys_devcon.o
                0xa0000300                sysDevconObj
 .scommon       0xa0000308        0x4 build/default/production/_ext/1688732426/system_init.o
                0xa0000308                sysObj
                0xa000030c                _sbss_end = .
                0xa000030c                . = ALIGN (0x4)

.bss            0xa000030c        0x0
 *(.dynbss)
 *(COMMON)
                0xa000030c                . = ALIGN ((. != 0x0)?0x4:0x1)
                0xa000030c                . = ALIGN (0x4)
                0xa000030c                _end = .
                0xa000030c                _bss_end = .
                0x00020000                _bmxdudba_address = 0x20000
                0x00020000                _bmxdupba_address = 0x20000

/DISCARD/
 *(.pdr)
 *(.rel.dyn)
 *(.note.GNU-stack)
 *(.note.GNU-stack)
 *(.gnu_debuglink)
 *(.gnu.lto_*)
 *(.discard)

.gptab.sdata
 *(.gptab.data)
 *(.gptab.sdata)

.gptab.sbss
 *(.gptab.bss)
 *(.gptab.sbss)

.mdebug.abi32   0xa000030c        0x0
 *(.mdebug.abi32)
 .mdebug.abi32  0xa000030c        0x0 build/default/production/_ext/1360937237/app.o
 .mdebug.abi32  0xa000030c        0x0 build/default/production/_ext/1360937237/main.o
 .mdebug.abi32  0xa000030c        0x0 build/default/production/_ext/948868075/jidctint.o
 .mdebug.abi32  0xa000030c        0x0 build/default/production/_ext/1613075154/gfxu_image_jpg_common.o
 .mdebug.abi32  0xa000030c        0x0 build/default/production/_ext/1613075154/gfxu_image_jpg_internal.o
 .mdebug.abi32  0xa000030c        0x0 build/default/production/_ext/1613075154/gfxu_image_jpg_external.o
 .mdebug.abi32  0xa000030c        0x0 build/default/production/_ext/1613075154/gfxu_image_png_external.o
 .mdebug.abi32  0xa000030c        0x0 build/default/production/_ext/1613075154/gfxu_image_png_internal.o
 .mdebug.abi32  0xa000030c        0x0 build/default/production/_ext/375438040/lodepng.o
 .mdebug.abi32  0xa000030c        0x0 build/default/production/_ext/1613075154/gfxu_image.o
 .mdebug.abi32  0xa000030c        0x0 build/default/production/_ext/1613075154/gfxu_image_raw_external.o
 .mdebug.abi32  0xa000030c        0x0 build/default/production/_ext/1613075154/gfxu_image_raw_internal.o
 .mdebug.abi32  0xa000030c        0x0 build/default/production/_ext/1613075154/gfxu_image_rle_external.o
 .mdebug.abi32  0xa000030c        0x0 build/default/production/_ext/1613075154/gfxu_image_rle_internal.o
 .mdebug.abi32  0xa000030c        0x0 build/default/production/_ext/1613075154/gfxu_image_utils.o
 .mdebug.abi32  0xa000030c        0x0 build/default/production/_ext/1613075154/gfxu_palette.o
 .mdebug.abi32  0xa000030c        0x0 build/default/production/_ext/1613075154/gfxu_string.o
 .mdebug.abi32  0xa000030c        0x0 build/default/production/_ext/1613075154/gfxu_string_external.o
 .mdebug.abi32  0xa000030c        0x0 build/default/production/_ext/1613075154/gfxu_stringbuffer_external.o
 .mdebug.abi32  0xa000030c        0x0 build/default/production/_ext/1613075154/gfxu_string_internal.o
 .mdebug.abi32  0xa000030c        0x0 build/default/production/_ext/1613075154/gfxu_string_query.o
 .mdebug.abi32  0xa000030c        0x0 build/default/production/_ext/1613075154/gfxu_string_utils.o
 .mdebug.abi32  0xa000030c        0x0 build/default/production/_ext/2934027/libaria.o
 .mdebug.abi32  0xa000030c        0x0 build/default/production/_ext/2934027/libaria_array.o
 .mdebug.abi32  0xa000030c        0x0 build/default/production/_ext/2934027/libaria_context.o
 .mdebug.abi32  0xa000030c        0x0 build/default/production/_ext/2934027/libaria_context_paint.o
 .mdebug.abi32  0xa000030c        0x0 build/default/production/_ext/2934027/libaria_draw.o
 .mdebug.abi32  0xa000030c        0x0 build/default/production/_ext/2934027/libaria_editwidget.o
 .mdebug.abi32  0xa000030c        0x0 build/default/production/_ext/2934027/libaria_event.o
 .mdebug.abi32  0xa000030c        0x0 build/default/production/_ext/2934027/libaria_input.o
 .mdebug.abi32  0xa000030c        0x0 build/default/production/_ext/2934027/libaria_layer.o
 .mdebug.abi32  0xa000030c        0x0 build/default/production/_ext/2934027/libaria_list.o
 .mdebug.abi32  0xa000030c        0x0 build/default/production/_ext/2934027/libaria_rectarray.o
 .mdebug.abi32  0xa000030c        0x0 build/default/production/_ext/2934027/libaria_scheme.o
 .mdebug.abi32  0xa000030c        0x0 build/default/production/_ext/2934027/libaria_screen.o
 .mdebug.abi32  0xa000030c        0x0 build/default/production/_ext/2934027/libaria_string.o
 .mdebug.abi32  0xa000030c        0x0 build/default/production/_ext/2934027/libaria_utils.o
 .mdebug.abi32  0xa000030c        0x0 build/default/production/_ext/2934027/libaria_widget.o
 .mdebug.abi32  0xa000030c        0x0 build/default/production/_ext/2934027/libaria_widget_skin_classic.o
 .mdebug.abi32  0xa000030c        0x0 build/default/production/_ext/2934027/libaria_widget_skin_classic_common.o
 .mdebug.abi32  0xa000030c        0x0 build/default/production/_ext/2934027/libaria_widget_arc.o
 .mdebug.abi32  0xa000030c        0x0 build/default/production/_ext/2934027/libaria_widget_arc_skin_classic.o
 .mdebug.abi32  0xa000030c        0x0 build/default/production/_ext/2934027/libaria_widget_bar_graph.o
 .mdebug.abi32  0xa000030c        0x0 build/default/production/_ext/2934027/libaria_widget_bar_graph_skin_classic.o
 .mdebug.abi32  0xa000030c        0x0 build/default/production/_ext/2934027/libaria_widget_button.o
 .mdebug.abi32  0xa000030c        0x0 build/default/production/_ext/2934027/libaria_widget_button_skin_classic.o
 .mdebug.abi32  0xa000030c        0x0 build/default/production/_ext/2934027/libaria_widget_checkbox.o
 .mdebug.abi32  0xa000030c        0x0 build/default/production/_ext/2934027/libaria_widget_checkbox_skin_classic.o
 .mdebug.abi32  0xa000030c        0x0 build/default/production/_ext/2934027/libaria_widget_circle.o
 .mdebug.abi32  0xa000030c        0x0 build/default/production/_ext/2934027/libaria_widget_circle_skin_classic.o
 .mdebug.abi32  0xa000030c        0x0 build/default/production/_ext/2934027/libaria_widget_circular_gauge.o
 .mdebug.abi32  0xa000030c        0x0 build/default/production/_ext/2934027/libaria_widget_circular_gauge_skin_classic.o
 .mdebug.abi32  0xa000030c        0x0 build/default/production/_ext/2934027/libaria_widget_circular_slider.o
 .mdebug.abi32  0xa000030c        0x0 build/default/production/_ext/2934027/libaria_widget_circular_slider_skin_classic.o
 .mdebug.abi32  0xa000030c        0x0 build/default/production/_ext/2934027/libaria_widget_drawsurface.o
 .mdebug.abi32  0xa000030c        0x0 build/default/production/_ext/2934027/libaria_widget_drawsurface_skin_classic.o
 .mdebug.abi32  0xa000030c        0x0 build/default/production/_ext/2934027/libaria_widget_gradient.o
 .mdebug.abi32  0xa000030c        0x0 build/default/production/_ext/2934027/libaria_widget_gradient_skin_classic.o
 .mdebug.abi32  0xa000030c        0x0 build/default/production/_ext/2934027/libaria_widget_groupbox.o
 .mdebug.abi32  0xa000030c        0x0 build/default/production/_ext/2934027/libaria_widget_groupbox_skin_classic.o
 .mdebug.abi32  0xa000030c        0x0 build/default/production/_ext/2934027/libaria_widget_image.o
 .mdebug.abi32  0xa000030c        0x0 build/default/production/_ext/2934027/libaria_widget_image_skin_classic.o
 .mdebug.abi32  0xa000030c        0x0 build/default/production/_ext/2934027/libaria_widget_imageplus.o
 .mdebug.abi32  0xa000030c        0x0 build/default/production/_ext/2934027/libaria_widget_imageplus_skin_classic.o
 .mdebug.abi32  0xa000030c        0x0 build/default/production/_ext/2934027/libaria_widget_imagesequence.o
 .mdebug.abi32  0xa000030c        0x0 build/default/production/_ext/2934027/libaria_widget_imagesequence_skin_classic.o
 .mdebug.abi32  0xa000030c        0x0 build/default/production/_ext/2934027/libaria_widget_keypad.o
 .mdebug.abi32  0xa000030c        0x0 build/default/production/_ext/2934027/libaria_widget_keypad_skin_classic.o
 .mdebug.abi32  0xa000030c        0x0 build/default/production/_ext/2934027/libaria_widget_label.o
 .mdebug.abi32  0xa000030c        0x0 build/default/production/_ext/2934027/libaria_widget_label_skin_classic.o
 .mdebug.abi32  0xa000030c        0x0 build/default/production/_ext/2934027/libaria_widget_line.o
 .mdebug.abi32  0xa000030c        0x0 build/default/production/_ext/2934027/libaria_widget_line_skin_classic.o
 .mdebug.abi32  0xa000030c        0x0 build/default/production/_ext/2934027/libaria_widget_line_graph.o
 .mdebug.abi32  0xa000030c        0x0 build/default/production/_ext/2934027/libaria_widget_line_graph_skin_classic.o
 .mdebug.abi32  0xa000030c        0x0 build/default/production/_ext/2934027/libaria_widget_list.o
 .mdebug.abi32  0xa000030c        0x0 build/default/production/_ext/2934027/libaria_widget_list_skin_classic.o
 .mdebug.abi32  0xa000030c        0x0 build/default/production/_ext/2934027/libaria_widget_listwheel.o
 .mdebug.abi32  0xa000030c        0x0 build/default/production/_ext/2934027/libaria_widget_listwheel_skin_classic.o
 .mdebug.abi32  0xa000030c        0x0 build/default/production/_ext/2934027/libaria_widget_pie_chart.o
 .mdebug.abi32  0xa000030c        0x0 build/default/production/_ext/2934027/libaria_widget_pie_chart_skin_classic.o
 .mdebug.abi32  0xa000030c        0x0 build/default/production/_ext/2934027/libaria_widget_progressbar.o
 .mdebug.abi32  0xa000030c        0x0 build/default/production/_ext/2934027/libaria_widget_progressbar_skin_classic.o
 .mdebug.abi32  0xa000030c        0x0 build/default/production/_ext/2934027/libaria_widget_radial_menu.o
 .mdebug.abi32  0xa000030c        0x0 build/default/production/_ext/2934027/libaria_widget_radial_menu_skin_classic.o
 .mdebug.abi32  0xa000030c        0x0 build/default/production/_ext/2934027/libaria_widget_radiobutton.o
 .mdebug.abi32  0xa000030c        0x0 build/default/production/_ext/2934027/libaria_widget_radiobutton_skin_classic.o
 .mdebug.abi32  0xa000030c        0x0 build/default/production/_ext/2934027/libaria_radiobutton_group.o
 .mdebug.abi32  0xa000030c        0x0 build/default/production/_ext/2934027/libaria_widget_rectangle.o
 .mdebug.abi32  0xa000030c        0x0 build/default/production/_ext/2934027/libaria_widget_rectangle_skin_classic.o
 .mdebug.abi32  0xa000030c        0x0 build/default/production/_ext/2934027/libaria_widget_scrollbar.o
 .mdebug.abi32  0xa000030c        0x0 build/default/production/_ext/2934027/libaria_widget_scrollbar_skin_classic.o
 .mdebug.abi32  0xa000030c        0x0 build/default/production/_ext/2934027/libaria_widget_slider.o
 .mdebug.abi32  0xa000030c        0x0 build/default/production/_ext/2934027/libaria_widget_slider_skin_classic.o
 .mdebug.abi32  0xa000030c        0x0 build/default/production/_ext/2934027/libaria_widget_textfield.o
 .mdebug.abi32  0xa000030c        0x0 build/default/production/_ext/2934027/libaria_widget_textfield_skin_classic.o
 .mdebug.abi32  0xa000030c        0x0 build/default/production/_ext/2934027/libaria_widget_touchtest.o
 .mdebug.abi32  0xa000030c        0x0 build/default/production/_ext/2934027/libaria_widget_touchtest_skin_classic.o
 .mdebug.abi32  0xa000030c        0x0 build/default/production/_ext/2934027/libaria_widget_window.o
 .mdebug.abi32  0xa000030c        0x0 build/default/production/_ext/2934027/libaria_widget_window_skin_classic.o
 .mdebug.abi32  0xa000030c        0x0 build/default/production/_ext/199325712/gfx.o
 .mdebug.abi32  0xa000030c        0x0 build/default/production/_ext/199325712/gfx_color.o
 .mdebug.abi32  0xa000030c        0x0 build/default/production/_ext/199325712/gfx_context.o
 .mdebug.abi32  0xa000030c        0x0 build/default/production/_ext/199325712/gfx_default_impl.o
 .mdebug.abi32  0xa000030c        0x0 build/default/production/_ext/199325712/gfx_display.o
 .mdebug.abi32  0xa000030c        0x0 build/default/production/_ext/199325712/gfx_driver_interface.o
 .mdebug.abi32  0xa000030c        0x0 build/default/production/_ext/199325712/gfx_get.o
 .mdebug.abi32  0xa000030c        0x0 build/default/production/_ext/199325712/gfx_interface.o
 .mdebug.abi32  0xa000030c        0x0 build/default/production/_ext/199325712/gfx_layer.o
 .mdebug.abi32  0xa000030c        0x0 build/default/production/_ext/199325712/gfx_pixel_buffer.o
 .mdebug.abi32  0xa000030c        0x0 build/default/production/_ext/199325712/gfx_processor_interface.o
 .mdebug.abi32  0xa000030c        0x0 build/default/production/_ext/199325712/gfx_rect.o
 .mdebug.abi32  0xa000030c        0x0 build/default/production/_ext/199325712/gfx_util.o
 .mdebug.abi32  0xa000030c        0x0 build/default/production/_ext/199325712/gfx_set.o
 .mdebug.abi32  0xa000030c        0x0 build/default/production/_ext/199325712/gfx_color_blend.o
 .mdebug.abi32  0xa000030c        0x0 build/default/production/_ext/199325712/gfx_color_convert.o
 .mdebug.abi32  0xa000030c        0x0 build/default/production/_ext/199325712/gfx_color_lerp.o
 .mdebug.abi32  0xa000030c        0x0 build/default/production/_ext/199325712/gfx_color_value.o
 .mdebug.abi32  0xa000030c        0x0 build/default/production/_ext/199325712/gfx_draw_arc.o
 .mdebug.abi32  0xa000030c        0x0 build/default/production/_ext/199325712/gfx_draw_blit.o
 .mdebug.abi32  0xa000030c        0x0 build/default/production/_ext/199325712/gfx_draw_circle.o
 .mdebug.abi32  0xa000030c        0x0 build/default/production/_ext/199325712/gfx_draw_ellipse.o
 .mdebug.abi32  0xa000030c        0x0 build/default/production/_ext/199325712/gfx_draw_line.o
 .mdebug.abi32  0xa000030c        0x0 build/default/production/_ext/199325712/gfx_draw_pixel.o
 .mdebug.abi32  0xa000030c        0x0 build/default/production/_ext/199325712/gfx_draw_rect.o
 .mdebug.abi32  0xa000030c        0x0 build/default/production/_ext/199325712/gfx_draw_stretchblit.o
 .mdebug.abi32  0xa000030c        0x0 build/default/production/_ext/199325712/gfx_math.o
 .mdebug.abi32  0xa000030c        0x0 build/default/production/_ext/565598950/sys_int_pic32.o
 .mdebug.abi32  0xa000030c        0x0 build/default/production/_ext/664138601/drv_pmp_static.o
 .mdebug.abi32  0xa000030c        0x0 build/default/production/_ext/347121368/drv_gfx_ssd1926.o
 .mdebug.abi32  0xa000030c        0x0 build/default/production/_ext/1689523328/drv_gfx_ssd1289.o
 .mdebug.abi32  0xa000030c        0x0 build/default/production/_ext/458109090/libaria_harmony.o
 .mdebug.abi32  0xa000030c        0x0 build/default/production/_ext/458109090/libaria_init.o
 .mdebug.abi32  0xa000030c        0x0 build/default/production/_ext/458109090/libaria_events.o
 .mdebug.abi32  0xa000030c        0x0 build/default/production/_ext/458109090/libaria_macros.o
 .mdebug.abi32  0xa000030c        0x0 build/default/production/_ext/2065038297/gfx_display_def.o
 .mdebug.abi32  0xa000030c        0x0 build/default/production/_ext/2065038297/gfx_driver_def.o
 .mdebug.abi32  0xa000030c        0x0 build/default/production/_ext/2065038297/gfx_processor_def.o
 .mdebug.abi32  0xa000030c        0x0 build/default/production/_ext/639803181/sys_clk_pic32mx.o
 .mdebug.abi32  0xa000030c        0x0 build/default/production/_ext/340578644/sys_devcon.o
 .mdebug.abi32  0xa000030c        0x0 build/default/production/_ext/340578644/sys_devcon_pic32mx.o
 .mdebug.abi32  0xa000030c        0x0 build/default/production/_ext/822048611/sys_ports_static.o
 .mdebug.abi32  0xa000030c        0x0 build/default/production/_ext/74298950/bsp.o
 .mdebug.abi32  0xa000030c        0x0 build/default/production/_ext/1688732426/system_init.o
 .mdebug.abi32  0xa000030c        0x0 build/default/production/_ext/1688732426/system_interrupt.o
 .mdebug.abi32  0xa000030c        0x0 build/default/production/_ext/1688732426/system_exceptions.o
 .mdebug.abi32  0xa000030c        0x0 build/default/production/_ext/1688732426/system_tasks.o
 .mdebug.abi32  0xa000030c        0x0 build/default/production/_ext/259038627/gfx_assets.o
 .mdebug.abi32  0xa000030c        0x0 c:/program files (x86)/microchip/xc32/v2.30/bin/bin/../../lib/gcc/pic32mx/4.8.3\libgcc.a(floatunsisf.o)
 .mdebug.abi32  0xa000030c        0x0 c:/program files (x86)/microchip/xc32/v2.30/bin/bin/../../lib/gcc/pic32mx/4.8.3/../../../../pic32mx/lib\libpic32.a(default-bootstrap-exception-handler.o)
 .mdebug.abi32  0xa000030c        0x0 c:/program files (x86)/microchip/xc32/v2.30/bin/bin/../../lib/gcc/pic32mx/4.8.3/../../../../pic32mx/lib\libpic32.a(default-on-reset.o)
 .mdebug.abi32  0xa000030c        0x0 c:/program files (x86)/microchip/xc32/v2.30/bin/bin/../../lib/gcc/pic32mx/4.8.3/../../../../pic32mx/lib\libpic32.a(default-on-bootstrap.o)
 .mdebug.abi32  0xa000030c        0x0 c:/program files (x86)/microchip/xc32/v2.30/bin/bin/../../lib/gcc/pic32mx/4.8.3/../../../../pic32mx/lib\libpic32.a(defaultinterrupt.o)
 .mdebug.abi32  0xa000030c        0x0 c:/program files (x86)/microchip/xc32/v2.30/bin/bin/../../lib/gcc/pic32mx/4.8.3/../../../../pic32mx/lib\libc.a(fassert.o)
 .mdebug.abi32  0xa000030c        0x0 c:/program files (x86)/microchip/xc32/v2.30/bin/bin/../../lib/gcc/pic32mx/4.8.3/../../../../pic32mx/lib\libc.a(calloc.o)
 .mdebug.abi32  0xa000030c        0x0 c:/program files (x86)/microchip/xc32/v2.30/bin/bin/../../lib/gcc/pic32mx/4.8.3/../../../../pic32mx/lib\libc.a(malloc.o)
 .mdebug.abi32  0xa000030c        0x0 c:/program files (x86)/microchip/xc32/v2.30/bin/bin/../../lib/gcc/pic32mx/4.8.3/../../../../pic32mx/lib\libc.a(signal.o)
 .mdebug.abi32  0xa000030c        0x0 c:/program files (x86)/microchip/xc32/v2.30/bin/bin/../../lib/gcc/pic32mx/4.8.3/../../../../pic32mx/lib\libc.a(exit.o)
 .mdebug.abi32  0xa000030c        0x0 c:/program files (x86)/microchip/xc32/v2.30/bin/bin/../../lib/gcc/pic32mx/4.8.3/../../../../pic32mx/lib\libc.a(stdclean_simple.o)
 .mdebug.abi32  0xa000030c        0x0 c:/program files (x86)/microchip/xc32/v2.30/bin/bin/../../lib/gcc/pic32mx/4.8.3/../../../../pic32mx/lib\libc.a(fprintf_cdnopsuxX.eo)
 .mdebug.abi32  0xa000030c        0x0 c:/program files (x86)/microchip/xc32/v2.30/bin/bin/../../lib/gcc/pic32mx/4.8.3/../../../../pic32mx/lib\libc.a(sprintf_cdnopuxX.eo)
 .mdebug.abi32  0xa000030c        0x0 c:/program files (x86)/microchip/xc32/v2.30/bin/bin/../../lib/gcc/pic32mx/4.8.3/../../../../pic32mx/lib\libc.a(_iob.o)
 .mdebug.abi32  0xa000030c        0x0 c:/program files (x86)/microchip/xc32/v2.30/bin/bin/../../lib/gcc/pic32mx/4.8.3/../../../../pic32mx/lib\libc.a(doprnt_cdnopsuxX.eo)
 .mdebug.abi32  0xa000030c        0x0 c:/program files (x86)/microchip/xc32/v2.30/bin/bin/../../lib/gcc/pic32mx/4.8.3/../../../../pic32mx/lib\libc.a(_fputc_simple.o)
 .mdebug.abi32  0xa000030c        0x0 c:/program files (x86)/microchip/xc32/v2.30/bin/bin/../../lib/gcc/pic32mx/4.8.3/../../../../pic32mx/lib\libc.a(ctype.o)
 .mdebug.abi32  0xa000030c        0x0 c:/program files (x86)/microchip/xc32/v2.30/bin/bin/../../lib/gcc/pic32mx/4.8.3/../../../../pic32mx/lib\libc.a(_flsbuf_simple.o)
 .mdebug.abi32  0xa000030c        0x0 c:/program files (x86)/microchip/xc32/v2.30/bin/bin/../../lib/gcc/pic32mx/4.8.3\libgcc.a(_udivdi3.o)
 .mdebug.abi32  0xa000030c        0x0 c:/program files (x86)/microchip/xc32/v2.30/bin/bin/../../lib/gcc/pic32mx/4.8.3\libgcc.a(_umoddi3.o)
 .mdebug.abi32  0xa000030c        0x0 c:/program files (x86)/microchip/xc32/v2.30/bin/bin/../../lib/gcc/pic32mx/4.8.3/../../../../pic32mx/lib\libpic32.a(sbrk.o)
 .mdebug.abi32  0xa000030c        0x0 c:/program files (x86)/microchip/xc32/v2.30/bin/bin/../../lib/gcc/pic32mx/4.8.3/../../../../pic32mx/lib\libpic32.a(write.o)
 .mdebug.abi32  0xa000030c        0x0 c:/program files (x86)/microchip/xc32/v2.30/bin/bin/../../lib/gcc/pic32mx/4.8.3/../../../../pic32mx/lib\libpic32.a(errno.o)
 .mdebug.abi32  0xa000030c        0x0 c:/program files (x86)/microchip/xc32/v2.30/bin/bin/../../lib/gcc/pic32mx/4.8.3/../../../../pic32mx/lib\libpic32.a(_mon_putc.o)
 .mdebug.abi32  0xa000030c        0x0 c:/program files (x86)/microchip/xc32/v2.30/bin/bin/../../lib/gcc/pic32mx/4.8.3/../../../../pic32mx/lib\libpic32.a(xc32_uart.o)

.mdebug.abiN32
 *(.mdebug.abiN32)

.mdebug.abi64
 *(.mdebug.abi64)

.mdebug.abiO64
 *(.mdebug.abiO64)

.mdebug.eabi32
 *(.mdebug.eabi32)

.mdebug.eabi64
 *(.mdebug.eabi64)

.gcc_compiled_long32
 *(.gcc_compiled_long32)

.gcc_compiled_long64
 *(.gcc_compiled_long64)

.stab
 *(.stab)

.stabstr
 *(.stabstr)

.stab.excl
 *(.stab.excl)

.stab.exclstr
 *(.stab.exclstr)

.stab.index
 *(.stab.index)

.stab.indexstr
 *(.stab.indexstr)

.comment        0x00000000      0x11f
 *(.comment)
 .comment       0x00000000       0x3c build/default/production/_ext/1360937237/app.o
                                 0x3d (size before relaxing)
 .comment       0x00000000       0x3d build/default/production/_ext/1360937237/main.o
 .comment       0x00000000       0x3d build/default/production/_ext/948868075/jidctint.o
 .comment       0x00000000       0x3d build/default/production/_ext/1613075154/gfxu_image_jpg_common.o
 .comment       0x00000000       0x3d build/default/production/_ext/1613075154/gfxu_image_jpg_internal.o
 .comment       0x00000000       0x3d build/default/production/_ext/1613075154/gfxu_image_jpg_external.o
 .comment       0x00000000       0x3d build/default/production/_ext/1613075154/gfxu_image_png_external.o
 .comment       0x00000000       0x3d build/default/production/_ext/1613075154/gfxu_image_png_internal.o
 .comment       0x00000000       0x3d build/default/production/_ext/375438040/lodepng.o
 .comment       0x00000000       0x3d build/default/production/_ext/1613075154/gfxu_image.o
 .comment       0x00000000       0x3d build/default/production/_ext/1613075154/gfxu_image_raw_external.o
 .comment       0x00000000       0x3d build/default/production/_ext/1613075154/gfxu_image_raw_internal.o
 .comment       0x00000000       0x3d build/default/production/_ext/1613075154/gfxu_image_rle_external.o
 .comment       0x00000000       0x3d build/default/production/_ext/1613075154/gfxu_image_rle_internal.o
 .comment       0x00000000       0x3d build/default/production/_ext/1613075154/gfxu_image_utils.o
 .comment       0x00000000       0x3d build/default/production/_ext/1613075154/gfxu_palette.o
 .comment       0x00000000       0x3d build/default/production/_ext/1613075154/gfxu_string.o
 .comment       0x00000000       0x3d build/default/production/_ext/1613075154/gfxu_string_external.o
 .comment       0x00000000       0x3d build/default/production/_ext/1613075154/gfxu_stringbuffer_external.o
 .comment       0x00000000       0x3d build/default/production/_ext/1613075154/gfxu_string_internal.o
 .comment       0x00000000       0x3d build/default/production/_ext/1613075154/gfxu_string_query.o
 .comment       0x00000000       0x3d build/default/production/_ext/1613075154/gfxu_string_utils.o
 .comment       0x00000000       0x3d build/default/production/_ext/2934027/libaria.o
 .comment       0x00000000       0x3d build/default/production/_ext/2934027/libaria_array.o
 .comment       0x00000000       0x3d build/default/production/_ext/2934027/libaria_context.o
 .comment       0x00000000       0x3d build/default/production/_ext/2934027/libaria_context_paint.o
 .comment       0x00000000       0x3d build/default/production/_ext/2934027/libaria_draw.o
 .comment       0x00000000       0x3d build/default/production/_ext/2934027/libaria_editwidget.o
 .comment       0x00000000       0x3d build/default/production/_ext/2934027/libaria_event.o
 .comment       0x00000000       0x3d build/default/production/_ext/2934027/libaria_input.o
 .comment       0x00000000       0x3d build/default/production/_ext/2934027/libaria_layer.o
 .comment       0x00000000       0x3d build/default/production/_ext/2934027/libaria_list.o
 .comment       0x00000000       0x3d build/default/production/_ext/2934027/libaria_rectarray.o
 .comment       0x00000000       0x3d build/default/production/_ext/2934027/libaria_scheme.o
 .comment       0x00000000       0x3d build/default/production/_ext/2934027/libaria_screen.o
 .comment       0x00000000       0x3d build/default/production/_ext/2934027/libaria_string.o
 .comment       0x00000000       0x3d build/default/production/_ext/2934027/libaria_utils.o
 .comment       0x00000000       0x3d build/default/production/_ext/2934027/libaria_widget.o
 .comment       0x00000000       0x3d build/default/production/_ext/2934027/libaria_widget_skin_classic.o
 .comment       0x00000000       0x3d build/default/production/_ext/2934027/libaria_widget_skin_classic_common.o
 .comment       0x00000000       0x3d build/default/production/_ext/2934027/libaria_widget_arc.o
 .comment       0x00000000       0x3d build/default/production/_ext/2934027/libaria_widget_arc_skin_classic.o
 .comment       0x00000000       0x3d build/default/production/_ext/2934027/libaria_widget_bar_graph.o
 .comment       0x00000000       0x3d build/default/production/_ext/2934027/libaria_widget_bar_graph_skin_classic.o
 .comment       0x00000000       0x3d build/default/production/_ext/2934027/libaria_widget_button.o
 .comment       0x00000000       0x3d build/default/production/_ext/2934027/libaria_widget_button_skin_classic.o
 .comment       0x00000000       0x3d build/default/production/_ext/2934027/libaria_widget_checkbox.o
 .comment       0x00000000       0x3d build/default/production/_ext/2934027/libaria_widget_checkbox_skin_classic.o
 .comment       0x00000000       0x3d build/default/production/_ext/2934027/libaria_widget_circle.o
 .comment       0x00000000       0x3d build/default/production/_ext/2934027/libaria_widget_circle_skin_classic.o
 .comment       0x00000000       0x3d build/default/production/_ext/2934027/libaria_widget_circular_gauge.o
 .comment       0x00000000       0x3d build/default/production/_ext/2934027/libaria_widget_circular_gauge_skin_classic.o
 .comment       0x00000000       0x3d build/default/production/_ext/2934027/libaria_widget_circular_slider.o
 .comment       0x00000000       0x3d build/default/production/_ext/2934027/libaria_widget_circular_slider_skin_classic.o
 .comment       0x00000000       0x3d build/default/production/_ext/2934027/libaria_widget_drawsurface.o
 .comment       0x00000000       0x3d build/default/production/_ext/2934027/libaria_widget_drawsurface_skin_classic.o
 .comment       0x00000000       0x3d build/default/production/_ext/2934027/libaria_widget_gradient.o
 .comment       0x00000000       0x3d build/default/production/_ext/2934027/libaria_widget_gradient_skin_classic.o
 .comment       0x00000000       0x3d build/default/production/_ext/2934027/libaria_widget_groupbox.o
 .comment       0x00000000       0x3d build/default/production/_ext/2934027/libaria_widget_groupbox_skin_classic.o
 .comment       0x00000000       0x3d build/default/production/_ext/2934027/libaria_widget_image.o
 .comment       0x00000000       0x3d build/default/production/_ext/2934027/libaria_widget_image_skin_classic.o
 .comment       0x00000000       0x3d build/default/production/_ext/2934027/libaria_widget_imageplus.o
 .comment       0x00000000       0x3d build/default/production/_ext/2934027/libaria_widget_imageplus_skin_classic.o
 .comment       0x00000000       0x3d build/default/production/_ext/2934027/libaria_widget_imagesequence.o
 .comment       0x00000000       0x3d build/default/production/_ext/2934027/libaria_widget_imagesequence_skin_classic.o
 .comment       0x00000000       0x3d build/default/production/_ext/2934027/libaria_widget_keypad.o
 .comment       0x00000000       0x3d build/default/production/_ext/2934027/libaria_widget_keypad_skin_classic.o
 .comment       0x00000000       0x3d build/default/production/_ext/2934027/libaria_widget_label.o
 .comment       0x00000000       0x3d build/default/production/_ext/2934027/libaria_widget_label_skin_classic.o
 .comment       0x00000000       0x3d build/default/production/_ext/2934027/libaria_widget_line.o
 .comment       0x00000000       0x3d build/default/production/_ext/2934027/libaria_widget_line_skin_classic.o
 .comment       0x00000000       0x3d build/default/production/_ext/2934027/libaria_widget_line_graph.o
 .comment       0x00000000       0x3d build/default/production/_ext/2934027/libaria_widget_line_graph_skin_classic.o
 .comment       0x00000000       0x3d build/default/production/_ext/2934027/libaria_widget_list.o
 .comment       0x00000000       0x3d build/default/production/_ext/2934027/libaria_widget_list_skin_classic.o
 .comment       0x00000000       0x3d build/default/production/_ext/2934027/libaria_widget_listwheel.o
 .comment       0x00000000       0x3d build/default/production/_ext/2934027/libaria_widget_listwheel_skin_classic.o
 .comment       0x00000000       0x3d build/default/production/_ext/2934027/libaria_widget_pie_chart.o
 .comment       0x00000000       0x3d build/default/production/_ext/2934027/libaria_widget_pie_chart_skin_classic.o
 .comment       0x00000000       0x3d build/default/production/_ext/2934027/libaria_widget_progressbar.o
 .comment       0x00000000       0x3d build/default/production/_ext/2934027/libaria_widget_progressbar_skin_classic.o
 .comment       0x00000000       0x3d build/default/production/_ext/2934027/libaria_widget_radial_menu.o
 .comment       0x00000000       0x3d build/default/production/_ext/2934027/libaria_widget_radial_menu_skin_classic.o
 .comment       0x00000000       0x3d build/default/production/_ext/2934027/libaria_widget_radiobutton.o
 .comment       0x00000000       0x3d build/default/production/_ext/2934027/libaria_widget_radiobutton_skin_classic.o
 .comment       0x00000000       0x3d build/default/production/_ext/2934027/libaria_radiobutton_group.o
 .comment       0x00000000       0x3d build/default/production/_ext/2934027/libaria_widget_rectangle.o
 .comment       0x00000000       0x3d build/default/production/_ext/2934027/libaria_widget_rectangle_skin_classic.o
 .comment       0x00000000       0x3d build/default/production/_ext/2934027/libaria_widget_scrollbar.o
 .comment       0x00000000       0x3d build/default/production/_ext/2934027/libaria_widget_scrollbar_skin_classic.o
 .comment       0x00000000       0x3d build/default/production/_ext/2934027/libaria_widget_slider.o
 .comment       0x00000000       0x3d build/default/production/_ext/2934027/libaria_widget_slider_skin_classic.o
 .comment       0x00000000       0x3d build/default/production/_ext/2934027/libaria_widget_textfield.o
 .comment       0x00000000       0x3d build/default/production/_ext/2934027/libaria_widget_textfield_skin_classic.o
 .comment       0x00000000       0x3d build/default/production/_ext/2934027/libaria_widget_touchtest.o
 .comment       0x00000000       0x3d build/default/production/_ext/2934027/libaria_widget_touchtest_skin_classic.o
 .comment       0x00000000       0x3d build/default/production/_ext/2934027/libaria_widget_window.o
 .comment       0x00000000       0x3d build/default/production/_ext/2934027/libaria_widget_window_skin_classic.o
 .comment       0x00000000       0x3d build/default/production/_ext/199325712/gfx.o
 .comment       0x00000000       0x3d build/default/production/_ext/199325712/gfx_color.o
 .comment       0x00000000       0x3d build/default/production/_ext/199325712/gfx_context.o
 .comment       0x00000000       0x3d build/default/production/_ext/199325712/gfx_default_impl.o
 .comment       0x00000000       0x3d build/default/production/_ext/199325712/gfx_display.o
 .comment       0x00000000       0x3d build/default/production/_ext/199325712/gfx_driver_interface.o
 .comment       0x00000000       0x3d build/default/production/_ext/199325712/gfx_get.o
 .comment       0x00000000       0x3d build/default/production/_ext/199325712/gfx_interface.o
 .comment       0x00000000       0x3d build/default/production/_ext/199325712/gfx_layer.o
 .comment       0x00000000       0x3d build/default/production/_ext/199325712/gfx_pixel_buffer.o
 .comment       0x00000000       0x3d build/default/production/_ext/199325712/gfx_processor_interface.o
 .comment       0x00000000       0x3d build/default/production/_ext/199325712/gfx_rect.o
 .comment       0x00000000       0x3d build/default/production/_ext/199325712/gfx_util.o
 .comment       0x00000000       0x3d build/default/production/_ext/199325712/gfx_set.o
 .comment       0x00000000       0x3d build/default/production/_ext/199325712/gfx_color_blend.o
 .comment       0x00000000       0x3d build/default/production/_ext/199325712/gfx_color_convert.o
 .comment       0x00000000       0x3d build/default/production/_ext/199325712/gfx_color_lerp.o
 .comment       0x00000000       0x3d build/default/production/_ext/199325712/gfx_color_value.o
 .comment       0x00000000       0x3d build/default/production/_ext/199325712/gfx_draw_arc.o
 .comment       0x00000000       0x3d build/default/production/_ext/199325712/gfx_draw_blit.o
 .comment       0x00000000       0x3d build/default/production/_ext/199325712/gfx_draw_circle.o
 .comment       0x00000000       0x3d build/default/production/_ext/199325712/gfx_draw_ellipse.o
 .comment       0x00000000       0x3d build/default/production/_ext/199325712/gfx_draw_line.o
 .comment       0x00000000       0x3d build/default/production/_ext/199325712/gfx_draw_pixel.o
 .comment       0x00000000       0x3d build/default/production/_ext/199325712/gfx_draw_rect.o
 .comment       0x00000000       0x3d build/default/production/_ext/199325712/gfx_draw_stretchblit.o
 .comment       0x00000000       0x3d build/default/production/_ext/199325712/gfx_math.o
 .comment       0x00000000       0x3d build/default/production/_ext/565598950/sys_int_pic32.o
 .comment       0x00000000       0x3d build/default/production/_ext/664138601/drv_pmp_static.o
 .comment       0x00000000       0x3d build/default/production/_ext/347121368/drv_gfx_ssd1926.o
 .comment       0x00000000       0x3d build/default/production/_ext/1689523328/drv_gfx_ssd1289.o
 .comment       0x00000000       0x3d build/default/production/_ext/458109090/libaria_harmony.o
 .comment       0x00000000       0x3d build/default/production/_ext/458109090/libaria_init.o
 .comment       0x00000000       0x3d build/default/production/_ext/458109090/libaria_events.o
 .comment       0x00000000       0x3d build/default/production/_ext/458109090/libaria_macros.o
 .comment       0x00000000       0x3d build/default/production/_ext/2065038297/gfx_display_def.o
 .comment       0x00000000       0x3d build/default/production/_ext/2065038297/gfx_driver_def.o
 .comment       0x00000000       0x3d build/default/production/_ext/2065038297/gfx_processor_def.o
 .comment       0x00000000       0x3d build/default/production/_ext/639803181/sys_clk_pic32mx.o
 .comment       0x00000000       0x3d build/default/production/_ext/340578644/sys_devcon.o
 .comment       0x00000000       0x3d build/default/production/_ext/340578644/sys_devcon_pic32mx.o
 .comment       0x00000000       0x3d build/default/production/_ext/822048611/sys_ports_static.o
 .comment       0x00000000       0x3d build/default/production/_ext/74298950/bsp.o
 .comment       0x00000000       0x3d build/default/production/_ext/1688732426/system_init.o
 .comment       0x00000000       0x3d build/default/production/_ext/1688732426/system_interrupt.o
 .comment       0x00000000       0x3d build/default/production/_ext/1688732426/system_exceptions.o
 .comment       0x00000000       0x3d build/default/production/_ext/1688732426/system_tasks.o
 .comment       0x00000000       0x3d build/default/production/_ext/259038627/gfx_assets.o
 .comment       0x00000000       0x3d c:/program files (x86)/microchip/xc32/v2.30/bin/bin/../../lib/gcc/pic32mx/4.8.3\libgcc.a(floatunsisf.o)
 .comment       0x0000003c       0x18 c:/program files (x86)/microchip/xc32/v2.30/bin/bin/../../lib/gcc/pic32mx/4.8.3/../../../../pic32mx/lib\libpic32.a(memset.o)
                                 0x19 (size before relaxing)
 .comment       0x00000054       0x19 c:/program files (x86)/microchip/xc32/v2.30/bin/bin/../../lib/gcc/pic32mx/4.8.3/../../../../pic32mx/lib\libpic32.a(strcpy.o)
                                 0x1a (size before relaxing)
 .comment       0x0000006d       0x19 c:/program files (x86)/microchip/xc32/v2.30/bin/bin/../../lib/gcc/pic32mx/4.8.3/../../../../pic32mx/lib\libpic32.a(strlen.o)
                                 0x1a (size before relaxing)
 .comment       0x00000000       0x3d c:/program files (x86)/microchip/xc32/v2.30/bin/bin/../../lib/gcc/pic32mx/4.8.3/../../../../pic32mx/lib\libpic32.a(default-bootstrap-exception-handler.o)
 .comment       0x00000000       0x3d c:/program files (x86)/microchip/xc32/v2.30/bin/bin/../../lib/gcc/pic32mx/4.8.3/../../../../pic32mx/lib\libpic32.a(default-on-reset.o)
 .comment       0x00000000       0x3d c:/program files (x86)/microchip/xc32/v2.30/bin/bin/../../lib/gcc/pic32mx/4.8.3/../../../../pic32mx/lib\libpic32.a(default-on-bootstrap.o)
 .comment       0x00000000       0x3d c:/program files (x86)/microchip/xc32/v2.30/bin/bin/../../lib/gcc/pic32mx/4.8.3/../../../../pic32mx/lib\libpic32.a(defaultinterrupt.o)
 .comment       0x00000000       0x3d c:/program files (x86)/microchip/xc32/v2.30/bin/bin/../../lib/gcc/pic32mx/4.8.3/../../../../pic32mx/lib\libc.a(fassert.o)
 .comment       0x00000000       0x3d c:/program files (x86)/microchip/xc32/v2.30/bin/bin/../../lib/gcc/pic32mx/4.8.3/../../../../pic32mx/lib\libc.a(calloc.o)
 .comment       0x00000000       0x3d c:/program files (x86)/microchip/xc32/v2.30/bin/bin/../../lib/gcc/pic32mx/4.8.3/../../../../pic32mx/lib\libc.a(malloc.o)
 .comment       0x00000000       0x3d c:/program files (x86)/microchip/xc32/v2.30/bin/bin/../../lib/gcc/pic32mx/4.8.3/../../../../pic32mx/lib\libc.a(signal.o)
 .comment       0x00000000       0x3d c:/program files (x86)/microchip/xc32/v2.30/bin/bin/../../lib/gcc/pic32mx/4.8.3/../../../../pic32mx/lib\libc.a(exit.o)
 .comment       0x00000000       0x3d c:/program files (x86)/microchip/xc32/v2.30/bin/bin/../../lib/gcc/pic32mx/4.8.3/../../../../pic32mx/lib\libc.a(stdclean_simple.o)
 .comment       0x00000000       0x3d c:/program files (x86)/microchip/xc32/v2.30/bin/bin/../../lib/gcc/pic32mx/4.8.3/../../../../pic32mx/lib\libc.a(fprintf_cdnopsuxX.eo)
 .comment       0x00000000       0x3d c:/program files (x86)/microchip/xc32/v2.30/bin/bin/../../lib/gcc/pic32mx/4.8.3/../../../../pic32mx/lib\libc.a(sprintf_cdnopuxX.eo)
 .comment       0x00000000       0x3d c:/program files (x86)/microchip/xc32/v2.30/bin/bin/../../lib/gcc/pic32mx/4.8.3/../../../../pic32mx/lib\libc.a(_iob.o)
 .comment       0x00000000       0x3d c:/program files (x86)/microchip/xc32/v2.30/bin/bin/../../lib/gcc/pic32mx/4.8.3/../../../../pic32mx/lib\libc.a(doprnt_cdnopsuxX.eo)
 .comment       0x00000000       0x3d c:/program files (x86)/microchip/xc32/v2.30/bin/bin/../../lib/gcc/pic32mx/4.8.3/../../../../pic32mx/lib\libc.a(_fputc_simple.o)
 .comment       0x00000086       0x4e c:/program files (x86)/microchip/xc32/v2.30/bin/bin/../../lib/gcc/pic32mx/4.8.3/../../../../pic32mx/lib\libc.a(ctype.o)
                                 0x8b (size before relaxing)
 .comment       0x00000000       0x3d c:/program files (x86)/microchip/xc32/v2.30/bin/bin/../../lib/gcc/pic32mx/4.8.3/../../../../pic32mx/lib\libc.a(_flsbuf_simple.o)
 .comment       0x00000000       0x3d c:/program files (x86)/microchip/xc32/v2.30/bin/bin/../../lib/gcc/pic32mx/4.8.3\libgcc.a(_udivdi3.o)
 .comment       0x00000000       0x3d c:/program files (x86)/microchip/xc32/v2.30/bin/bin/../../lib/gcc/pic32mx/4.8.3\libgcc.a(_umoddi3.o)
 .comment       0x000000d4       0x4b c:/program files (x86)/microchip/xc32/v2.30/bin/bin/../../lib/gcc/pic32mx/4.8.3/../../../../pic32mx/lib\libpic32.a(sbrk.o)
                                 0x88 (size before relaxing)
 .comment       0x00000000       0x3d c:/program files (x86)/microchip/xc32/v2.30/bin/bin/../../lib/gcc/pic32mx/4.8.3/../../../../pic32mx/lib\libpic32.a(write.o)
 .comment       0x00000000       0x3d c:/program files (x86)/microchip/xc32/v2.30/bin/bin/../../lib/gcc/pic32mx/4.8.3/../../../../pic32mx/lib\libpic32.a(errno.o)
 .comment       0x00000000       0x3d c:/program files (x86)/microchip/xc32/v2.30/bin/bin/../../lib/gcc/pic32mx/4.8.3/../../../../pic32mx/lib\libpic32.a(_mon_putc.o)
 .comment       0x00000000       0x3d c:/program files (x86)/microchip/xc32/v2.30/bin/bin/../../lib/gcc/pic32mx/4.8.3/../../../../pic32mx/lib\libpic32.a(xc32_uart.o)

.debug
 *(.debug)

.line
 *(.line)

.debug_srcinfo
 *(.debug_srcinfo)

.debug_sfnames
 *(.debug_sfnames)

.debug_aranges  0x00000000     0x50e0
 *(.debug_aranges)
 .debug_aranges
                0x00000000       0x28 build/default/production/_ext/1360937237/app.o
 .debug_aranges
                0x00000028       0x20 build/default/production/_ext/1360937237/main.o
 .debug_aranges
                0x00000048       0x20 build/default/production/_ext/948868075/jidctint.o
 .debug_aranges
                0x00000068       0x80 build/default/production/_ext/1613075154/gfxu_image_jpg_common.o
 .debug_aranges
                0x000000e8       0x28 build/default/production/_ext/1613075154/gfxu_image_jpg_internal.o
 .debug_aranges
                0x00000110       0x28 build/default/production/_ext/1613075154/gfxu_image_jpg_external.o
 .debug_aranges
                0x00000138       0x20 build/default/production/_ext/1613075154/gfxu_image_png_external.o
 .debug_aranges
                0x00000158       0x38 build/default/production/_ext/1613075154/gfxu_image_png_internal.o
 .debug_aranges
                0x00000190      0x3f0 build/default/production/_ext/375438040/lodepng.o
 .debug_aranges
                0x00000580       0x28 build/default/production/_ext/1613075154/gfxu_image.o
 .debug_aranges
                0x000005a8       0x38 build/default/production/_ext/1613075154/gfxu_image_raw_external.o
 .debug_aranges
                0x000005e0       0x20 build/default/production/_ext/1613075154/gfxu_image_raw_internal.o
 .debug_aranges
                0x00000600       0x48 build/default/production/_ext/1613075154/gfxu_image_rle_external.o
 .debug_aranges
                0x00000648       0x20 build/default/production/_ext/1613075154/gfxu_image_rle_internal.o
 .debug_aranges
                0x00000668       0x88 build/default/production/_ext/1613075154/gfxu_image_utils.o
 .debug_aranges
                0x000006f0       0x20 build/default/production/_ext/1613075154/gfxu_palette.o
 .debug_aranges
                0x00000710       0x48 build/default/production/_ext/1613075154/gfxu_string.o
 .debug_aranges
                0x00000758       0x38 build/default/production/_ext/1613075154/gfxu_string_external.o
 .debug_aranges
                0x00000790       0x38 build/default/production/_ext/1613075154/gfxu_stringbuffer_external.o
 .debug_aranges
                0x000007c8       0x38 build/default/production/_ext/1613075154/gfxu_string_internal.o
 .debug_aranges
                0x00000800       0x80 build/default/production/_ext/1613075154/gfxu_string_query.o
 .debug_aranges
                0x00000880       0xc0 build/default/production/_ext/1613075154/gfxu_string_utils.o
 .debug_aranges
                0x00000940       0x30 build/default/production/_ext/2934027/libaria.o
 .debug_aranges
                0x00000970       0xa0 build/default/production/_ext/2934027/libaria_array.o
 .debug_aranges
                0x00000a10      0x118 build/default/production/_ext/2934027/libaria_context.o
 .debug_aranges
                0x00000b28       0x38 build/default/production/_ext/2934027/libaria_context_paint.o
 .debug_aranges
                0x00000b60       0x38 build/default/production/_ext/2934027/libaria_draw.o
 .debug_aranges
                0x00000b98       0x98 build/default/production/_ext/2934027/libaria_editwidget.o
 .debug_aranges
                0x00000c30       0x40 build/default/production/_ext/2934027/libaria_event.o
 .debug_aranges
                0x00000c70       0x68 build/default/production/_ext/2934027/libaria_input.o
 .debug_aranges
                0x00000cd8      0x120 build/default/production/_ext/2934027/libaria_layer.o
 .debug_aranges
                0x00000df8       0x80 build/default/production/_ext/2934027/libaria_list.o
 .debug_aranges
                0x00000e78       0xa0 build/default/production/_ext/2934027/libaria_rectarray.o
 .debug_aranges
                0x00000f18       0x20 build/default/production/_ext/2934027/libaria_scheme.o
 .debug_aranges
                0x00000f38       0xa0 build/default/production/_ext/2934027/libaria_screen.o
 .debug_aranges
                0x00000fd8      0x148 build/default/production/_ext/2934027/libaria_string.o
 .debug_aranges
                0x00001120      0x118 build/default/production/_ext/2934027/libaria_utils.o
 .debug_aranges
                0x00001238      0x250 build/default/production/_ext/2934027/libaria_widget.o
 .debug_aranges
                0x00001488       0x30 build/default/production/_ext/2934027/libaria_widget_skin_classic.o
 .debug_aranges
                0x000014b8       0xd8 build/default/production/_ext/2934027/libaria_widget_skin_classic_common.o
 .debug_aranges
                0x00001590       0x80 build/default/production/_ext/2934027/libaria_widget_arc.o
 .debug_aranges
                0x00001610       0x48 build/default/production/_ext/2934027/libaria_widget_arc_skin_classic.o
 .debug_aranges
                0x00001658      0x188 build/default/production/_ext/2934027/libaria_widget_bar_graph.o
 .debug_aranges
                0x000017e0       0x60 build/default/production/_ext/2934027/libaria_widget_bar_graph_skin_classic.o
 .debug_aranges