Archive member included because of file (symbol)

..\..\..\..\..\..\..\..\shiro019_accelerometer_spi.X\dist\default\production\shiro019_accelerometer_spi.X.a(accel_define.o)
                              build/pic32mx_sk/production/_ext/351744058/system_init.o (delay)
..\..\..\..\..\..\..\..\shiro019_accelerometer_spi.X\dist\default\production\shiro019_accelerometer_spi.X.a(accel_read_x.o)
                              build/pic32mx_sk/production/_ext/1360937237/app.o (accel_read_x)
..\..\..\..\..\..\..\..\shiro019_accelerometer_spi.X\dist\default\production\shiro019_accelerometer_spi.X.a(accel_read_y.o)
                              build/pic32mx_sk/production/_ext/1360937237/app.o (accel_read_y)
..\..\..\..\..\..\..\..\shiro019_accelerometer_spi.X\dist\default\production\shiro019_accelerometer_spi.X.a(accel_setup.o)
                              build/pic32mx_sk/production/_ext/1360937237/app.o (accel_setup)
..\..\..\..\..\..\..\..\shiro019_accelerometer_spi.X\dist\default\production\shiro019_accelerometer_spi.X.a(spi2_read_register.o)
                              build/pic32mx_sk/production/_ext/1360937237/app2.o (spi2_read_register)
..\..\..\..\..\..\..\..\shiro019_accelerometer_spi.X\dist\default\production\shiro019_accelerometer_spi.X.a(spi2_setup.o)
                              build/pic32mx_sk/production/_ext/1360937237/app.o (spi2_setup)
..\..\..\..\..\..\..\..\shiro019_accelerometer_spi.X\dist\default\production\shiro019_accelerometer_spi.X.a(spi2_write_register.o)
                              ..\..\..\..\..\..\..\..\shiro019_accelerometer_spi.X\dist\default\production\shiro019_accelerometer_spi.X.a(accel_setup.o) (spi2_write_register)

Optional file libmchp_peripheral.a not found

Optional file libmchp_peripheral_32MX470F512L.a not found
c:/program files (x86)/microchip/xc32/v2.30/bin/bin/../../lib/gcc/pic32mx/4.8.3/../../../../pic32mx/lib\libpic32.a(memcpy.o)
                              build/pic32mx_sk/production/_ext/161854096/queue.o (memcpy)
c:/program files (x86)/microchip/xc32/v2.30/bin/bin/../../lib/gcc/pic32mx/4.8.3/../../../../pic32mx/lib\libpic32.a(memset.o)
                              build/pic32mx_sk/production/_ext/161854096/tasks.o (memset)
c:/program files (x86)/microchip/xc32/v2.30/bin/bin/../../lib/gcc/pic32mx/4.8.3/../../../../pic32mx/lib\libpic32.a(default-bootstrap-exception-handler.o)
                              C:\Users\shiro019\AppData\Local\Temp\ccoS15Bg.o (_bootstrap_exception_handler)
c:/program files (x86)/microchip/xc32/v2.30/bin/bin/../../lib/gcc/pic32mx/4.8.3/../../../../pic32mx/lib\libpic32.a(default-on-reset.o)
                              C:\Users\shiro019\AppData\Local\Temp\ccoS15Bg.o (_on_reset)
c:/program files (x86)/microchip/xc32/v2.30/bin/bin/../../lib/gcc/pic32mx/4.8.3/../../../../pic32mx/lib\libpic32.a(default-on-bootstrap.o)
                              C:\Users\shiro019\AppData\Local\Temp\ccoS15Bg.o (_on_bootstrap)
c:/program files (x86)/microchip/xc32/v2.30/bin/bin/../../lib/gcc/pic32mx/4.8.3/../../../../pic32mx/lib\libpic32.a(default-nmi-handler.o)
                              C:\Users\shiro019\AppData\Local\Temp\ccoS15Bg.o (_nmi_handler)
c:/program files (x86)/microchip/xc32/v2.30/bin/bin/../../lib/gcc/pic32mx/4.8.3/../../../../pic32mx/lib\libpic32.a(xc32_uart.o)
                              build/pic32mx_sk/production/_ext/1360937237/app2.o (__XC_UART)
c:/program files (x86)/microchip/xc32/v2.30/bin/bin/../../lib/gcc/pic32mx/4.8.3/../../../../pic32mx/lib\libpic32.a(pic32_data_init.o)
                              C:\Users\shiro019\AppData\Local\Temp\ccoS15Bg.o (__pic32_data_init)
c:/program files (x86)/microchip/xc32/v2.30/bin/bin/../../lib/gcc/pic32mx/4.8.3/../../../../pic32mx/lib\libpic32.a(general-exception.o)
                              C:\Users\shiro019\AppData\Local\Temp\ccoS15Bg.o (_general_exception_context)
c:/program files (x86)/microchip/xc32/v2.30/bin/bin/../../lib/gcc/pic32mx/4.8.3/../../../../pic32mx/lib\libpic32.a(vector0.o)
                              C:\Users\shiro019\AppData\Local\Temp\ccgo7Q8F.o (__vector_dispatch_0)
c:/program files (x86)/microchip/xc32/v2.30/bin/bin/../../lib/gcc/pic32mx/4.8.3/../../../../pic32mx/lib\libpic32.a(vector2.o)
                              C:\Users\shiro019\AppData\Local\Temp\ccgo7Q8F.o (__vector_dispatch_2)
c:/program files (x86)/microchip/xc32/v2.30/bin/bin/../../lib/gcc/pic32mx/4.8.3/../../../../pic32mx/lib\libpic32.a(vector3.o)
                              C:\Users\shiro019\AppData\Local\Temp\ccgo7Q8F.o (__vector_dispatch_3)
c:/program files (x86)/microchip/xc32/v2.30/bin/bin/../../lib/gcc/pic32mx/4.8.3/../../../../pic32mx/lib\libpic32.a(vector5.o)
                              C:\Users\shiro019\AppData\Local\Temp\ccgo7Q8F.o (__vector_dispatch_5)
c:/program files (x86)/microchip/xc32/v2.30/bin/bin/../../lib/gcc/pic32mx/4.8.3/../../../../pic32mx/lib\libpic32.a(vector6.o)
                              C:\Users\shiro019\AppData\Local\Temp\ccgo7Q8F.o (__vector_dispatch_6)
[...]
Memory Configuration

Name             Origin             Length             Attributes
kseg0_program_mem 0x9d000000         0x00080000         xr
kseg0_boot_mem   0x9fc00490         0x00000970
exception_mem    0x9fc01000         0x00001000
kseg1_boot_mem   0xbfc00000         0x00000490
debug_exec_mem   0xbfc02000         0x00000ff0
config3          0xbfc02ff0         0x00000004
config2          0xbfc02ff4         0x00000004
config1          0xbfc02ff8         0x00000004
config0          0xbfc02ffc         0x00000004
kseg1_data_mem   0xa0000000         0x00020000         w !x
sfrs             0xbf800000         0x00100000
configsfrs       0xbfc02ff0         0x00000010
*default*        0x00000000         0xffffffff

Linker script and memory map

LOAD c:/program files (x86)/microchip/xc32/v2.30/bin/bin/../../lib/gcc/pic32mx/4.8.3/../../../../pic32mx/lib\debug-exception-return.o
LOAD build/pic32mx_sk/production/_ext/1764187882/bsp.o
LOAD build/pic32mx_sk/production/_ext/1458591747/sys_clk_pic32mx.o
LOAD build/pic32mx_sk/production/_ext/374885412/sys_devcon.o
LOAD build/pic32mx_sk/production/_ext/374885412/sys_devcon_pic32mx.o
LOAD build/pic32mx_sk/production/_ext/1255054701/sys_ports_static.o
LOAD build/pic32mx_sk/production/_ext/351744058/system_init.o
LOAD build/pic32mx_sk/production/_ext/351744058/system_interrupt.o
LOAD build/pic32mx_sk/production/_ext/351744058/system_exceptions.o
LOAD build/pic32mx_sk/production/_ext/351744058/system_tasks.o
LOAD build/pic32mx_sk/production/_ext/351744058/system_interrupt_a.o
LOAD build/pic32mx_sk/production/_ext/351744058/rtos_hooks.o
LOAD build/pic32mx_sk/production/_ext/1360937237/app.o
LOAD build/pic32mx_sk/production/_ext/1360937237/app1.o
LOAD build/pic32mx_sk/production/_ext/1360937237/app2.o
LOAD build/pic32mx_sk/production/_ext/1360937237/app3.o
LOAD build/pic32mx_sk/production/_ext/1360937237/main.o
LOAD build/pic32mx_sk/production/_ext/2067596619/osal_freertos.o
LOAD build/pic32mx_sk/production/_ext/711155467/sys_int_pic32.o
LOAD build/pic32mx_sk/production/_ext/427228813/heap_1.o
LOAD build/pic32mx_sk/production/_ext/789006650/port.o
LOAD build/pic32mx_sk/production/_ext/789006650/port_asm.o
LOAD build/pic32mx_sk/production/_ext/161854096/croutine.o
LOAD build/pic32mx_sk/production/_ext/161854096/list.o
LOAD build/pic32mx_sk/production/_ext/161854096/queue.o
LOAD build/pic32mx_sk/production/_ext/161854096/tasks.o
LOAD build/pic32mx_sk/production/_ext/161854096/timers.o
LOAD build/pic32mx_sk/production/_ext/161854096/event_groups.o
LOAD build/pic32mx_sk/production/_ext/161854096/stream_buffer.o
LOAD build/pic32mx_sk/production/_ext/1360937237/io_setup.o
LOAD ..\..\..\..\..\..\bin\framework\peripheral\PIC32MX795F512L_peripherals.a
LOAD ..\..\..\..\..\..\..\..\shiro019_accelerometer_spi.X\dist\default\production\shiro019_accelerometer_spi.X.a
                0x00000001                __MPLAB_BUILD = 0x1
                0x00000000                _min_heap_size = 0x0
LOAD C:\Users\shiro019\AppData\Local\Temp\ccoS15Bg.o
LOAD C:\Users\shiro019\AppData\Local\Temp\ccO49Ijp.o
LOAD C:\Users\shiro019\AppData\Local\Temp\ccgo7Q8F.o
LOAD c:/program files (x86)/microchip/xc32/v2.30/bin/bin/../../lib/gcc/pic32mx/4.8.3/../../../../pic32mx/lib\pic32_software_reset.o
                0x00000400                PROVIDE (_min_stack_size, 0x400)
START GROUP
LOAD c:/program files (x86)/microchip/xc32/v2.30/bin/bin/../../lib/gcc/pic32mx/4.8.3/../../../../pic32mx/lib/./proc/32MX470F512L\processor.o
END GROUP
START GROUP
LOAD libmchp_peripheral.a
END GROUP
START GROUP
LOAD libmchp_peripheral_32MX470F512L.a
END GROUP
                0x00000001                PROVIDE (_vector_spacing, 0x1)
                0x9fc01000                PROVIDE (_ebase_address, 0x9fc01000)
                0xbfc00000                _RESET_ADDR = 0xbfc00000
                0xbfc00380                _BEV_EXCPT_ADDR = 0xbfc00380
                0xbfc00480                _DBG_EXCPT_ADDR = 0xbfc00480
                0xbfc02000                _DBG_CODE_ADDR = 0xbfc02000
                0x00000ff0                _DBG_CODE_SIZE = 0xff0
                0x9fc01180                _GEN_EXCPT_ADDR = (_ebase_address + 0x180)

.config_BFC02FF0
                0xbfc02ff0        0x4
 *(.config_BFC02FF0)
 .config_BFC02FF0
                0xbfc02ff0        0x4 build/pic32mx_sk/production/_ext/1360937237/io_setup.o

.config_BFC02FF4
                0xbfc02ff4        0x4
 *(.config_BFC02FF4)
 .config_BFC02FF4
                0xbfc02ff4        0x4 build/pic32mx_sk/production/_ext/1360937237/io_setup.o

.config_BFC02FF8
                0xbfc02ff8        0x4
 *(.config_BFC02FF8)
 .config_BFC02FF8
                0xbfc02ff8        0x4 build/pic32mx_sk/production/_ext/1360937237/io_setup.o

.config_BFC02FFC
                0xbfc02ffc        0x4
 *(.config_BFC02FFC)
 .config_BFC02FFC
                0xbfc02ffc        0x4 build/pic32mx_sk/production/_ext/1360937237/io_setup.o
                0xbfc02000                PROVIDE (_DBG_CODE_ADDR, 0xbfc02000)
                0x00000ff0                PROVIDE (_DBG_CODE_SIZE, 0xff0)

.reset          0xbfc00000      0x19c
 *(.reset)
 .reset         0xbfc00000        0x8 C:\Users\shiro019\AppData\Local\Temp\ccoS15Bg.o
                0xbfc00000                _reset
 *(.reset.startup)
 .reset.startup
                0xbfc00008      0x194 C:\Users\shiro019\AppData\Local\Temp\ccoS15Bg.o
                0xbfc00008                _startup

.bev_excpt      0xbfc00380       0x10
 *(.bev_handler)
 .bev_handler   0xbfc00380       0x10 C:\Users\shiro019\AppData\Local\Temp\ccoS15Bg.o

.dbg_excpt      0xbfc00480        0x0
                0xbfc00480                . = (. + DEFINED (_DEBUGGER)?0x8:0x0)

.dbg_code       0xbfc02000        0x0
                0xbfc02000                . = (. + DEFINED (_DEBUGGER)?_DBG_CODE_SIZE:0x0)

.app_excpt      0x9fc01180       0x10
 *(.gen_handler)
 .gen_handler   0x9fc01180       0x10 C:\Users\shiro019\AppData\Local\Temp\ccoS15Bg.o

.vector_0       0x9fc01200        0x8
 *(.vector_0)
 .vector_0      0x9fc01200        0x8 c:/program files (x86)/microchip/xc32/v2.30/bin/bin/../../lib/gcc/pic32mx/4.8.3/../../../../pic32mx/lib\libpic32.a(vector0.o)
                0x9fc01200                __vector_dispatch_0
                0x00000001                ASSERT (((_vector_spacing == 0x0) || (SIZEOF (.vector_0) <= (_vector_spacing << 0x5))), function at exception vector 0 too large)

.vector_1       0x9fc01220        0x8
 *(.vector_1)
 .vector_1      0x9fc01220        0x8 build/pic32mx_sk/production/_ext/789006650/port.o
                0x9fc01220                __vector_dispatch_1
                0x00000001                ASSERT (((_vector_spacing == 0x0) || (SIZEOF (.vector_1) <= (_vector_spacing << 0x5))), function at exception vector 1 too large)

.vector_2       0x9fc01240        0x8
 *(.vector_2)
 .vector_2      0x9fc01240        0x8 c:/program files (x86)/microchip/xc32/v2.30/bin/bin/../../lib/gcc/pic32mx/4.8.3/../../../../pic32mx/lib\libpic32.a(vector2.o)
                0x9fc01240                __vector_dispatch_2
                0x00000001                ASSERT (((_vector_spacing == 0x0) || (SIZEOF (.vector_2) <= (_vector_spacing << 0x5))), function at exception vector 2 too large)

.vector_3       0x9fc01260        0x8
 *(.vector_3)
 .vector_3      0x9fc01260        0x8 c:/program files (x86)/microchip/xc32/v2.30/bin/bin/../../lib/gcc/pic32mx/4.8.3/../../../../pic32mx/lib\libpic32.a(vector3.o)
                0x9fc01260                __vector_dispatch_3
                0x00000001                ASSERT (((_vector_spacing == 0x0) || (SIZEOF (.vector_3) <= (_vector_spacing << 0x5))), function at exception vector 3 too large)

.vector_4       0x9fc01280        0x8
 *(.vector_4)
 .vector_4      0x9fc01280        0x8 build/pic32mx_sk/production/_ext/789006650/port.o
                0x9fc01280                __vector_dispatch_4
                0x00000001                ASSERT (((_vector_spacing == 0x0) || (SIZEOF (.vector_4) <= (_vector_spacing << 0x5))), function at exception vector 4 too large)

.vector_5       0x9fc012a0        0x8
 *(.vector_5)
 .vector_5      0x9fc012a0        0x8 c:/program files (x86)/microchip/xc32/v2.30/bin/bin/../../lib/gcc/pic32mx/4.8.3/../../../../pic32mx/lib\libpic32.a(vector5.o)
                0x9fc012a0                __vector_dispatch_5
                0x00000001                ASSERT (((_vector_spacing == 0x0) || (SIZEOF (.vector_5) <= (_vector_spacing << 0x5))), function at exception vector 5 too large)

.vector_6       0x9fc012c0        0x8
 *(.vector_6)
 .vector_6      0x9fc012c0        0x8 c:/program files (x86)/microchip/xc32/v2.30/bin/bin/../../lib/gcc/pic32mx/4.8.3/../../../../pic32mx/lib\libpic32.a(vector6.o)
                0x9fc012c0                __vector_dispatch_6
                0x00000001                ASSERT (((_vector_spacing == 0x0) || (SIZEOF (.vector_6) <= (_vector_spacing << 0x5))), function at exception vector 6 too large)

.vector_7       0x9fc012e0        0x8
 *(.vector_7)
 .vector_7      0x9fc012e0        0x8 c:/program files (x86)/microchip/xc32/v2.30/bin/bin/../../lib/gcc/pic32mx/4.8.3/../../../../pic32mx/lib\libpic32.a(vector7.o)
                0x9fc012e0                __vector_dispatch_7
                0x00000001                ASSERT (((_vector_spacing == 0x0) || (SIZEOF (.vector_7) <= (_vector_spacing << 0x5))), function at exception vector 7 too large)

.vector_8       0x9fc01300        0x8
 *(.vector_8)
 .vector_8      0x9fc01300        0x8 c:/program files (x86)/microchip/xc32/v2.30/bin/bin/../../lib/gcc/pic32mx/4.8.3/../../../../pic32mx/lib\libpic32.a(vector8.o)
                0x9fc01300                __vector_dispatch_8
                0x00000001                ASSERT (((_vector_spacing == 0x0) || (SIZEOF (.vector_8) <= (_vector_spacing << 0x5))), function at exception vector 8 too large)

.vector_9       0x9fc01320        0x8
 *(.vector_9)
 .vector_9      0x9fc01320        0x8 c:/program files (x86)/microchip/xc32/v2.30/bin/bin/../../lib/gcc/pic32mx/4.8.3/../../../../pic32mx/lib\libpic32.a(vector9.o)
                0x9fc01320                __vector_dispatch_9
                0x00000001                ASSERT (((_vector_spacing == 0x0) || (SIZEOF (.vector_9) <= (_vector_spacing << 0x5))), function at exception vector 9 too large)

.vector_10      0x9fc01340        0x8
 *(.vector_10)
 .vector_10     0x9fc01340        0x8 c:/program files (x86)/microchip/xc32/v2.30/bin/bin/../../lib/gcc/pic32mx/4.8.3/../../../../pic32mx/lib\libpic32.a(vector10.o)
                0x9fc01340                __vector_dispatch_10
                0x00000001                ASSERT (((_vector_spacing == 0x0) || (SIZEOF (.vector_10) <= (_vector_spacing << 0x5))), function at exception vector 10 too large)

.vector_11      0x9fc01360        0x8
 *(.vector_11)
 .vector_11     0x9fc01360        0x8 c:/program files (x86)/microchip/xc32/v2.30/bin/bin/../../lib/gcc/pic32mx/4.8.3/../../../../pic32mx/lib\libpic32.a(vector11.o)
                0x9fc01360                __vector_dispatch_11
                0x00000001                ASSERT (((_vector_spacing == 0x0) || (SIZEOF (.vector_11) <= (_vector_spacing << 0x5))), function at exception vector 11 too large)

.vector_12      0x9fc01380        0x8
 *(.vector_12)
 .vector_12     0x9fc01380        0x8 c:/program files (x86)/microchip/xc32/v2.30/bin/bin/../../lib/gcc/pic32mx/4.8.3/../../../../pic32mx/lib\libpic32.a(vector12.o)
                0x9fc01380                __vector_dispatch_12
                0x00000001                ASSERT (((_vector_spacing == 0x0) || (SIZEOF (.vector_12) <= (_vector_spacing << 0x5))), function at exception vector 12 too large)

.vector_13      0x9fc013a0        0x8
 *(.vector_13)
 .vector_13     0x9fc013a0        0x8 c:/program files (x86)/microchip/xc32/v2.30/bin/bin/../../lib/gcc/pic32mx/4.8.3/../../../../pic32mx/lib\libpic32.a(vector13.o)
                0x9fc013a0                __vector_dispatch_13
                0x00000001                ASSERT (((_vector_spacing == 0x0) || (SIZEOF (.vector_13) <= (_vector_spacing << 0x5))), function at exception vector 13 too large)

.vector_14      0x9fc013c0        0x8
 *(.vector_14)
 .vector_14     0x9fc013c0        0x8 c:/program files (x86)/microchip/xc32/v2.30/bin/bin/../../lib/gcc/pic32mx/4.8.3/../../../../pic32mx/lib\libpic32.a(vector14.o)
                0x9fc013c0                __vector_dispatch_14
                0x00000001                ASSERT (((_vector_spacing == 0x0) || (SIZEOF (.vector_14) <= (_vector_spacing << 0x5))), function at exception vector 14 too large)

.vector_15      0x9fc013e0        0x8
 *(.vector_15)
 .vector_15     0x9fc013e0        0x8 c:/program files (x86)/microchip/xc32/v2.30/bin/bin/../../lib/gcc/pic32mx/4.8.3/../../../../pic32mx/lib\libpic32.a(vector15.o)
                0x9fc013e0                __vector_dispatch_15
                0x00000001                ASSERT (((_vector_spacing == 0x0) || (SIZEOF (.vector_15) <= (_vector_spacing << 0x5))), function at exception vector 15 too large)

.vector_16      0x9fc01400        0x8
 *(.vector_16)
 .vector_16     0x9fc01400        0x8 c:/program files (x86)/microchip/xc32/v2.30/bin/bin/../../lib/gcc/pic32mx/4.8.3/../../../../pic32mx/lib\libpic32.a(vector16.o)
                0x9fc01400                __vector_dispatch_16
                0x00000001                ASSERT (((_vector_spacing == 0x0) || (SIZEOF (.vector_16) <= (_vector_spacing << 0x5))), function at exception vector 16 too large)

.vector_17      0x9fc01420        0x8
 *(.vector_17)
 .vector_17     0x9fc01420        0x8 c:/program files (x86)/microchip/xc32/v2.30/bin/bin/../../lib/gcc/pic32mx/4.8.3/../../../../pic32mx/lib\libpic32.a(vector17.o)
                0x9fc01420                __vector_dispatch_17
                0x00000001                ASSERT (((_vector_spacing == 0x0) || (SIZEOF (.vector_17) <= (_vector_spacing << 0x5))), function at exception vector 17 too large)

.vector_18      0x9fc01440        0x8
 *(.vector_18)
 .vector_18     0x9fc01440        0x8 c:/program files (x86)/microchip/xc32/v2.30/bin/bin/../../lib/gcc/pic32mx/4.8.3/../../../../pic32mx/lib\libpic32.a(vector18.o)
                0x9fc01440                __vector_dispatch_18
                0x00000001                ASSERT (((_vector_spacing == 0x0) || (SIZEOF (.vector_18) <= (_vector_spacing << 0x5))), function at exception vector 18 too large)

.vector_19      0x9fc01460        0x8
 *(.vector_19)
 .vector_19     0x9fc01460        0x8 c:/program files (x86)/microchip/xc32/v2.30/bin/bin/../../lib/gcc/pic32mx/4.8.3/../../../../pic32mx/lib\libpic32.a(vector19.o)
                0x9fc01460                __vector_dispatch_19
                0x00000001                ASSERT (((_vector_spacing == 0x0) || (SIZEOF (.vector_19) <= (_vector_spacing << 0x5))), function at exception vector 19 too large)

.vector_20      0x9fc01480        0x8
 *(.vector_20)
 .vector_20     0x9fc01480        0x8 c:/program files (x86)/microchip/xc32/v2.30/bin/bin/../../lib/gcc/pic32mx/4.8.3/../../../../pic32mx/lib\libpic32.a(vector20.o)
                0x9fc01480                __vector_dispatch_20
                0x00000001                ASSERT (((_vector_spacing == 0x0) || (SIZEOF (.vector_20) <= (_vector_spacing << 0x5))), function at exception vector 20 too large)

.vector_21      0x9fc014a0        0x8
 *(.vector_21)
 .vector_21     0x9fc014a0        0x8 c:/program files (x86)/microchip/xc32/v2.30/bin/bin/../../lib/gcc/pic32mx/4.8.3/../../../../pic32mx/lib\libpic32.a(vector21.o)
                0x9fc014a0                __vector_dispatch_21
                0x00000001                ASSERT (((_vector_spacing == 0x0) || (SIZEOF (.vector_21) <= (_vector_spacing << 0x5))), function at exception vector 21 too large)

.vector_22      0x9fc014c0        0x8
 *(.vector_22)
 .vector_22     0x9fc014c0        0x8 c:/program files (x86)/microchip/xc32/v2.30/bin/bin/../../lib/gcc/pic32mx/4.8.3/../../../../pic32mx/lib\libpic32.a(vector22.o)
                0x9fc014c0                __vector_dispatch_22
                0x00000001                ASSERT (((_vector_spacing == 0x0) || (SIZEOF (.vector_22) <= (_vector_spacing << 0x5))), function at exception vector 22 too large)

.vector_23      0x9fc014e0        0x8
 *(.vector_23)
 .vector_23     0x9fc014e0        0x8 c:/program files (x86)/microchip/xc32/v2.30/bin/bin/../../lib/gcc/pic32mx/4.8.3/../../../../pic32mx/lib\libpic32.a(vector23.o)
                0x9fc014e0                __vector_dispatch_23
                0x00000001                ASSERT (((_vector_spacing == 0x0) || (SIZEOF (.vector_23) <= (_vector_spacing << 0x5))), function at exception vector 23 too large)

.vector_24      0x9fc01500        0x8
 *(.vector_24)
 .vector_24     0x9fc01500        0x8 c:/program files (x86)/microchip/xc32/v2.30/bin/bin/../../lib/gcc/pic32mx/4.8.3/../../../../pic32mx/lib\libpic32.a(vector24.o)
                0x9fc01500                __vector_dispatch_24
                0x00000001                ASSERT (((_vector_spacing == 0x0) || (SIZEOF (.vector_24) <= (_vector_spacing << 0x5))), function at exception vector 24 too large)

.vector_25      0x9fc01520        0x8
 *(.vector_25)
 .vector_25     0x9fc01520        0x8 c:/program files (x86)/microchip/xc32/v2.30/bin/bin/../../lib/gcc/pic32mx/4.8.3/../../../../pic32mx/lib\libpic32.a(vector25.o)
                0x9fc01520                __vector_dispatch_25
                0x00000001                ASSERT (((_vector_spacing == 0x0) || (SIZEOF (.vector_25) <= (_vector_spacing << 0x5))), function at exception vector 25 too large)

.vector_26      0x9fc01540        0x8
 *(.vector_26)
 .vector_26     0x9fc01540        0x8 c:/program files (x86)/microchip/xc32/v2.30/bin/bin/../../lib/gcc/pic32mx/4.8.3/../../../../pic32mx/lib\libpic32.a(vector26.o)
                0x9fc01540                __vector_dispatch_26
                0x00000001                ASSERT (((_vector_spacing == 0x0) || (SIZEOF (.vector_26) <= (_vector_spacing << 0x5))), function at exception vector 26 too large)

.vector_27      0x9fc01560        0x8
 *(.vector_27)
 .vector_27     0x9fc01560        0x8 c:/program files (x86)/microchip/xc32/v2.30/bin/bin/../../lib/gcc/pic32mx/4.8.3/../../../../pic32mx/lib\libpic32.a(vector27.o)
                0x9fc01560                __vector_dispatch_27
                0x00000001                ASSERT (((_vector_spacing == 0x0) || (SIZEOF (.vector_27) <= (_vector_spacing << 0x5))), function at exception vector 27 too large)

.vector_28      0x9fc01580        0x8
 *(.vector_28)
 .vector_28     0x9fc01580        0x8 c:/program files (x86)/microchip/xc32/v2.30/bin/bin/../../lib/gcc/pic32mx/4.8.3/../../../../pic32mx/lib\libpic32.a(vector28.o)
                0x9fc01580                __vector_dispatch_28
                0x00000001                ASSERT (((_vector_spacing == 0x0) || (SIZEOF (.vector_28) <= (_vector_spacing << 0x5))), function at exception vector 28 too large)

.vector_29      0x9fc015a0        0x8
 *(.vector_29)
 .vector_29     0x9fc015a0        0x8 c:/program files (x86)/microchip/xc32/v2.30/bin/bin/../../lib/gcc/pic32mx/4.8.3/../../../../pic32mx/lib\libpic32.a(vector29.o)
                0x9fc015a0                __vector_dispatch_29
                0x00000001                ASSERT (((_vector_spacing == 0x0) || (SIZEOF (.vector_29) <= (_vector_spacing << 0x5))), function at exception vector 29 too large)

.vector_30      0x9fc015c0        0x8
 *(.vector_30)
 .vector_30     0x9fc015c0        0x8 c:/program files (x86)/microchip/xc32/v2.30/bin/bin/../../lib/gcc/pic32mx/4.8.3/../../../../pic32mx/lib\libpic32.a(vector30.o)
                0x9fc015c0                __vector_dispatch_30
                0x00000001                ASSERT (((_vector_spacing == 0x0) || (SIZEOF (.vector_30) <= (_vector_spacing << 0x5))), function at exception vector 30 too large)

.vector_31      0x9fc015e0        0x8
 *(.vector_31)
 .vector_31     0x9fc015e0        0x8 c:/program files (x86)/microchip/xc32/v2.30/bin/bin/../../lib/gcc/pic32mx/4.8.3/../../../../pic32mx/lib\libpic32.a(vector31.o)
                0x9fc015e0                __vector_dispatch_31
                0x00000001                ASSERT (((_vector_spacing == 0x0) || (SIZEOF (.vector_31) <= (_vector_spacing << 0x5))), function at exception vector 31 too large)

.vector_32      0x9fc01600        0x8
 *(.vector_32)
 .vector_32     0x9fc01600        0x8 c:/program files (x86)/microchip/xc32/v2.30/bin/bin/../../lib/gcc/pic32mx/4.8.3/../../../../pic32mx/lib\libpic32.a(vector32.o)
                0x9fc01600                __vector_dispatch_32
                0x00000001                ASSERT (((_vector_spacing == 0x0) || (SIZEOF (.vector_32) <= (_vector_spacing << 0x5))), function at exception vector 32 too large)

.vector_33      0x9fc01620        0x8
 *(.vector_33)
 .vector_33     0x9fc01620        0x8 c:/program files (x86)/microchip/xc32/v2.30/bin/bin/../../lib/gcc/pic32mx/4.8.3/../../../../pic32mx/lib\libpic32.a(vector33.o)
                0x9fc01620                __vector_dispatch_33
                0x00000001                ASSERT (((_vector_spacing == 0x0) || (SIZEOF (.vector_33) <= (_vector_spacing << 0x5))), function at exception vector 33 too large)

.vector_34      0x9fc01640        0x8
 *(.vector_34)
 .vector_34     0x9fc01640        0x8 c:/program files (x86)/microchip/xc32/v2.30/bin/bin/../../lib/gcc/pic32mx/4.8.3/../../../../pic32mx/lib\libpic32.a(vector34.o)
                0x9fc01640                __vector_dispatch_34
                0x00000001                ASSERT (((_vector_spacing == 0x0) || (SIZEOF (.vector_34) <= (_vector_spacing << 0x5))), function at exception vector 34 too large)

.vector_35      0x9fc01660        0x8
 *(.vector_35)
 .vector_35     0x9fc01660        0x8 c:/program files (x86)/microchip/xc32/v2.30/bin/bin/../../lib/gcc/pic32mx/4.8.3/../../../../pic32mx/lib\libpic32.a(vector35.o)
                0x9fc01660                __vector_dispatch_35
                0x00000001                ASSERT (((_vector_spacing == 0x0) || (SIZEOF (.vector_35) <= (_vector_spacing << 0x5))), function at exception vector 35 too large)

.vector_36      0x9fc01680        0x8
 *(.vector_36)
 .vector_36     0x9fc01680        0x8 c:/program files (x86)/microchip/xc32/v2.30/bin/bin/../../lib/gcc/pic32mx/4.8.3/../../../../pic32mx/lib\libpic32.a(vector36.o)
                0x9fc01680                __vector_dispatch_36
                0x00000001                ASSERT (((_vector_spacing == 0x0) || (SIZEOF (.vector_36) <= (_vector_spacing << 0x5))), function at exception vector 36 too large)

.vector_37      0x9fc016a0        0x8
 *(.vector_37)
 .vector_37     0x9fc016a0        0x8 c:/program files (x86)/microchip/xc32/v2.30/bin/bin/../../lib/gcc/pic32mx/4.8.3/../../../../pic32mx/lib\libpic32.a(vector37.o)
                0x9fc016a0                __vector_dispatch_37
                0x00000001                ASSERT (((_vector_spacing == 0x0) || (SIZEOF (.vector_37) <= (_vector_spacing << 0x5))), function at exception vector 37 too large)

.vector_38      0x9fc016c0        0x8
 *(.vector_38)
 .vector_38     0x9fc016c0        0x8 c:/program files (x86)/microchip/xc32/v2.30/bin/bin/../../lib/gcc/pic32mx/4.8.3/../../../../pic32mx/lib\libpic32.a(vector38.o)
                0x9fc016c0                __vector_dispatch_38
                0x00000001                ASSERT (((_vector_spacing == 0x0) || (SIZEOF (.vector_38) <= (_vector_spacing << 0x5))), function at exception vector 38 too large)

.vector_39      0x9fc016e0        0x8
 *(.vector_39)
 .vector_39     0x9fc016e0        0x8 c:/program files (x86)/microchip/xc32/v2.30/bin/bin/../../lib/gcc/pic32mx/4.8.3/../../../../pic32mx/lib\libpic32.a(vector39.o)
                0x9fc016e0                __vector_dispatch_39
                0x00000001                ASSERT (((_vector_spacing == 0x0) || (SIZEOF (.vector_39) <= (_vector_spacing << 0x5))), function at exception vector 39 too large)

.vector_40      0x9fc01700        0x8
 *(.vector_40)
 .vector_40     0x9fc01700        0x8 c:/program files (x86)/microchip/xc32/v2.30/bin/bin/../../lib/gcc/pic32mx/4.8.3/../../../../pic32mx/lib\libpic32.a(vector40.o)
                0x9fc01700                __vector_dispatch_40
                0x00000001                ASSERT (((_vector_spacing == 0x0) || (SIZEOF (.vector_40) <= (_vector_spacing << 0x5))), function at exception vector 40 too large)

.vector_41      0x9fc01720        0x8
 *(.vector_41)
 .vector_41     0x9fc01720        0x8 c:/program files (x86)/microchip/xc32/v2.30/bin/bin/../../lib/gcc/pic32mx/4.8.3/../../../../pic32mx/lib\libpic32.a(vector41.o)
                0x9fc01720                __vector_dispatch_41
                0x00000001                ASSERT (((_vector_spacing == 0x0) || (SIZEOF (.vector_41) <= (_vector_spacing << 0x5))), function at exception vector 41 too large)

.vector_42      0x9fc01740        0x8
 *(.vector_42)
 .vector_42     0x9fc01740        0x8 c:/program files (x86)/microchip/xc32/v2.30/bin/bin/../../lib/gcc/pic32mx/4.8.3/../../../../pic32mx/lib\libpic32.a(vector42.o)
                0x9fc01740                __vector_dispatch_42
                0x00000001                ASSERT (((_vector_spacing == 0x0) || (SIZEOF (.vector_42) <= (_vector_spacing << 0x5))), function at exception vector 42 too large)

.vector_43      0x9fc01760        0x8
 *(.vector_43)
 .vector_43     0x9fc01760        0x8 c:/program files (x86)/microchip/xc32/v2.30/bin/bin/../../lib/gcc/pic32mx/4.8.3/../../../../pic32mx/lib\libpic32.a(vector43.o)
                0x9fc01760                __vector_dispatch_43
                0x00000001                ASSERT (((_vector_spacing == 0x0) || (SIZEOF (.vector_43) <= (_vector_spacing << 0x5))), function at exception vector 43 too large)

.vector_44      0x9fc01780        0x8
 *(.vector_44)
 .vector_44     0x9fc01780        0x8 c:/program files (x86)/microchip/xc32/v2.30/bin/bin/../../lib/gcc/pic32mx/4.8.3/../../../../pic32mx/lib\libpic32.a(vector44.o)
                0x9fc01780                __vector_dispatch_44
                0x00000001                ASSERT (((_vector_spacing == 0x0) || (SIZEOF (.vector_44) <= (_vector_spacing << 0x5))), function at exception vector 44 too large)

.vector_45      0x9fc017a0        0x8
 *(.vector_45)
 .vector_45     0x9fc017a0        0x8 c:/program files (x86)/microchip/xc32/v2.30/bin/bin/../../lib/gcc/pic32mx/4.8.3/../../../../pic32mx/lib\libpic32.a(vector45.o)
                0x9fc017a0                __vector_dispatch_45
                0x00000001                ASSERT (((_vector_spacing == 0x0) || (SIZEOF (.vector_45) <= (_vector_spacing << 0x5))), function at exception vector 45 too large)

.vector_46      0x9fc017c0        0x0
 *(.vector_46)
                0x00000001                ASSERT (((_vector_spacing == 0x0) || (SIZEOF (.vector_46) <= (_vector_spacing << 0x5))), function at exception vector 46 too large)

.vector_47      0x9fc017e0        0x0
 *(.vector_47)
                0x00000001                ASSERT (((_vector_spacing == 0x0) || (SIZEOF (.vector_47) <= (_vector_spacing << 0x5))), function at exception vector 47 too large)

.vector_48      0x9fc01800        0x0
 *(.vector_48)
                0x00000001                ASSERT (((_vector_spacing == 0x0) || (SIZEOF (.vector_48) <= (_vector_spacing << 0x5))), function at exception vector 48 too large)

.vector_49      0x9fc01820        0x0
 *(.vector_49)
                0x00000001                ASSERT (((_vector_spacing == 0x0) || (SIZEOF (.vector_49) <= (_vector_spacing << 0x5))), function at exception vector 49 too large)

.vector_50      0x9fc01840        0x0
 *(.vector_50)
                0x00000001                ASSERT (((_vector_spacing == 0x0) || (SIZEOF (.vector_50) <= (_vector_spacing << 0x5))), function at exception vector 50 too large)

.vector_51      0x9fc01860        0x0
 *(.vector_51)
                0x00000001                ASSERT (((_vector_spacing == 0x0) || (SIZEOF (.vector_51) <= (_vector_spacing << 0x5))), function at exception vector 51 too large)

.vector_52      0x9fc01880        0x0
 *(.vector_52)
                0x00000001                ASSERT (((_vector_spacing == 0x0) || (SIZEOF (.vector_52) <= (_vector_spacing << 0x5))), function at exception vector 52 too large)

.vector_53      0x9fc018a0        0x0
 *(.vector_53)
                0x00000001                ASSERT (((_vector_spacing == 0x0) || (SIZEOF (.vector_53) <= (_vector_spacing << 0x5))), function at exception vector 53 too large)

.vector_54      0x9fc018c0        0x0
 *(.vector_54)
                0x00000001                ASSERT (((_vector_spacing == 0x0) || (SIZEOF (.vector_54) <= (_vector_spacing << 0x5))), function at exception vector 54 too large)

.vector_55      0x9fc018e0        0x0
 *(.vector_55)
                0x00000001                ASSERT (((_vector_spacing == 0x0) || (SIZEOF (.vector_55) <= (_vector_spacing << 0x5))), function at exception vector 55 too large)

.vector_56      0x9fc01900        0x0
 *(.vector_56)
                0x00000001                ASSERT (((_vector_spacing == 0x0) || (SIZEOF (.vector_56) <= (_vector_spacing << 0x5))), function at exception vector 56 too large)

.vector_57      0x9fc01920        0x0
 *(.vector_57)
                0x00000001                ASSERT (((_vector_spacing == 0x0) || (SIZEOF (.vector_57) <= (_vector_spacing << 0x5))), function at exception vector 57 too large)

.vector_58      0x9fc01940        0x0
 *(.vector_58)
                0x00000001                ASSERT (((_vector_spacing == 0x0) || (SIZEOF (.vector_58) <= (_vector_spacing << 0x5))), function at exception vector 58 too large)

.vector_59      0x9fc01960        0x0
 *(.vector_59)
                0x00000001                ASSERT (((_vector_spacing == 0x0) || (SIZEOF (.vector_59) <= (_vector_spacing << 0x5))), function at exception vector 59 too large)

.vector_60      0x9fc01980        0x0
 *(.vector_60)
                0x00000001                ASSERT (((_vector_spacing == 0x0) || (SIZEOF (.vector_60) <= (_vector_spacing << 0x5))), function at exception vector 60 too large)

.vector_61      0x9fc019a0        0x0
 *(.vector_61)
                0x00000001                ASSERT (((_vector_spacing == 0x0) || (SIZEOF (.vector_61) <= (_vector_spacing << 0x5))), function at exception vector 61 too large)

.vector_62      0x9fc019c0        0x0
 *(.vector_62)
                0x00000001                ASSERT (((_vector_spacing == 0x0) || (SIZEOF (.vector_62) <= (_vector_spacing << 0x5))), function at exception vector 62 too large)

.vector_63      0x9fc019e0        0x0
 *(.vector_63)
                0x00000001                ASSERT (((_vector_spacing == 0x0) || (SIZEOF (.vector_63) <= (_vector_spacing << 0x5))), function at exception vector 63 too large)

.startup
 *(.startup)

.text           0x9d000000        0x0
 *(.stub .gnu.linkonce.t.*)
 *(.text.*personality*)
 *(.mips16.fn.*)
 *(.mips16.call.*)
 *(.gnu.warning)
                0x9d000000                . = ALIGN (0x4)

.init           0x9d000000        0x0
 *crti.o(.init)
 *crtbegin.o(.init)
 *(EXCLUDE_FILE(*crtn.o *crtend?.o *crtend.o) .init)
 *crtend.o(.init)
 *crtn.o(.init)
                0x9d000000                . = ALIGN (0x4)

.fini           0x9d000000        0x0
 *(.fini)
                0x9d000000                . = ALIGN (0x4)

.preinit_array  0x9d000000        0x0
                0x9d000000                PROVIDE (__preinit_array_start, .)
 *(.preinit_array)
                0x9d000000                PROVIDE (__preinit_array_end, .)
                0x9d000000                . = ALIGN (0x4)

.init_array     0x9d000000        0x0
                0x9d000000                PROVIDE (__init_array_start, .)
 *(SORT(.init_array.*))
 *(.init_array)
                0x9d000000                PROVIDE (__init_array_end, .)
                0x9d000000                . = ALIGN (0x4)

.fini_array     0x9d000000        0x0
                0x9d000000                PROVIDE (__fini_array_start, .)
 *(SORT(.fini_array.*))
 *(.fini_array)
                0x9d000000                PROVIDE (__fini_array_end, .)
                0x9d000000                . = ALIGN (0x4)

.ctors          0x9d000000        0x0
 *crtbegin.o(.ctors)
 *crtbegin?.o(.ctors)
 *(EXCLUDE_FILE(*crtend?.o *crtend.o) .ctors)
 *(SORT(.ctors.*))
 *(.ctors)
                0x9d000000                . = ALIGN (0x4)

.dtors          0x9d000000        0x0
 *crtbegin.o(.dtors)
 *crtbegin?.o(.dtors)
 *(EXCLUDE_FILE(*crtend?.o *crtend.o) .dtors)
 *(SORT(.dtors.*))
 *(.dtors)
                0x9d000000                . = ALIGN (0x4)

.rodata         0x9d000000        0x0
 *(.gnu.linkonce.r.*)
 *(.rodata1)
                0x9d000000                . = ALIGN (0x4)

.sdata2         0x9fc00490        0x0
 *(.sdata2 .sdata2.* .gnu.linkonce.s2.*)
                0x9fc00490                . = ALIGN (0x4)

.sbss2          0x9fc00490        0x0
 *(.sbss2 .sbss2.* .gnu.linkonce.sb2.*)
                0x9fc00490                . = ALIGN (0x4)

.eh_frame_hdr
 *(.eh_frame_hdr)
                0x9fc00490                . = ALIGN (0x4)

.eh_frame
 *(.eh_frame)
                0x9fc00490                . = ALIGN (0x4)

.gcc_except_table
 *(.gcc_except_table .gcc_except_table.*)
                0x9fc00490                . = ALIGN (0x4)

.dbg_data       0xa0000000        0x0
                0xa0000000                . = (. + DEFINED (_DEBUGGER)?0x200:0x0)

.jcr            0xa0000000        0x0
 *(.jcr)
                0xa0000000                . = ALIGN (0x4)

.eh_frame
 *(.eh_frame)
                0xa0000000                . = ALIGN (0x4)

.gcc_except_table
 *(.gcc_except_table .gcc_except_table.*)
                0xa0000000                . = ALIGN (0x4)

.persist        0xa0000000        0x0
                0xa0000000                _persist_begin = .
 *(.persist .persist.*)
 *(.pbss .pbss.*)
                0xa0000000                . = ALIGN (0x4)
                0xa0000000                _persist_end = .

.data           0xa0000000        0x0
 *(.gnu.linkonce.d.*)
 *(.data1)
                0xa0000000                . = ALIGN (0x4)
                0xa0000000                . = .
                0xa0007ff0                _gp = (ALIGN (0x10) + 0x7ff0)

.got            0xa0000000        0x0
 *(.got.plt)
 *(.got)
                0xa0000000                . = ALIGN (0x4)

.sdata          0xa0000000        0xc
                0xa0000000                _sdata_begin = .
 *(.sdata .sdata.* .gnu.linkonce.s.*)
 .sdata         0xa0000000        0x4 build/pic32mx_sk/production/_ext/1360937237/app.o
                0xa0000000                ulValueToSend2
 .sdata         0xa0000004        0x4 build/pic32mx_sk/production/_ext/789006650/port.o
                0xa0000004                uxInterruptNesting
 .sdata         0xa0000008        0x4 c:/program files (x86)/microchip/xc32/v2.30/bin/bin/../../lib/gcc/pic32mx/4.8.3/../../../../pic32mx/lib\libpic32.a(xc32_uart.o)
                0xa0000008                __XC_UART
                0xa000000c                . = ALIGN (0x4)
                0xa000000c                _sdata_end = .

.lit8
 *(.lit8)

.lit4
 *(.lit4)
                0xa000000c                . = ALIGN (0x4)
                0xa000000c                _data_end = .
                0xa000000c                _bss_begin = .

.sbss           0xa000000c       0x74
                0xa000000c                _sbss_begin = .
 *(.dynsbss)
 *(.sbss .sbss.* .gnu.linkonce.sb.*)
 .sbss          0xa000000c        0xc build/pic32mx_sk/production/_ext/351744058/system_exceptions.o
 .sbss          0xa0000018        0x8 build/pic32mx_sk/production/_ext/1360937237/app.o
                0xa0000018                ulValueToSend1
                0xa000001c                xQueue
 .sbss          0xa0000020        0x8 build/pic32mx_sk/production/_ext/427228813/heap_1.o
 .sbss          0xa0000028        0x4 build/pic32mx_sk/production/_ext/789006650/port.o
                0xa0000028                uxSavedTaskStackPointer
 .sbss          0xa000002c       0x3c build/pic32mx_sk/production/_ext/161854096/tasks.o
                0xa0000064                pxCurrentTCB
 *(.scommon)
 .scommon       0xa0000068        0x8 build/pic32mx_sk/production/_ext/374885412/sys_devcon.o
                0xa0000068                sysDevconObj
 .scommon       0xa0000070        0x0 build/pic32mx_sk/production/_ext/351744058/system_init.o
                0xa0000070                sysObj
 .scommon       0xa0000070        0x4 build/pic32mx_sk/production/_ext/1360937237/app.o
                0xa0000070                appData
 .scommon       0xa0000074        0x4 build/pic32mx_sk/production/_ext/1360937237/app1.o
                0xa0000074                app1Data
 .scommon       0xa0000078        0x4 build/pic32mx_sk/production/_ext/1360937237/app2.o
                0xa0000078                app2Data
 .scommon       0xa000007c        0x4 build/pic32mx_sk/production/_ext/1360937237/app3.o
                0xa000007c                app3Data
                0xa0000080                _sbss_end = .
                0xa0000080                . = ALIGN (0x4)

.bss            0xa0000080        0x0
 *(.dynbss)
 *(COMMON)
                0xa0000080                . = ALIGN ((. != 0x0)?0x4:0x1)
                0xa0000080                . = ALIGN (0x4)
                0xa0000080                _end = .
                0xa0000080                _bss_end = .
                0x00020000                _bmxdudba_address = 0x20000
                0x00020000                _bmxdupba_address = 0x20000

/DISCARD/
 *(.pdr)
 *(.rel.dyn)
 *(.note.GNU-stack)
 *(.note.GNU-stack)
 *(.gnu_debuglink)
 *(.gnu.lto_*)
 *(.discard)

.gptab.sdata
 *(.gptab.data)
 *(.gptab.sdata)

.gptab.sbss
 *(.gptab.bss)
 *(.gptab.sbss)

.mdebug.abi32   0xa0000080        0x0
 *(.mdebug.abi32)
 .mdebug.abi32  0xa0000080        0x0 build/pic32mx_sk/production/_ext/1764187882/bsp.o
 .mdebug.abi32  0xa0000080        0x0 build/pic32mx_sk/production/_ext/1458591747/sys_clk_pic32mx.o
 .mdebug.abi32  0xa0000080        0x0 build/pic32mx_sk/production/_ext/374885412/sys_devcon.o
 .mdebug.abi32  0xa0000080        0x0 build/pic32mx_sk/production/_ext/374885412/sys_devcon_pic32mx.o
 .mdebug.abi32  0xa0000080        0x0 build/pic32mx_sk/production/_ext/1255054701/sys_ports_static.o
 .mdebug.abi32  0xa0000080        0x0 build/pic32mx_sk/production/_ext/351744058/system_init.o
 .mdebug.abi32  0xa0000080        0x0 build/pic32mx_sk/production/_ext/351744058/system_interrupt.o
 .mdebug.abi32  0xa0000080        0x0 build/pic32mx_sk/production/_ext/351744058/system_exceptions.o
 .mdebug.abi32  0xa0000080        0x0 build/pic32mx_sk/production/_ext/351744058/system_tasks.o
 .mdebug.abi32  0xa0000080        0x0 build/pic32mx_sk/production/_ext/351744058/rtos_hooks.o
 .mdebug.abi32  0xa0000080        0x0 build/pic32mx_sk/production/_ext/1360937237/app.o
 .mdebug.abi32  0xa0000080        0x0 build/pic32mx_sk/production/_ext/1360937237/app1.o
 .mdebug.abi32  0xa0000080        0x0 build/pic32mx_sk/production/_ext/1360937237/app2.o
 .mdebug.abi32  0xa0000080        0x0 build/pic32mx_sk/production/_ext/1360937237/app3.o
 .mdebug.abi32  0xa0000080        0x0 build/pic32mx_sk/production/_ext/1360937237/main.o
 .mdebug.abi32  0xa0000080        0x0 build/pic32mx_sk/production/_ext/2067596619/osal_freertos.o
 .mdebug.abi32  0xa0000080        0x0 build/pic32mx_sk/production/_ext/711155467/sys_int_pic32.o
 .mdebug.abi32  0xa0000080        0x0 build/pic32mx_sk/production/_ext/427228813/heap_1.o
 .mdebug.abi32  0xa0000080        0x0 build/pic32mx_sk/production/_ext/789006650/port.o
 .mdebug.abi32  0xa0000080        0x0 build/pic32mx_sk/production/_ext/161854096/croutine.o
 .mdebug.abi32  0xa0000080        0x0 build/pic32mx_sk/production/_ext/161854096/list.o
 .mdebug.abi32  0xa0000080        0x0 build/pic32mx_sk/production/_ext/161854096/queue.o
 .mdebug.abi32  0xa0000080        0x0 build/pic32mx_sk/production/_ext/161854096/tasks.o
 .mdebug.abi32  0xa0000080        0x0 build/pic32mx_sk/production/_ext/161854096/timers.o
 .mdebug.abi32  0xa0000080        0x0 build/pic32mx_sk/production/_ext/161854096/event_groups.o
 .mdebug.abi32  0xa0000080        0x0 build/pic32mx_sk/production/_ext/161854096/stream_buffer.o
 .mdebug.abi32  0xa0000080        0x0 build/pic32mx_sk/production/_ext/1360937237/io_setup.o
 .mdebug.abi32  0xa0000080        0x0 ..\..\..\..\..\..\..\..\shiro019_accelerometer_spi.X\dist\default\production\shiro019_accelerometer_spi.X.a(accel_define.o)
 .mdebug.abi32  0xa0000080        0x0 ..\..\..\..\..\..\..\..\shiro019_accelerometer_spi.X\dist\default\production\shiro019_accelerometer_spi.X.a(accel_read_x.o)
 .mdebug.abi32  0xa0000080        0x0 ..\..\..\..\..\..\..\..\shiro019_accelerometer_spi.X\dist\default\production\shiro019_accelerometer_spi.X.a(accel_read_y.o)
 .mdebug.abi32  0xa0000080        0x0 ..\..\..\..\..\..\..\..\shiro019_accelerometer_spi.X\dist\default\production\shiro019_accelerometer_spi.X.a(accel_setup.o)
 .mdebug.abi32  0xa0000080        0x0 ..\..\..\..\..\..\..\..\shiro019_accelerometer_spi.X\dist\default\production\shiro019_accelerometer_spi.X.a(spi2_read_register.o)
 .mdebug.abi32  0xa0000080        0x0 ..\..\..\..\..\..\..\..\shiro019_accelerometer_spi.X\dist\default\production\shiro019_accelerometer_spi.X.a(spi2_setup.o)
 .mdebug.abi32  0xa0000080        0x0 ..\..\..\..\..\..\..\..\shiro019_accelerometer_spi.X\dist\default\production\shiro019_accelerometer_spi.X.a(spi2_write_register.o)
 .mdebug.abi32  0xa0000080        0x0 c:/program files (x86)/microchip/xc32/v2.30/bin/bin/../../lib/gcc/pic32mx/4.8.3/../../../../pic32mx/lib\libpic32.a(default-bootstrap-exception-handler.o)
 .mdebug.abi32  0xa0000080        0x0 c:/program files (x86)/microchip/xc32/v2.30/bin/bin/../../lib/gcc/pic32mx/4.8.3/../../../../pic32mx/lib\libpic32.a(default-on-reset.o)
 .mdebug.abi32  0xa0000080        0x0 c:/program files (x86)/microchip/xc32/v2.30/bin/bin/../../lib/gcc/pic32mx/4.8.3/../../../../pic32mx/lib\libpic32.a(default-on-bootstrap.o)
 .mdebug.abi32  0xa0000080        0x0 c:/program files (x86)/microchip/xc32/v2.30/bin/bin/../../lib/gcc/pic32mx/4.8.3/../../../../pic32mx/lib\libpic32.a(xc32_uart.o)
 .mdebug.abi32  0xa0000080        0x0 c:/program files (x86)/microchip/xc32/v2.30/bin/bin/../../lib/gcc/pic32mx/4.8.3/../../../../pic32mx/lib\libpic32.a(defaultinterrupt.o)
 .mdebug.abi32  0xa0000080        0x0 c:/program files (x86)/microchip/xc32/v2.30/bin/bin/../../lib/gcc/pic32mx/4.8.3/../../../../pic32mx/lib\libc.a(putchar.o)
 .mdebug.abi32  0xa0000080        0x0 c:/program files (x86)/microchip/xc32/v2.30/bin/bin/../../lib/gcc/pic32mx/4.8.3/../../../../pic32mx/lib\libc.a(printf_fF.eo)
 .mdebug.abi32  0xa0000080        0x0 c:/program files (x86)/microchip/xc32/v2.30/bin/bin/../../lib/gcc/pic32mx/4.8.3/../../../../pic32mx/lib\libc.a(printf_s.eo)
 .mdebug.abi32  0xa0000080        0x0 c:/program files (x86)/microchip/xc32/v2.30/bin/bin/../../lib/gcc/pic32mx/4.8.3/../../../../pic32mx/lib\libc.a(_iob.o)
 .mdebug.abi32  0xa0000080        0x0 c:/program files (x86)/microchip/xc32/v2.30/bin/bin/../../lib/gcc/pic32mx/4.8.3/../../../../pic32mx/lib\libc.a(_fputc_simple.o)
 .mdebug.abi32  0xa0000080        0x0 c:/program files (x86)/microchip/xc32/v2.30/bin/bin/../../lib/gcc/pic32mx/4.8.3/../../../../pic32mx/lib\libc.a(_flsbuf_simple.o)
 .mdebug.abi32  0xa0000080        0x0 c:/program files (x86)/microchip/xc32/v2.30/bin/bin/../../lib/gcc/pic32mx/4.8.3/../../../../pic32mx/lib\libc.a(ctype.o)
 .mdebug.abi32  0xa0000080        0x0 c:/program files (x86)/microchip/xc32/v2.30/bin/bin/../../lib/gcc/pic32mx/4.8.3/../../../../pic32mx/lib\libc.a(ldpowers.o)
 .mdebug.abi32  0xa0000080        0x0 c:/program files (x86)/microchip/xc32/v2.30/bin/bin/../../lib/gcc/pic32mx/4.8.3/../../../../pic32mx/lib\libc.a(doprnt_fFs.eo)
 .mdebug.abi32  0xa0000080        0x0 c:/program files (x86)/microchip/xc32/v2.30/bin/bin/../../lib/gcc/pic32mx/4.8.3/../../../../pic32mx/lib\libe.a(_fixunsdfdi.o)
 .mdebug.abi32  0xa0000080        0x0 c:/program files (x86)/microchip/xc32/v2.30/bin/bin/../../lib/gcc/pic32mx/4.8.3/../../../../pic32mx/lib\libe.a(_orderdf2.o)
 .mdebug.abi32  0xa0000080        0x0 c:/program files (x86)/microchip/xc32/v2.30/bin/bin/../../lib/gcc/pic32mx/4.8.3/../../../../pic32mx/lib\libe.a(_fixdfdi.o)
 .mdebug.abi32  0xa0000080        0x0 c:/program files (x86)/microchip/xc32/v2.30/bin/bin/../../lib/gcc/pic32mx/4.8.3\libgcc.a(_floatundidf.o)
 .mdebug.abi32  0xa0000080        0x0 c:/program files (x86)/microchip/xc32/v2.30/bin/bin/../../lib/gcc/pic32mx/4.8.3\libgcc.a(_udivdi3.o)
 .mdebug.abi32  0xa0000080        0x0 c:/program files (x86)/microchip/xc32/v2.30/bin/bin/../../lib/gcc/pic32mx/4.8.3\libgcc.a(_umoddi3.o)
 .mdebug.abi32  0xa0000080        0x0 c:/program files (x86)/microchip/xc32/v2.30/bin/bin/../../lib/gcc/pic32mx/4.8.3\libgcc.a(floatunsidf.o)
 .mdebug.abi32  0xa0000080        0x0 c:/program files (x86)/microchip/xc32/v2.30/bin/bin/../../lib/gcc/pic32mx/4.8.3/../../../../pic32mx/lib\libpic32.a(write.o)
 .mdebug.abi32  0xa0000080        0x0 c:/program files (x86)/microchip/xc32/v2.30/bin/bin/../../lib/gcc/pic32mx/4.8.3/../../../../pic32mx/lib\libpic32.a(_mon_putc.o)

.mdebug.abiN32
 *(.mdebug.abiN32)

.mdebug.abi64
 *(.mdebug.abi64)

.mdebug.abiO64
 *(.mdebug.abiO64)

.mdebug.eabi32
 *(.mdebug.eabi32)

.mdebug.eabi64
 *(.mdebug.eabi64)

.gcc_compiled_long32
 *(.gcc_compiled_long32)

.gcc_compiled_long64
 *(.gcc_compiled_long64)

.stab
 *(.stab)

.stabstr
 *(.stabstr)

.stab.excl
 *(.stab.excl)

.stab.exclstr
 *(.stab.exclstr)

.stab.index
 *(.stab.index)

.stab.indexstr
 *(.stab.indexstr)

.comment        0x00000000      0x1e1
 *(.comment)
 .comment       0x00000000       0x3c build/pic32mx_sk/production/_ext/1764187882/bsp.o
                                 0x3d (size before relaxing)
 .comment       0x00000000       0x3d build/pic32mx_sk/production/_ext/1458591747/sys_clk_pic32mx.o
 .comment       0x00000000       0x3d build/pic32mx_sk/production/_ext/374885412/sys_devcon.o
 .comment       0x00000000       0x3d build/pic32mx_sk/production/_ext/374885412/sys_devcon_pic32mx.o
 .comment       0x00000000       0x3d build/pic32mx_sk/production/_ext/1255054701/sys_ports_static.o
 .comment       0x00000000       0x3d build/pic32mx_sk/production/_ext/351744058/system_init.o
 .comment       0x00000000       0x3d build/pic32mx_sk/production/_ext/351744058/system_interrupt.o
 .comment       0x00000000       0x3d build/pic32mx_sk/production/_ext/351744058/system_exceptions.o
 .comment       0x00000000       0x3d build/pic32mx_sk/production/_ext/351744058/system_tasks.o
 .comment       0x00000000       0x3d build/pic32mx_sk/production/_ext/351744058/rtos_hooks.o
 .comment       0x00000000       0x3d build/pic32mx_sk/production/_ext/1360937237/app.o
 .comment       0x00000000       0x3d build/pic32mx_sk/production/_ext/1360937237/app1.o
 .comment       0x00000000       0x3d build/pic32mx_sk/production/_ext/1360937237/app2.o
 .comment       0x00000000       0x3d build/pic32mx_sk/production/_ext/1360937237/app3.o
 .comment       0x00000000       0x3d build/pic32mx_sk/production/_ext/1360937237/main.o
 .comment       0x00000000       0x3d build/pic32mx_sk/production/_ext/2067596619/osal_freertos.o
 .comment       0x00000000       0x3d build/pic32mx_sk/production/_ext/711155467/sys_int_pic32.o
 .comment       0x00000000       0x3d build/pic32mx_sk/production/_ext/427228813/heap_1.o
 .comment       0x00000000       0x3d build/pic32mx_sk/production/_ext/789006650/port.o
 .comment       0x00000000       0x3d build/pic32mx_sk/production/_ext/161854096/croutine.o
 .comment       0x00000000       0x3d build/pic32mx_sk/production/_ext/161854096/list.o
 .comment       0x00000000       0x3d build/pic32mx_sk/production/_ext/161854096/queue.o
 .comment       0x00000000       0x3d build/pic32mx_sk/production/_ext/161854096/tasks.o
 .comment       0x00000000       0x3d build/pic32mx_sk/production/_ext/161854096/timers.o
 .comment       0x00000000       0x3d build/pic32mx_sk/production/_ext/161854096/event_groups.o
 .comment       0x00000000       0x3d build/pic32mx_sk/production/_ext/161854096/stream_buffer.o
 .comment       0x00000000       0x3d build/pic32mx_sk/production/_ext/1360937237/io_setup.o
 .comment       0x00000000       0x3d ..\..\..\..\..\..\..\..\shiro019_accelerometer_spi.X\dist\default\production\shiro019_accelerometer_spi.X.a(accel_define.o)
 .comment       0x00000000       0x3d ..\..\..\..\..\..\..\..\shiro019_accelerometer_spi.X\dist\default\production\shiro019_accelerometer_spi.X.a(accel_read_x.o)
 .comment       0x00000000       0x3d ..\..\..\..\..\..\..\..\shiro019_accelerometer_spi.X\dist\default\production\shiro019_accelerometer_spi.X.a(accel_read_y.o)
 .comment       0x00000000       0x3d ..\..\..\..\..\..\..\..\shiro019_accelerometer_spi.X\dist\default\production\shiro019_accelerometer_spi.X.a(accel_setup.o)
 .comment       0x00000000       0x3d ..\..\..\..\..\..\..\..\shiro019_accelerometer_spi.X\dist\default\production\shiro019_accelerometer_spi.X.a(spi2_read_register.o)
 .comment       0x00000000       0x3d ..\..\..\..\..\..\..\..\shiro019_accelerometer_spi.X\dist\default\production\shiro019_accelerometer_spi.X.a(spi2_setup.o)
 .comment       0x00000000       0x3d ..\..\..\..\..\..\..\..\shiro019_accelerometer_spi.X\dist\default\production\shiro019_accelerometer_spi.X.a(spi2_write_register.o)
 .comment       0x0000003c       0x18 c:/program files (x86)/microchip/xc32/v2.30/bin/bin/../../lib/gcc/pic32mx/4.8.3/../../../../pic32mx/lib\libpic32.a(memset.o)
                                 0x19 (size before relaxing)
 .comment       0x00000000       0x3d c:/program files (x86)/microchip/xc32/v2.30/bin/bin/../../lib/gcc/pic32mx/4.8.3/../../../../pic32mx/lib\libpic32.a(default-bootstrap-exception-handler.o)
 .comment       0x00000000       0x3d c:/program files (x86)/microchip/xc32/v2.30/bin/bin/../../lib/gcc/pic32mx/4.8.3/../../../../pic32mx/lib\libpic32.a(default-on-reset.o)
 .comment       0x00000000       0x3d c:/program files (x86)/microchip/xc32/v2.30/bin/bin/../../lib/gcc/pic32mx/4.8.3/../../../../pic32mx/lib\libpic32.a(default-on-bootstrap.o)
 .comment       0x00000000       0x3d c:/program files (x86)/microchip/xc32/v2.30/bin/bin/../../lib/gcc/pic32mx/4.8.3/../../../../pic32mx/lib\libpic32.a(xc32_uart.o)
 .comment       0x00000000       0x3d c:/program files (x86)/microchip/xc32/v2.30/bin/bin/../../lib/gcc/pic32mx/4.8.3/../../../../pic32mx/lib\libpic32.a(defaultinterrupt.o)
 .comment       0x00000000       0x3d c:/program files (x86)/microchip/xc32/v2.30/bin/bin/../../lib/gcc/pic32mx/4.8.3/../../../../pic32mx/lib\libc.a(putchar.o)
 .comment       0x00000000       0x3d c:/program files (x86)/microchip/xc32/v2.30/bin/bin/../../lib/gcc/pic32mx/4.8.3/../../../../pic32mx/lib\libc.a(printf_fF.eo)
 .comment       0x00000000       0x3d c:/program files (x86)/microchip/xc32/v2.30/bin/bin/../../lib/gcc/pic32mx/4.8.3/../../../../pic32mx/lib\libc.a(printf_s.eo)
 .comment       0x00000000       0x3d c:/program files (x86)/microchip/xc32/v2.30/bin/bin/../../lib/gcc/pic32mx/4.8.3/../../../../pic32mx/lib\libc.a(_iob.o)
 .comment       0x00000000       0x3d c:/program files (x86)/microchip/xc32/v2.30/bin/bin/../../lib/gcc/pic32mx/4.8.3/../../../../pic32mx/lib\libc.a(_fputc_simple.o)
 .comment       0x00000000       0x3d c:/program files (x86)/microchip/xc32/v2.30/bin/bin/../../lib/gcc/pic32mx/4.8.3/../../../../pic32mx/lib\libc.a(_flsbuf_simple.o)
 .comment       0x00000054       0x4e c:/program files (x86)/microchip/xc32/v2.30/bin/bin/../../lib/gcc/pic32mx/4.8.3/../../../../pic32mx/lib\libc.a(ctype.o)
                                 0x8b (size before relaxing)
 .comment       0x00000000       0x3d c:/program files (x86)/microchip/xc32/v2.30/bin/bin/../../lib/gcc/pic32mx/4.8.3/../../../../pic32mx/lib\libc.a(ldpowers.o)
 .comment       0x00000000       0x3d c:/program files (x86)/microchip/xc32/v2.30/bin/bin/../../lib/gcc/pic32mx/4.8.3/../../../../pic32mx/lib\libc.a(doprnt_fFs.eo)
 .comment       0x000000a2       0x9f c:/program files (x86)/microchip/xc32/v2.30/bin/bin/../../lib/gcc/pic32mx/4.8.3/../../../../pic32mx/lib\libe.a(_fixunsdfdi.o)
                                 0xdc (size before relaxing)
 .comment       0x00000141       0x50 c:/program files (x86)/microchip/xc32/v2.30/bin/bin/../../lib/gcc/pic32mx/4.8.3/../../../../pic32mx/lib\libe.a(_orderdf2.o)
                                 0xdb (size before relaxing)
 .comment       0x00000191       0x50 c:/program files (x86)/microchip/xc32/v2.30/bin/bin/../../lib/gcc/pic32mx/4.8.3/../../../../pic32mx/lib\libe.a(_fixdfdi.o)
                                 0xdb (size before relaxing)
 .comment       0x00000000       0x3d c:/program files (x86)/microchip/xc32/v2.30/bin/bin/../../lib/gcc/pic32mx/4.8.3\libgcc.a(_floatundidf.o)
 .comment       0x00000000       0x3d c:/program files (x86)/microchip/xc32/v2.30/bin/bin/../../lib/gcc/pic32mx/4.8.3\libgcc.a(_udivdi3.o)
 .comment       0x00000000       0x3d c:/program files (x86)/microchip/xc32/v2.30/bin/bin/../../lib/gcc/pic32mx/4.8.3\libgcc.a(_umoddi3.o)
 .comment       0x00000000       0x3d c:/program files (x86)/microchip/xc32/v2.30/bin/bin/../../lib/gcc/pic32mx/4.8.3\libgcc.a(floatunsidf.o)
 .comment       0x00000000       0x3d c:/program files (x86)/microchip/xc32/v2.30/bin/bin/../../lib/gcc/pic32mx/4.8.3/../../../../pic32mx/lib\libpic32.a(write.o)
 .comment       0x00000000       0x3d c:/program files (x86)/microchip/xc32/v2.30/bin/bin/../../lib/gcc/pic32mx/4.8.3/../../../../pic32mx/lib\libpic32.a(_mon_putc.o)

.debug
 *(.debug)

.line
 *(.line)

.debug_srcinfo
 *(.debug_srcinfo)

.debug_sfnames
 *(.debug_sfnames)

.debug_aranges  0x00000000      0xd18
 *(.debug_aranges)
 .debug_aranges
                0x00000000       0x68 build/pic32mx_sk/production/_ext/1764187882/bsp.o
 .debug_aranges
                0x00000068       0x50 build/pic32mx_sk/production/_ext/1458591747/sys_clk_pic32mx.o
 .debug_aranges
                0x000000b8       0x78 build/pic32mx_sk/production/_ext/374885412/sys_devcon.o
 .debug_aranges
                0x00000130       0x20 build/pic32mx_sk/production/_ext/374885412/sys_devcon_pic32mx.o
 .debug_aranges
                0x00000150      0x148 build/pic32mx_sk/production/_ext/1255054701/sys_ports_static.o
 .debug_aranges
                0x00000298       0x20 build/pic32mx_sk/production/_ext/351744058/system_init.o
 .debug_aranges
                0x000002b8       0x18 build/pic32mx_sk/production/_ext/351744058/system_interrupt.o
 .debug_aranges
                0x000002d0       0x20 build/pic32mx_sk/production/_ext/351744058/system_exceptions.o
 .debug_aranges
                0x000002f0       0x48 build/pic32mx_sk/production/_ext/351744058/system_tasks.o
 .debug_aranges
                0x00000338       0x40 build/pic32mx_sk/production/_ext/351744058/rtos_hooks.o
 .debug_aranges
                0x00000378       0x28 build/pic32mx_sk/production/_ext/1360937237/app.o
 .debug_aranges
                0x000003a0       0x28 build/pic32mx_sk/production/_ext/1360937237/app1.o
 .debug_aranges
                0x000003c8       0x38 build/pic32mx_sk/production/_ext/1360937237/app2.o
 .debug_aranges
                0x00000400       0x28 build/pic32mx_sk/production/_ext/1360937237/app3.o
 .debug_aranges
                0x00000428       0x20 build/pic32mx_sk/production/_ext/1360937237/main.o
 .debug_aranges
                0x00000448       0x88 build/pic32mx_sk/production/_ext/2067596619/osal_freertos.o
 .debug_aranges
                0x000004d0       0x48 build/pic32mx_sk/production/_ext/711155467/sys_int_pic32.o
 .debug_aranges
                0x00000518       0x38 build/pic32mx_sk/production/_ext/427228813/heap_1.o
 .debug_aranges
                0x00000550       0x58 build/pic32mx_sk/production/_ext/789006650/port.o
 .debug_aranges
                0x000005a8       0x20 build/pic32mx_sk/production/_ext/789006650/port_asm.o
 .debug_aranges
                0x000005c8       0x18 build/pic32mx_sk/production/_ext/161854096/croutine.o
 .debug_aranges
                0x000005e0       0x40 build/pic32mx_sk/production/_ext/161854096/list.o
 .debug_aranges
                0x00000620       0xc8 build/pic32mx_sk/production/_ext/161854096/queue.o
 .debug_aranges
                0x000006e8      0x188 build/pic32mx_sk/production/_ext/161854096/tasks.o
 .debug_aranges
                0x00000870       0x18 build/pic32mx_sk/production/_ext/161854096/timers.o
 .debug_aranges
                0x00000888       0x60 build/pic32mx_sk/production/_ext/161854096/event_groups.o
 .debug_aranges
                0x000008e8       0xb8 build/pic32mx_sk/production/_ext/161854096/stream_buffer.o
 .debug_aranges
                0x000009a0       0x30 build/pic32mx_sk/production/_ext/1360937237/io_setup.o
 .debug_aranges
                0x000009d0       0x20 ..\..\..\..\..\..\..\..\shiro019_accelerometer_spi.X\dist\default\production\shiro019_accelerometer_spi.X.a(accel_define.o)
 .debug_aranges
                0x000009f0       0x20 ..\..\..\..\..\..\..\..\shiro019_accelerometer_spi.X\dist\default\production\shiro019_accelerometer_spi.X.a(accel_read_x.o)
 .debug_aranges
                0x00000a10       0x20 ..\..\..\..\..\..\..\..\shiro019_accelerometer_spi.X\dist\default\production\shiro019_accelerometer_spi.X.a(accel_read_y.o)
 .debug_aranges
                0x00000a30       0x20 ..\..\..\..\..\..\..\..\shiro019_accelerometer_spi.X\dist\default\production\shiro019_accelerometer_spi.X.a(accel_setup.o)
 .debug_aranges
                0x00000a50       0x20 ..\..\..\..\..\..\..\..\shiro019_accelerometer_spi.X\dist\default\production\shiro019_accelerometer_spi.X.a(spi2_read_register.o)
 .debug_aranges
                0x00000a70       0x20 ..\..\..\..\..\..\..\..\shiro019_accelerometer_spi.X\dist\default\production\shiro019_accelerometer_spi.X.a(spi2_setup.o)
 .debug_aranges
                0x00000a90       0x20 ..\..\..\..\..\..\..\..\shiro019_accelerometer_spi.X\dist\default\production\shiro019_accelerometer_spi.X.a(spi2_write_register.o)
 .debug_aranges
                0x00000ab0       0x20 c:/program files (x86)/microchip/xc32/v2.30/bin/bin/../../lib/gcc/pic32mx/4.8.3/../../../../pic32mx/lib\libpic32.a(default-bootstrap-exception-handler.o)
 .debug_aranges
                0x00000ad0       0x20 c:/program files (x86)/microchip/xc32/v2.30/bin/bin/../../lib/gcc/pic32mx/4.8.3/../../../../pic32mx/lib\libpic32.a(default-on-reset.o)
 .debug_aranges
                0x00000af0       0x20 c:/program files (x86)/microchip/xc32/v2.30/bin/bin/../../lib/gcc/pic32mx/4.8.3/../../../../pic32mx/lib\libpic32.a(default-on-bootstrap.o)
 .debug_aranges
                0x00000b10       0x20 c:/program files (x86)/microchip/xc32/v2.30/bin/bin/../../lib/gcc/pic32mx/4.8.3/../../../../pic32mx/lib\libpic32.a(defaultinterrupt.o)
 .debug_aranges
                0x00000b30       0x20 c:/program files (x86)/microchip/xc32/v2.30/bin/bin/../../lib/gcc/pic32mx/4.8.3/../../../../pic32mx/lib\libc.a(putchar.o)
 .debug_aranges
                0x00000b50       0x20 c:/program files (x86)/microchip/xc32/v2.30/bin/bin/../../lib/gcc/pic32mx/4.8.3/../../../../pic32mx/lib\libc.a(printf_fF.eo)
 .debug_aranges
                0x00000b70       0x20 c:/program files (x86)/microchip/xc32/v2.30/bin/bin/../../lib/gcc/pic32mx/4.8.3/../../../../pic32mx/lib\libc.a(printf_s.eo)
 .debug_aranges
                0x00000b90       0x20 c:/program files (x86)/microchip/xc32/v2.30/bin/bin/../../lib/gcc/pic32mx/4.8.3/../../../../pic32mx/lib\libc.a(_fputc_simple.o)
 .debug_aranges
                0x00000bb0       0x20 c:/program files (x86)/microchip/xc32/v2.30/bin/bin/../../lib/gcc/pic32mx/4.8.3/../../../../pic32mx/lib\libc.a(_flsbuf_simple.o)
 .debug_aranges
                0x00000bd0       0x28 c:/program files (x86)/microchip/xc32/v2.30/bin/bin/../../lib/gcc/pic32mx/4.8.3/../../../../pic32mx/lib\libc.a(doprnt_fFs.eo)
 .debug_aranges
                0x00000bf8       0x20 c:/program files (x86)/microchip/xc32/v2.30/bin/bin/../../lib/gcc/pic32mx/4.8.3/../../../../pic32mx/lib\libe.a(_fixunsdfdi.o)
 .debug_aranges
                0x00000c18       0x20 c:/program files (x86)/microchip/xc32/v2.30/bin/bin/../../lib/gcc/pic32mx/4.8.3/../../../../pic32mx/lib\libe.a(_orderdf2.o)
 .debug_aranges
                0x00000c38       0x20 c:/program files (x86)/microchip/xc32/v2.30/bin/bin/../../lib/gcc/pic32mx/4.8.3/../../../../pic32mx/lib\libe.a(_fixdfdi.o)
 .debug_aranges
                0x00000c58       0x20 c:/program files (x86)/microchip/xc32/v2.30/bin/bin/../../lib/gcc/pic32mx/4.8.3\libgcc.a(_floatundidf.o)
 .debug_aranges
                0x00000c78       0x20 c:/program files (x86)/microchip/xc32/v2.30/bin/bin/../../lib/gcc/pic32mx/4.8.3\libgcc.a(_udivdi3.o)
 .debug_aranges
                0x00000c98       0x20 c:/program files (x86)/microchip/xc32/v2.30/bin/bin/../../lib/gcc/pic32mx/4.8.3\libgcc.a(_umoddi3.o)
 .debug_aranges
                0x00000cb8       0x20 c:/program files (x86)/microchip/xc32/v2.30/bin/bin/../../lib/gcc/pic32mx/4.8.3\libgcc.a(floatunsidf.o)
 .debug_aranges
                0x00000cd8       0x20 c:/program files (x86)/microchip/xc32/v2.30/bin/bin/../../lib/gcc/pic32mx/4.8.3/../../../../pic32mx/lib\libpic32.a(write.o)
 .debug_aranges
                0x00000cf8       0x20 c:/program files (x86)/microchip/xc32/v2.30/bin/bin/../../lib/gcc/pic32mx/4.8.3/../../../../pic32mx/lib\libpic32.a(_mon_putc.o)

.debug_pubnames
 *(.debug_pubnames)

.debug_info     0x00000000    0x20df4
 *(.debug_info .gnu.linkonce.wi.*)
 .debug_info    0x00000000     0x12e3 build/pic32mx_sk/production/_ext/1764187882/bsp.o
 .debug_info    0x000012e3     0x170d build/pic32mx_sk/production/_ext/1458591747/sys_clk_pic32mx.o
 .debug_info    0x000029f0     0x19e9 build/pic32mx_sk/production/_ext/374885412/sys_devcon.o
 .debug_info    0x000043d9     0x1b05 build/pic32mx_sk/production/_ext/374885412/sys_devcon_pic32mx.o
 .debug_info    0x00005ede     0x458f build/pic32mx_sk/production/_ext/1255054701/sys_ports_static.o
 .debug_info    0x0000a46d      0xcef build/pic32mx_sk/production/_ext/351744058/system_init.o
 .debug_info    0x0000b15c      0xb4e build/pic32mx_sk/production/_ext/351744058/system_interrupt.o
 .debug_info    0x0000bcaa      0xbfe build/pic32mx_sk/production/_ext/351744058/system_exceptions.o
 .debug_info    0x0000c8a8      0xede build/pic32mx_sk/production/_ext/351744058/system_tasks.o
 .debug_info    0x0000d786      0x367 build/pic32mx_sk/production/_ext/351744058/rtos_hooks.o
 .debug_info    0x0000daed      0xe28 build/pic32mx_sk/production/_ext/1360937237/app.o
 .debug_info    0x0000e915      0xf7c build/pic32mx_sk/production/_ext/1360937237/app1.o
 .debug_info    0x0000f891     0x14a7 build/pic32mx_sk/production/_ext/1360937237/app2.o
 .debug_info    0x00010d38      0xe45 build/pic32mx_sk/production/_ext/1360937237/app3.o
 .debug_info    0x00011b7d      0x1c7 build/pic32mx_sk/production/_ext/1360937237/main.o
 .debug_info    0x00011d44      0xa42 build/pic32mx_sk/production/_ext/2067596619/osal_freertos.o
 .debug_info    0x00012786     0x1481 build/pic32mx_sk/production/_ext/711155467/sys_int_pic32.o
 .debug_info    0x00013c07      0x3db build/pic32mx_sk/production/_ext/427228813/heap_1.o
 .debug_info    0x00013fe2      0xed5 build/pic32mx_sk/production/_ext/789006650/port.o
 .debug_info    0x00014eb7       0xe0 build/pic32mx_sk/production/_ext/789006650/port_asm.o
 .debug_info    0x00014f97      0x192 build/pic32mx_sk/production/_ext/161854096/croutine.o
 .debug_info    0x00015129      0x495 build/pic32mx_sk/production/_ext/161854096/list.o
 .debug_info    0x000155be     0x21bd build/pic32mx_sk/production/_ext/161854096/queue.o
 .debug_info    0x0001777b     0x2ef5 build/pic32mx_sk/production/_ext/161854096/tasks.o
 .debug_info    0x0001a670      0x190 build/pic32mx_sk/production/_ext/161854096/timers.o
 .debug_info    0x0001a800      0xee0 build/pic32mx_sk/production/_ext/161854096/event_groups.o
 .debug_info    0x0001b6e0     0x1ab4 build/pic32mx_sk/production/_ext/161854096/stream_buffer.o
 .debug_info    0x0001d194      0x685 build/pic32mx_sk/production/_ext/1360937237/io_setup.o
 .debug_info    0x0001d819      0x16d ..\..\..\..\..\..\..\..\shiro019_accelerometer_spi.X\dist\default\production\shiro019_accelerometer_spi.X.a(accel_define.o)
 .debug_info    0x0001d986      0x1df ..\..\..\..\..\..\..\..\shiro019_accelerometer_spi.X\dist\default\production\shiro019_accelerometer_spi.X.a(accel_read_x.o)
 .debug_info    0x0001db65      0x1df ..\..\..\..\..\..\..\..\shiro019_accelerometer_spi.X\dist\default\production\shiro019_accelerometer_spi.X.a(accel_read_y.o)
 .debug_info    0x0001dd44      0x16e ..\..\..\..\..\..\..\..\shiro019_accelerometer_spi.X\dist\default\production\shiro019_accelerometer_spi.X.a(accel_setup.o)
 .debug_info    0x0001deb2      0x4a0 ..\..\..\..\..\..\..\..\shiro019_accelerometer_spi.X\dist\default\production\shiro019_accelerometer_spi.X.a(spi2_read_register.o)
 .debug_info    0x0001e352      0x7a3 ..\..\..\..\..\..\..\..\shiro019_accelerometer_spi.X\dist\default\production\shiro019_accelerometer_spi.X.a(spi2_setup.o)
 .debug_info    0x0001eaf5      0x49d ..\..\..\..\..\..\..\..\shiro019_accelerometer_spi.X\dist\default\production\shiro019_accelerometer_spi.X.a(spi2_write_register.o)
 .debug_info    0x0001ef92       0xf4 c:/program files (x86)/microchip/xc32/v2.30/bin/bin/../../lib/gcc/pic32mx/4.8.3/../../../../pic32mx/lib\libpic32.a(default-bootstrap-exception-handler.o)
 .debug_info    0x0001f086       0xcd c:/program files (x86)/microchip/xc32/v2.30/bin/bin/../../lib/gcc/pic32mx/4.8.3/../../../../pic32mx/lib\libpic32.a(default-on-reset.o)
 .debug_info    0x0001f153       0xd5 c:/program files (x86)/microchip/xc32/v2.30/bin/bin/../../lib/gcc/pic32mx/4.8.3/../../../../pic32mx/lib\libpic32.a(default-on-bootstrap.o)
 .debug_info    0x0001f228       0xe7 c:/program files (x86)/microchip/xc32/v2.30/bin/bin/../../lib/gcc/pic32mx/4.8.3/../../../../pic32mx/lib\libpic32.a(defaultinterrupt.o)
 .debug_info    0x0001f30f       0xc6 c:/program files (x86)/microchip/xc32/v2.30/bin/bin/../../lib/gcc/pic32mx/4.8.3/../../../../pic32mx/lib\libc.a(putchar.o)
 .debug_info    0x0001f3d5       0xc8 c:/program files (x86)/microchip/xc32/v2.30/bin/bin/../../lib/gcc/pic32mx/4.8.3/../../../../pic32mx/lib\libc.a(printf_fF.eo)
 .debug_info    0x0001f49d       0xc7 c:/program files (x86)/microchip/xc32/v2.30/bin/bin/../../lib/gcc/pic32mx/4.8.3/../../../../pic32mx/lib\libc.a(printf_s.eo)
 .debug_info    0x0001f564       0xc2 c:/program files (x86)/microchip/xc32/v2.30/bin/bin/../../lib/gcc/pic32mx/4.8.3/../../../../pic32mx/lib\libc.a(_fputc_simple.o)
 .debug_info    0x0001f626       0xc5 c:/program files (x86)/microchip/xc32/v2.30/bin/bin/../../lib/gcc/pic32mx/4.8.3/../../../../pic32mx/lib\libc.a(_flsbuf_simple.o)
 .debug_info    0x0001f6eb       0xf3 c:/program files (x86)/microchip/xc32/v2.30/bin/bin/../../lib/gcc/pic32mx/4.8.3/../../../../pic32mx/lib\libc.a(doprnt_fFs.eo)
 .debug_info    0x0001f7de       0xce c:/program files (x86)/microchip/xc32/v2.30/bin/bin/../../lib/gcc/pic32mx/4.8.3/../../../../pic32mx/lib\libe.a(_fixunsdfdi.o)
 .debug_info    0x0001f8ac       0xba c:/program files (x86)/microchip/xc32/v2.30/bin/bin/../../lib/gcc/pic32mx/4.8.3/../../../../pic32mx/lib\libe.a(_orderdf2.o)
 .debug_info    0x0001f966       0xb9 c:/program files (x86)/microchip/xc32/v2.30/bin/bin/../../lib/gcc/pic32mx/4.8.3/../../../../pic32mx/lib\libe.a(_fixdfdi.o)
 .debug_info    0x0001fa1f      0x245 c:/program files (x86)/microchip/xc32/v2.30/bin/bin/../../lib/gcc/pic32mx/4.8.3\libgcc.a(_floatundidf.o)
 .debug_info    0x0001fc64      0x74b c:/program files (x86)/microchip/xc32/v2.30/bin/bin/../../lib/gcc/pic32mx/4.8.3\libgcc.a(_udivdi3.o)
 .debug_info    0x000203af      0x788 c:/program files (x86)/microchip/xc32/v2.30/bin/bin/../../lib/gcc/pic32mx/4.8.3\libgcc.a(_umoddi3.o)
 .debug_info    0x00020b37      0x137 c:/program files (x86)/microchip/xc32/v2.30/bin/bin/../../lib/gcc/pic32mx/4.8.3\libgcc.a(floatunsidf.o)
 .debug_info    0x00020c6e       0xbf c:/program files (x86)/microchip/xc32/v2.30/bin/bin/../../lib/gcc/pic32mx/4.8.3/../../../../pic32mx/lib\libpic32.a(write.o)
 .debug_info    0x00020d2d       0xc7 c:/program files (x86)/microchip/xc32/v2.30/bin/bin/../../lib/gcc/pic32mx/4.8.3/../../../../pic32mx/lib\libpic32.a(_mon_putc.o)

.debug_abbrev   0x00000000     0x39cc
 *(.debug_abbrev)
 .debug_abbrev  0x00000000      0x28a build/pic32mx_sk/production/_ext/1764187882/bsp.o
 .debug_abbrev  0x0000028a      0x26b build/pic32mx_sk/production/_ext/1458591747/sys_clk_pic32mx.o
 .debug_abbrev  0x000004f5      0x288 build/pic32mx_sk/production/_ext/374885412/sys_devcon.o
 .debug_abbrev  0x0000077d      0x20f build/pic32mx_sk/production/_ext/374885412/sys_devcon_pic32mx.o
 .debug_abbrev  0x0000098c      0x2a2 build/pic32mx_sk/production/_ext/1255054701/sys_ports_static.o
 .debug_abbrev  0x00000c2e      0x17c build/pic32mx_sk/production/_ext/351744058/system_init.o
 .debug_abbrev  0x00000daa       0x97 build/pic32mx_sk/production/_ext/351744058/system_interrupt.o
 .debug_abbrev  0x00000e41       0xe6 build/pic32mx_sk/production/_ext/351744058/system_exceptions.o
 .debug_abbrev  0x00000f27      0x16f build/pic32mx_sk/production/_ext/351744058/system_tasks.o
 .debug_abbrev  0x00001096       0xdf build/pic32mx_sk/production/_ext/351744058/rtos_hooks.o
 .debug_abbrev  0x00001175      0x198 build/pic32mx_sk/production/_ext/1360937237/app.o
 .debug_abbrev  0x0000130d      0x1ce build/pic32mx_sk/production/_ext/1360937237/app1.o
 .debug_abbrev  0x000014db      0x20c build/pic32mx_sk/production/_ext/1360937237/app2.o
 .debug_abbrev  0x000016e7      0x18b build/pic32mx_sk/production/_ext/1360937237/app3.o
 .debug_abbrev  0x00001872       0x93 build/pic32mx_sk/production/_ext/1360937237/main.o
 .debug_abbrev  0x00001905      0x1fe build/pic32mx_sk/production/_ext/2067596619/osal_freertos.o
 .debug_abbrev  0x00001b03      0x237 build/pic32mx_sk/production/_ext/711155467/sys_int_pic32.o
 .debug_abbrev  0x00001d3a      0x166 build/pic32mx_sk/production/_ext/427228813/heap_1.o
 .debug_abbrev  0x00001ea0      0x2e3 build/pic32mx_sk/production/_ext/789006650/port.o
 .debug_abbrev  0x00002183       0x14 build/pic32mx_sk/production/_ext/789006650/port_asm.o
 .debug_abbrev  0x00002197       0x1b build/pic32mx_sk/production/_ext/161854096/croutine.o
 .debug_abbrev  0x000021b2       0xf8 build/pic32mx_sk/production/_ext/161854096/list.o
 .debug_abbrev  0x000022aa      0x33b build/pic32mx_sk/production/_ext/161854096/queue.o
 .debug_abbrev  0x000025e5      0x3c3 build/pic32mx_sk/production/_ext/161854096/tasks.o
 .debug_abbrev  0x000029a8       0x1b build/pic32mx_sk/production/_ext/161854096/timers.o
 .debug_abbrev  0x000029c3      0x27d build/pic32mx_sk/production/_ext/161854096/event_groups.o
 .debug_abbrev  0x00002c40      0x2bd build/pic32mx_sk/production/_ext/161854096/stream_buffer.o
 .debug_abbrev  0x00002efd       0xf6 build/pic32mx_sk/production/_ext/1360937237/io_setup.o
 .debug_abbrev  0x00002ff3       0x5e ..\..\..\..\..\..\..\..\shiro019_accelerometer_spi.X\dist\default\production\shiro019_accelerometer_spi.X.a(accel_define.o)
 .debug_abbrev  0x00003051       0x6f ..\..\..\..\..\..\..\..\shiro019_accelerometer_spi.X\dist\default\production\shiro019_accelerometer_spi.X.a(accel_read_x.o)
 .debug_abbrev  0x000030c0       0x6f ..\..\..\..\..\..\..\..\shiro019_accelerometer_spi.X\dist\default\production\shiro019_accelerometer_spi.X.a(accel_read_y.o)
 .debug_abbrev  0x0000312f       0x4d ..\..\..\..\..\..\..\..\shiro019_accelerometer_spi.X\dist\default\production\shiro019_accelerometer_spi.X.a(accel_setup.o)
 .debug_abbrev  0x0000317c       0xeb ..\..\..\..\..\..\..\..\shiro019_accelerometer_spi.X\dist\default\production\shiro019_accelerometer_spi.X.a(spi2_read_register.o)
 .debug_abbrev  0x00003267       0xb3 ..\..\..\..\..\..\..\..\shiro019_accelerometer_spi.X\dist\default\production\shiro019_accelerometer_spi.X.a(spi2_setup.o)
 .debug_abbrev  0x0000331a       0xe9 ..\..\..\..\..\..\..\..\shiro019_accelerometer_spi.X\dist\default\production\shiro019_accelerometer_spi.X.a(spi2_write_register.o)
 .debug_abbrev  0x00003403       0x28 c:/program files (x86)/microchip/xc32/v2.30/bin/bin/../../lib/gcc/pic32mx/4.8.3/../../../../pic32mx/lib\libpic32.a(default-bootstrap-exception-handler.o)
 .debug_abbrev  0x0000342b       0x28 c:/program files (x86)/microchip/xc32/v2.30/bin/bin/../../lib/gcc/pic32mx/4.8.3/../../../../pic32mx/lib\libpic32.a(default-on-reset.o)
 .debug_abbrev  0x00003453       0x28 c:/program files (x86)/microchip/xc32/v2.30/bin/bin/../../lib/gcc/pic32mx/4.8.3/../../../../pic32mx/lib\libpic32.a(default-on-bootstrap.o)
 .debug_abbrev  0x0000347b       0x28 c:/program files (x86)/microchip/xc32/v2.30/bin/bin/../../lib/gcc/pic32mx/4.8.3/../../../../pic32mx/lib\libpic32.a(defaultinterrupt.o)
 .debug_abbrev  0x000034a3       0x28 c:/program files (x86)/microchip/xc32/v2.30/bin/bin/../../lib/gcc/pic32mx/4.8.3/../../../../pic32mx/lib\libc.a(putchar.o)
 .debug_abbrev  0x000034cb       0x28 c:/program files (x86)/microchip/xc32/v2.30/bin/bin/../../lib/gcc/pic32mx/4.8.3/../../../../pic32mx/lib\libc.a(printf_fF.eo)
 .debug_abbrev  0x000034f3       0x28 c:/program files (x86)/microchip/xc32/v2.30/bin/bin/../../lib/gcc/pic32mx/4.8.3/../../../../pic32mx/lib\libc.a(printf_s.eo)
 .debug_abbrev  0x0000351b       0x28 c:/program files (x86)/microchip/xc32/v2.30/bin/bin/../../lib/gcc/pic32mx/4.8.3/../../../../pic32mx/lib\libc.a(_fputc_simple.o)
 .debug_abbrev  0x00003543       0x28 c:/program files (x86)/microchip/xc32/v2.30/bin/bin/../../lib/gcc/pic32mx/4.8.3/../../../../pic32mx/lib\libc.a(_flsbuf_simple.o)
 .debug_abbrev  0x0000356b       0x45 c:/program files (x86)/microchip/xc32/v2.30/bin/bin/../../lib/gcc/pic32mx/4.8.3/../../../../pic32mx/lib\libc.a(doprnt_fFs.eo)
 .debug_abbrev  0x000035b0       0x37 c:/program files (x86)/microchip/xc32/v2.30/bin/bin/../../lib/gcc/pic32mx/4.8.3/../../../../pic32mx/lib\libe.a(_fixunsdfdi.o)
 .debug_abbrev  0x000035e7       0x28 c:/program files (x86)/microchip/xc32/v2.30/bin/bin/../../lib/gcc/pic32mx/4.8.3/../../../../pic32mx/lib\libe.a(_orderdf2.o)
 .debug_abbrev  0x0000360f       0x28 c:/program files (x86)/microchip/xc32/v2.30/bin/bin/../../lib/gcc/pic32mx/4.8.3/../../../../pic32mx/lib\libe.a(_fixdfdi.o)
 .debug_abbrev  0x00003637       0x64 c:/program files (x86)/microchip/xc32/v2.30/bin/bin/../../lib/gcc/pic32mx/4.8.3\libgcc.a(_floatundidf.o)
 .debug_abbrev  0x0000369b      0x138 c:/program files (x86)/microchip/xc32/v2.30/bin/bin/../../lib/gcc/pic32mx/4.8.3\libgcc.a(_udivdi3.o)
 .debug_abbrev  0x000037d3      0x147 c:/program files (x86)/microchip/xc32/v2.30/bin/bin/../../lib/gcc/pic32mx/4.8.3\libgcc.a(_umoddi3.o)
 .debug_abbrev  0x0000391a       0x62 c:/program files (x86)/microchip/xc32/v2.30/bin/bin/../../lib/gcc/pic32mx/4.8.3\libgcc.a(floatunsidf.o)
 .debug_abbrev  0x0000397c       0x28 c:/program files (x86)/microchip/xc32/v2.30/bin/bin/../../lib/gcc/pic32mx/4.8.3/../../../../pic32mx/lib\libpic32.a(write.o)
 .debug_abbrev  0x000039a4       0x28 c:/program files (x86)/microchip/xc32/v2.30/bin/bin/../../lib/gcc/pic32mx/4.8.3/../../../../pic32mx/lib\libpic32.a(_mon_putc.o)

.debug_line     0x00000000     0x7225
 *(.debug_line)
 .debug_line    0x00000000      0x408 build/pic32mx_sk/production/_ext/1764187882/bsp.o
 .debug_line    0x00000408      0x4b8 build/pic32mx_sk/production/_ext/1458591747/sys_clk_pic32mx.o
 .debug_line    0x000008c0      0x742 build/pic32mx_sk/production/_ext/374885412/sys_devcon.o
 .debug_line    0x00001002      0x55b build/pic32mx_sk/production/_ext/374885412/sys_devcon_pic32mx.o
 .debug_line    0x0000155d      0x948 build/pic32mx_sk/production/_ext/1255054701/sys_ports_static.o
 .debug_line    0x00001ea5      0x32a build/pic32mx_sk/production/_ext/351744058/system_init.o
 .debug_line    0x000021cf       0xdc build/pic32mx_sk/production/_ext/351744058/system_interrupt.o
 .debug_line    0x000022ab      0x174 build/pic32mx_sk/production/_ext/351744058/system_exceptions.o
 .debug_line    0x0000241f      0x337 build/pic32mx_sk/production/_ext/351744058/system_tasks.o
 .debug_line    0x00002756      0x221 build/pic32mx_sk/production/_ext/351744058/rtos_hooks.o
 .debug_line    0x00002977      0x273 build/pic32mx_sk/production/_ext/1360937237/app.o
 .debug_line    0x00002bea      0x396 build/pic32mx_sk/production/_ext/1360937237/app1.o
 .debug_line    0x00002f80      0x3da build/pic32mx_sk/production/_ext/1360937237/app2.o
 .debug_line    0x0000335a      0x23e build/pic32mx_sk/production/_ext/1360937237/app3.o
 .debug_line    0x00003598       0xe5 build/pic32mx_sk/production/_ext/1360937237/main.o
 .debug_line    0x0000367d      0x332 build/pic32mx_sk/production/_ext/2067596619/osal_freertos.o
 .debug_line    0x000039af      0x339 build/pic32mx_sk/production/_ext/711155467/sys_int_pic32.o
 .debug_line    0x00003ce8      0x2d9 build/pic32mx_sk/production/_ext/427228813/heap_1.o
 .debug_line    0x00003fc1      0x300 build/pic32mx_sk/production/_ext/789006650/port.o
 .debug_line    0x000042c1      0x107 build/pic32mx_sk/production/_ext/789006650/port_asm.o
 .debug_line    0x000043c8       0x1d build/pic32mx_sk/production/_ext/161854096/croutine.o
 .debug_line    0x000043e5      0x217 build/pic32mx_sk/production/_ext/161854096/list.o
 .debug_line    0x000045fc      0x642 build/pic32mx_sk/production/_ext/161854096/queue.o
 .debug_line    0x00004c3e      0x908 build/pic32mx_sk/production/_ext/161854096/tasks.o
 .debug_line    0x00005546       0x1d build/pic32mx_sk/production/_ext/161854096/timers.o
 .debug_line    0x00005563      0x3f7 build/pic32mx_sk/production/_ext/161854096/event_groups.o
 .debug_line    0x0000595a      0x51a build/pic32mx_sk/production/_ext/161854096/stream_buffer.o
 .debug_line    0x00005e74      0x1ab build/pic32mx_sk/production/_ext/1360937237/io_setup.o
 .debug_line    0x0000601f       0x83 ..\..\..\..\..\..\..\..\shiro019_accelerometer_spi.X\dist\default\production\shiro019_accelerometer_spi.X.a(accel_define.o)
 .debug_line    0x000060a2       0xe2 ..\..\..\..\..\..\..\..\shiro019_accelerometer_spi.X\dist\default\production\shiro019_accelerometer_spi.X.a(accel_read_x.o)
 .debug_line    0x00006184       0xe2 ..\..\..\..\..\..\..\..\shiro019_accelerometer_spi.X\dist\default\production\shiro019_accelerometer_spi.X.a(accel_read_y.o)
 .debug_line    0x00006266       0x87 ..\..\..\..\..\..\..\..\shiro019_accelerometer_spi.X\dist\default\production\shiro019_accelerometer_spi.X.a(accel_setup.o)
 .debug_line    0x000062ed      0x155 ..\..\..\..\..\..\..\..\shiro019_accelerometer_spi.X\dist\default\production\shiro019_accelerometer_spi.X.a(spi2_read_register.o)
 .debug_line    0x00006442      0x155 ..\..\..\..\..\..\..\..\shiro019_accelerometer_spi.X\dist\default\production\shiro019_accelerometer_spi.X.a(spi2_setup.o)
 .debug_line    0x00006597      0x155 ..\..\..\..\..\..\..\..\shiro019_accelerometer_spi.X\dist\default\production\shiro019_accelerometer_spi.X.a(spi2_write_register.o)
 .debug_line    0x000066ec       0xa6 c:/program files (x86)/microchip/xc32/v2.30/bin/bin/../../lib/gcc/pic32mx/4.8.3/../../../../pic32mx/lib\libpic32.a(default-bootstrap-exception-handler.o)
 .debug_line    0x00006792       0x93 c:/program files (x86)/microchip/xc32/v2.30/bin/bin/../../lib/gcc/pic32mx/4.8.3/../../../../pic32mx/lib\libpic32.a(default-on-reset.o)
 .debug_line    0x00006825       0x97 c:/program files (x86)/microchip/xc32/v2.30/bin/bin/../../lib/gcc/pic32mx/4.8.3/../../../../pic32mx/lib\libpic32.a(default-on-bootstrap.o)
 .debug_line    0x000068bc        0x0 c:/program files (x86)/microchip/xc32/v2.30/bin/bin/../../lib/gcc/pic32mx/4.8.3/../../../../pic32mx/lib\libpic32.a(xc32_uart.o)
 .debug_line    0x000068bc       0xa5 c:/program files (x86)/microchip/xc32/v2.30/bin/bin/../../lib/gcc/pic32mx/4.8.3/../../../../pic32mx/lib\libpic32.a(defaultinterrupt.o)
 .debug_line    0x00006961       0x7f c:/program files (x86)/microchip/xc32/v2.30/bin/bin/../../lib/gcc/pic32mx/4.8.3/../../../../pic32mx/lib\libc.a(putchar.o)
 .debug_line    0x000069e0       0x7e c:/program files (x86)/microchip/xc32/v2.30/bin/bin/../../lib/gcc/pic32mx/4.8.3/../../../../pic32mx/lib\libc.a(printf_fF.eo)
 .debug_line    0x00006a5e       0x7e c:/program files (x86)/microchip/xc32/v2.30/bin/bin/../../lib/gcc/pic32mx/4.8.3/../../../../pic32mx/lib\libc.a(printf_s.eo)
 .debug_line    0x00006adc        0x0 c:/program files (x86)/microchip/xc32/v2.30/bin/bin/../../lib/gcc/pic32mx/4.8.3/../../../../pic32mx/lib\libc.a(_iob.o)
 .debug_line    0x00006adc       0x7d c:/program files (x86)/microchip/xc32/v2.30/bin/bin/../../lib/gcc/pic32mx/4.8.3/../../../../pic32mx/lib\libc.a(_fputc_simple.o)
 .debug_line    0x00006b59       0x7e c:/program files (x86)/microchip/xc32/v2.30/bin/bin/../../lib/gcc/pic32mx/4.8.3/../../../../pic32mx/lib\libc.a(_flsbuf_simple.o)
 .debug_line    0x00006bd7        0x0 c:/program files (x86)/microchip/xc32/v2.30/bin/bin/../../lib/gcc/pic32mx/4.8.3/../../../../pic32mx/lib\libc.a(ctype.o)
 .debug_line    0x00006bd7        0x0 c:/program files (x86)/microchip/xc32/v2.30/bin/bin/../../lib/gcc/pic32mx/4.8.3/../../../../pic32mx/lib\libc.a(ldpowers.o)
 .debug_line    0x00006bd7       0x7e c:/program files (x86)/microchip/xc32/v2.30/bin/bin/../../lib/gcc/pic32mx/4.8.3/../../../../pic32mx/lib\libc.a(doprnt_fFs.eo)
 .debug_line    0x00006c55       0x82 c:/program files (x86)/microchip/xc32/v2.30/bin/bin/../../lib/gcc/pic32mx/4.8.3/../../../../pic32mx/lib\libe.a(_fixunsdfdi.o)
 .debug_line    0x00006cd7       0x81 c:/program files (x86)/microchip/xc32/v2.30/bin/bin/../../lib/gcc/pic32mx/4.8.3/../../../../pic32mx/lib\libe.a(_orderdf2.o)
 .debug_line    0x00006d58       0x81 c:/program files (x86)/microchip/xc32/v2.30/bin/bin/../../lib/gcc/pic32mx/4.8.3/../../../../pic32mx/lib\libe.a(_fixdfdi.o)
 .debug_line    0x00006dd9       0xa5 c:/program files (x86)/microchip/xc32/v2.30/bin/bin/../../lib/gcc/pic32mx/4.8.3\libgcc.a(_floatundidf.o)
 .debug_line    0x00006e7e       0xf7 c:/program files (x86)/microchip/xc32/v2.30/bin/bin/../../lib/gcc/pic32mx/4.8.3\libgcc.a(_udivdi3.o)
 .debug_line    0x00006f75      0x109 c:/program files (x86)/microchip/xc32/v2.30/bin/bin/../../lib/gcc/pic32mx/4.8.3\libgcc.a(_umoddi3.o)
 .debug_line    0x0000707e       0x93 c:/program files (x86)/microchip/xc32/v2.30/bin/bin/../../lib/gcc/pic32mx/4.8.3\libgcc.a(floatunsidf.o)
 .debug_line    0x00007111       0x88 c:/program files (x86)/microchip/xc32/v2.30/bin/bin/../../lib/gcc/pic32mx/4.8.3/../../../../pic32mx/lib\libpic32.a(write.o)
 .debug_line    0x00007199       0x8c c:/program files (x86)/microchip/xc32/v2.30/bin/bin/../../lib/gcc/pic32mx/4.8.3/../../../../pic32mx/lib\libpic32.a(_mon_putc.o)

.debug_frame    0x00000000     0x1cb4
 *(.debug_frame)
 .debug_frame   0x00000000       0xbc build/pic32mx_sk/production/_ext/1764187882/bsp.o
 .debug_frame   0x000000bc       0xa4 build/pic32mx_sk/production/_ext/1458591747/sys_clk_pic32mx.o
 .debug_frame   0x00000160       0xf4 build/pic32mx_sk/production/_ext/374885412/sys_devcon.o
 .debug_frame   0x00000254       0x2c build/pic32mx_sk/production/_ext/374885412/sys_devcon_pic32mx.o
 .debug_frame   0x00000280      0x270 build/pic32mx_sk/production/_ext/1255054701/sys_ports_static.o
 .debug_frame   0x000004f0       0x2c build/pic32mx_sk/production/_ext/351744058/system_init.o
 .debug_frame   0x0000051c       0x28 build/pic32mx_sk/production/_ext/351744058/system_exceptions.o
 .debug_frame   0x00000544       0xa4 build/pic32mx_sk/production/_ext/351744058/system_tasks.o
 .debug_frame   0x000005e8       0x7c build/pic32mx_sk/production/_ext/351744058/rtos_hooks.o
 .debug_frame   0x00000664       0x48 build/pic32mx_sk/production/_ext/1360937237/app.o
 .debug_frame   0x000006ac       0x48 build/pic32mx_sk/production/_ext/1360937237/app1.o
 .debug_frame   0x000006f4       0x74 build/pic32mx_sk/production/_ext/1360937237/app2.o
 .debug_frame   0x00000768       0x3c build/pic32mx_sk/production/_ext/1360937237/app3.o
 .debug_frame   0x000007a4       0x28 build/pic32mx_sk/production/_ext/1360937237/main.o
 .debug_frame   0x000007cc      0x180 build/pic32mx_sk/production/_ext/2067596619/osal_freertos.o
 .debug_frame   0x0000094c       0xa0 build/pic32mx_sk/production/_ext/711155467/sys_int_pic32.o
 .debug_frame   0x000009ec       0x6c build/pic32mx_sk/production/_ext/427228813/heap_1.o
 .debug_frame   0x00000a58       0xdc build/pic32mx_sk/production/_ext/789006650/port.o
 .debug_frame   0x00000b34       0x60 build/pic32mx_sk/production/_ext/161854096/list.o
 .debug_frame   0x00000b94      0x2f0 build/pic32mx_sk/production/_ext/161854096/queue.o
 .debug_frame   0x00000e84      0x53c build/pic32mx_sk/production/_ext/161854096/tasks.o
 .debug_frame   0x000013c0      0x13c build/pic32mx_sk/production/_ext/161854096/event_groups.o
 .debug_frame   0x000014fc      0x2a8 build/pic32mx_sk/production/_ext/161854096/stream_buffer.o
 .debug_frame   0x000017a4       0x4c build/pic32mx_sk/production/_ext/1360937237/io_setup.o
 .debug_frame   0x000017f0       0x30 ..\..\..\..\..\..\..\..\shiro019_accelerometer_spi.X\dist\default\production\shiro019_accelerometer_spi.X.a(accel_define.o)
 .debug_frame   0x00001820       0x34 ..\..\..\..\..\..\..\..\shiro019_accelerometer_spi.X\dist\default\production\shiro019_accelerometer_spi.X.a(accel_read_x.o)
 .debug_frame   0x00001854       0x34 ..\..\..\..\..\..\..\..\shiro019_accelerometer_spi.X\dist\default\production\shiro019_accelerometer_spi.X.a(accel_read_y.o)
 .debug_frame   0x00001888       0x34 ..\..\..\..\..\..\..\..\shiro019_accelerometer_spi.X\dist\default\production\shiro019_accelerometer_spi.X.a(accel_setup.o)
 .debug_frame   0x000018bc       0x34 ..\..\..\..\..\..\..\..\shiro019_accelerometer_spi.X\dist\default\production\shiro019_accelerometer_spi.X.a(spi2_read_register.o)
 .debug_frame   0x000018f0       0x30 ..\..\..\..\..\..\..\..\shiro019_accelerometer_spi.X\dist\default\production\shiro019_accelerometer_spi.X.a(spi2_setup.o)
 .debug_frame   0x00001920       0x34 ..\..\..\..\..\..\..\..\shiro019_accelerometer_spi.X\dist\default\production\shiro019_accelerometer_spi.X.a(spi2_write_register.o)
 .debug_frame   0x00001954       0x2c c:/program files (x86)/microchip/xc32/v2.30/bin/bin/../../lib/gcc/pic32mx/4.8.3/../../../../pic32mx/lib\libpic32.a(default-bootstrap-exception-handler.o)
 .debug_frame   0x00001980       0x20 c:/program files (x86)/microchip/xc32/v2.30/bin/bin/../../lib/gcc/pic32mx/4.8.3/../../../../pic32mx/lib\libpic32.a(default-on-reset.o)
 .debug_frame   0x000019a0       0x20 c:/program files (x86)/microchip/xc32/v2.30/bin/bin/../../lib/gcc/pic32mx/4.8.3/../../../../pic32mx/lib\libpic32.a(default-on-bootstrap.o)
 .debug_frame   0x000019c0       0x20 c:/program files (x86)/microchip/xc32/v2.30/bin/bin/../../lib/gcc/pic32mx/4.8.3/../../../../pic32mx/lib\libpic32.a(defaultinterrupt.o)
 .debug_frame   0x000019e0       0x2c c:/program files (x86)/microchip/xc32/v2.30/bin/bin/../../lib/gcc/pic32mx/4.8.3/../../../../pic32mx/lib\libc.a(putchar.o)
 .debug_frame   0x00001a0c       0x2c c:/program files (x86)/microchip/xc32/v2.30/bin/bin/../../lib/gcc/pic32mx/4.8.3/../../../../pic32mx/lib\libc.a(printf_fF.eo)
 .debug_frame   0x00001a38       0x2c c:/program files (x86)/microchip/xc32/v2.30/bin/bin/../../lib/gcc/pic32mx/4.8.3/../../../../pic32mx/lib\libc.a(printf_s.eo)
 .debug_frame   0x00001a64       0x30 c:/program files (x86)/microchip/xc32/v2.30/bin/bin/../../lib/gcc/pic32mx/4.8.3/../../../../pic32mx/lib\libc.a(_fputc_simple.o)
 .debug_frame   0x00001a94       0x38 c:/program files (x86)/microchip/xc32/v2.30/bin/bin/../../lib/gcc/pic32mx/4.8.3/../../../../pic32mx/lib\libc.a(_flsbuf_simple.o)
 .debug_frame   0x00001acc       0x70 c:/program files (x86)/microchip/xc32/v2.30/bin/bin/../../lib/gcc/pic32mx/4.8.3/../../../../pic32mx/lib\libc.a(doprnt_fFs.eo)
 .debug_frame   0x00001b3c       0x34 c:/program files (x86)/microchip/xc32/v2.30/bin/bin/../../lib/gcc/pic32mx/4.8.3/../../../../pic32mx/lib\libe.a(_fixunsdfdi.o)
 .debug_frame   0x00001b70       0x20 c:/program files (x86)/microchip/xc32/v2.30/bin/bin/../../lib/gcc/pic32mx/4.8.3/../../../../pic32mx/lib\libe.a(_orderdf2.o)
 .debug_frame   0x00001b90       0x20 c:/program files (x86)/microchip/xc32/v2.30/bin/bin/../../lib/gcc/pic32mx/4.8.3/../../../../pic32mx/lib\libe.a(_fixdfdi.o)
 .debug_frame   0x00001bb0       0x2c c:/program files (x86)/microchip/xc32/v2.30/bin/bin/../../lib/gcc/pic32mx/4.8.3\libgcc.a(_floatundidf.o)
 .debug_frame   0x00001bdc       0x20 c:/program files (x86)/microchip/xc32/v2.30/bin/bin/../../lib/gcc/pic32mx/4.8.3\libgcc.a(_udivdi3.o)
 .debug_frame   0x00001bfc       0x20 c:/program files (x86)/microchip/xc32/v2.30/bin/bin/../../lib/gcc/pic32mx/4.8.3\libgcc.a(_umoddi3.o)
 .debug_frame   0x00001c1c       0x2c c:/program files (x86)/microchip/xc32/v2.30/bin/bin/../../lib/gcc/pic32mx/4.8.3\libgcc.a(floatunsidf.o)
 .debug_frame   0x00001c48       0x38 c:/program files (x86)/microchip/xc32/v2.30/bin/bin/../../lib/gcc/pic32mx/4.8.3/../../../../pic32mx/lib\libpic32.a(write.o)
 .debug_frame   0x00001c80       0x34 c:/program files (x86)/microchip/xc32/v2.30/bin/bin/../../lib/gcc/pic32mx/4.8.3/../../../../pic32mx/lib\libpic32.a(_mon_putc.o)

.debug_str      0x00000000      0x6ec
 *(.debug_str)
 .debug_str     0x00000000       0x15 build/pic32mx_sk/production/_ext/1764187882/bsp.o
 .debug_str     0x00000015       0x39 build/pic32mx_sk/production/_ext/1458591747/sys_clk_pic32mx.o
 .debug_str     0x0000004e       0x16 build/pic32mx_sk/production/_ext/374885412/sys_devcon.o
 .debug_str     0x00000064        0x6 build/pic32mx_sk/production/_ext/374885412/sys_devcon_pic32mx.o
 .debug_str     0x0000006a       0x98 build/pic32mx_sk/production/_ext/1255054701/sys_ports_static.o
 .debug_str     0x00000102        0x0 build/pic32mx_sk/production/_ext/351744058/system_init.o
 .debug_str     0x00000102        0x0 build/pic32mx_sk/production/_ext/351744058/system_interrupt.o
 .debug_str     0x00000102        0x0 build/pic32mx_sk/production/_ext/351744058/system_exceptions.o
 .debug_str     0x00000102        0x0 build/pic32mx_sk/production/_ext/351744058/system_tasks.o
 .debug_str     0x00000102        0x9 build/pic32mx_sk/production/_ext/351744058/rtos_hooks.o
 .debug_str     0x0000010b        0x0 build/pic32mx_sk/production/_ext/1360937237/app.o
 .debug_str     0x0000010b        0x0 build/pic32mx_sk/production/_ext/1360937237/app1.o
 .debug_str     0x0000010b        0x0 build/pic32mx_sk/production/_ext/1360937237/app2.o
 .debug_str     0x0000010b        0x0 build/pic32mx_sk/production/_ext/1360937237/app3.o
 .debug_str     0x0000010b        0x0 build/pic32mx_sk/production/_ext/1360937237/main.o
 .debug_str     0x0000010b       0x40 build/pic32mx_sk/production/_ext/2067596619/osal_freertos.o
 .debug_str     0x0000014b       0x1d build/pic32mx_sk/production/_ext/711155467/sys_int_pic32.o
 .debug_str     0x00000168       0x1d build/pic32mx_sk/production/_ext/427228813/heap_1.o
 .debug_str     0x00000185       0x37 build/pic32mx_sk/production/_ext/789006650/port.o
 .debug_str     0x000001bc        0x0 build/pic32mx_sk/production/_ext/161854096/croutine.o
 .debug_str     0x000001bc       0x2b build/pic32mx_sk/production/_ext/161854096/list.o
 .debug_str     0x000001e7      0x131 build/pic32mx_sk/production/_ext/161854096/queue.o
 .debug_str     0x00000318      0x1b1 build/pic32mx_sk/production/_ext/161854096/tasks.o
 .debug_str     0x000004c9        0x0 build/pic32mx_sk/production/_ext/161854096/timers.o
 .debug_str     0x000004c9       0xe6 build/pic32mx_sk/production/_ext/161854096/event_groups.o
 .debug_str     0x000005af      0x13d build/pic32mx_sk/production/_ext/161854096/stream_buffer.o
 .debug_str     0x000006ec        0x0 build/pic32mx_sk/production/_ext/1360937237/io_setup.o
 .debug_str     0x000006ec        0x0 ..\..\..\..\..\..\..\..\shiro019_accelerometer_spi.X\dist\default\production\shiro019_accelerometer_spi.X.a(accel_define.o)
 .debug_str     0x000006ec        0x0 ..\..\..\..\..\..\..\..\shiro019_accelerometer_spi.X\dist\default\production\shiro019_accelerometer_spi.X.a(accel_read_x.o)
 .debug_str     0x000006ec        0x0 ..\..\..\..\..\..\..\..\shiro019_accelerometer_spi.X\dist\default\production\shiro019_accelerometer_spi.X.a(accel_read_y.o)
 .debug_str     0x000006ec        0x0 ..\..\..\..\..\..\..\..\shiro019_accelerometer_spi.X\dist\default\production\shiro019_accelerometer_spi.X.a(accel_setup.o)
 .debug_str     0x000006ec        0x0 ..\..\..\..\..\..\..\..\shiro019_accelerometer_spi.X\dist\default\production\shiro019_accelerometer_spi.X.a(spi2_read_register.o)
 .debug_str     0x000006ec        0x0 ..\..\..\..\..\..\..\..\shiro019_accelerometer_spi.X\dist\default\production\shiro019_accelerometer_spi.X.a(spi2_setup.o)
 .debug_str     0x000006ec        0x0 ..\..\..\..\..\..\..\..\shiro019_accelerometer_spi.X\dist\default\production\shiro019_accelerometer_spi.X.a(spi2_write_register.o)
 .debug_str     0x000006ec        0x0 c:/program files (x86)/microchip/xc32/v2.30/bin/bin/../../lib/gcc/pic32mx/4.8.3/../../../../pic32mx/lib\libpic32.a(default-bootstrap-exception-handler.o)
 .debug_str     0x000006ec        0x0 c:/program files (x86)/microchip/xc32/v2.30/bin/bin/../../lib/gcc/pic32mx/4.8.3/../../../../pic32mx/lib\libpic32.a(default-on-reset.o)
 .debug_str     0x000006ec        0x0 c:/program files (x86)/microchip/xc32/v2.30/bin/bin/../../lib/gcc/pic32mx/4.8.3/../../../../pic32mx/lib\libpic32.a(default-on-bootstrap.o)
 .debug_str     0x000006ec        0x0 c:/program files (x86)/microchip/xc32/v2.30/bin/bin/../../lib/gcc/pic32mx/4.8.3/../../../../pic32mx/lib\libpic32.a(xc32_uart.o)
 .debug_str     0x000006ec        0x0 c:/program files (x86)/microchip/xc32/v2.30/bin/bin/../../lib/gcc/pic32mx/4.8.3/../../../../pic32mx/lib\libpic32.a(defaultinterrupt.o)
 .debug_str     0x000006ec        0x0 c:/program files (x86)/microchip/xc32/v2.30/bin/bin/../../lib/gcc/pic32mx/4.8.3/../../../../pic32mx/lib\libc.a(putchar.o)
 .debug_str     0x000006ec        0x0 c:/program files (x86)/microchip/xc32/v2.30/bin/bin/../../lib/gcc/pic32mx/4.8.3/../../../../pic32mx/lib\libc.a(printf_fF.eo)
 .debug_str     0x000006ec        0x0 c:/program files (x86)/microchip/xc32/v2.30/bin/bin/../../lib/gcc/pic32mx/4.8.3/../../../../pic32mx/lib\libc.a(printf_s.eo)
 .debug_str     0x000006ec        0x0 c:/program files (x86)/microchip/xc32/v2.30/bin/bin/../../lib/gcc/pic32mx/4.8.3/../../../../pic32mx/lib\libc.a(_iob.o)
 .debug_str     0x000006ec        0x0 c:/program files (x86)/microchip/xc32/v2.30/bin/bin/../../lib/gcc/pic32mx/4.8.3/../../../../pic32mx/lib\libc.a(_fputc_simple.o)